Archive member included to satisfy reference by file (symbol)

build-atmega644/libcore.a(wiring.c.o)
                              build-atmega644/OSD_Max7456.cpp.o (millis)
build-atmega644/libcore.a(wiring_digital.c.o)
                              build-atmega644/OSD_Max7456.cpp.o (pinMode)
build-atmega644/libcore.a(hooks.c.o)
                              build-atmega644/libcore.a(wiring.c.o) (yield)
build-atmega644/libcore.a(wiring_pulse.c.o)
                              build-atmega644/MinimOsd_Extra.ino.o (pulseIn)
build-atmega644/libcore.a(wiring_analog.c.o)
                              build-atmega644/MinimOsd_Extra.ino.o (analogReference)
build-atmega644/libcore.a(Print.cpp.o)
                              build-atmega644/OSD_Max7456.cpp.o (_ZN5Print5writeEPKhj)
build-atmega644/libcore.a(abi.cpp.o)
                              build-atmega644/libcore.a(Print.cpp.o) (__cxa_pure_virtual)
build-atmega644/libcore.a(main.cpp.o)
                              /usr/share/arduino-1.8.1/hardware/tools/avr.orig/bin/../lib/gcc/avr/4.9.2/../../../../avr/lib/avr5/crtatmega644p.o (main)
build-atmega644/libcore.a(wiring_pulse.S.o)
                              build-atmega644/libcore.a(wiring_pulse.c.o) (countPulseASM)
build-atmega644/libcore.a(FastSerial.cpp.o)
                              build-atmega644/MinimOsd_Extra.ino.o (_ZN10FastSerial5beginEl)
build-atmega644/libcore.a(BetterStream.cpp.o)
                              build-atmega644/OSD_Max7456.cpp.o (_ZN12BetterStream7txspaceEv)
build-atmega644/libcore.a(vprintf.cpp.o)
                              build-atmega644/libcore.a(BetterStream.cpp.o) (_ZN12BetterStream8_vprintfEhPKcPv)
build-atmega644/libcore.a(ultoa_invert.S.o)
                              build-atmega644/libcore.a(vprintf.cpp.o) (__ultoa_invert)
build-atmega644/libcore.a(ftoa_engine.S.o)
                              build-atmega644/libcore.a(vprintf.cpp.o) (__ftoa_engine)
/usr/share/arduino-1.8.1/hardware/tools/avr.orig/bin/../lib/gcc/avr/4.9.2/../../../../avr/lib/avr5/libc.a(malloc.o)
                              build-atmega644/libcore.a(FastSerial.cpp.o) (malloc)
/usr/share/arduino-1.8.1/hardware/tools/avr.orig/bin/../lib/gcc/avr/4.9.2/../../../../avr/lib/avr5/libc.a(abort.o)
                              build-atmega644/libcore.a(abi.cpp.o) (abort)
/usr/share/arduino-1.8.1/hardware/tools/avr.orig/bin/../lib/gcc/avr/4.9.2/../../../../avr/lib/avr5/libc.a(atoi.o)
                              build-atmega644/MinimOsd_Extra.ino.o (atoi)
/usr/share/arduino-1.8.1/hardware/tools/avr.orig/bin/../lib/gcc/avr/4.9.2/../../../../avr/lib/avr5/libc.a(exit.o)
                              /usr/share/arduino-1.8.1/hardware/tools/avr.orig/bin/../lib/gcc/avr/4.9.2/../../../../avr/lib/avr5/crtatmega644p.o (exit)
/usr/share/arduino-1.8.1/hardware/tools/avr.orig/bin/../lib/gcc/avr/4.9.2/../../../../avr/lib/avr5/libc.a(strnlen_P.o)
                              build-atmega644/libcore.a(vprintf.cpp.o) (strnlen_P)
/usr/share/arduino-1.8.1/hardware/tools/avr.orig/bin/../lib/gcc/avr/4.9.2/../../../../avr/lib/avr5/libc.a(strnlen.o)
                              build-atmega644/libcore.a(vprintf.cpp.o) (strnlen)
/usr/share/arduino-1.8.1/hardware/tools/avr.orig/bin/../lib/gcc/avr/4.9.2/../../../../avr/lib/avr5/libc.a(mul10.o)
                              /usr/share/arduino-1.8.1/hardware/tools/avr.orig/bin/../lib/gcc/avr/4.9.2/../../../../avr/lib/avr5/libc.a(atoi.o) (__mulhi_const_10)
/usr/share/arduino-1.8.1/hardware/tools/avr.orig/bin/../lib/gcc/avr/4.9.2/../../../../avr/lib/avr5/libc.a(addsf3.o)
                              build-atmega644/MinimOsd_Extra.ino.o (__subsf3)
/usr/share/arduino-1.8.1/hardware/tools/avr.orig/bin/../lib/gcc/avr/4.9.2/../../../../avr/lib/avr5/libc.a(addsf3x.o)
                              /usr/share/arduino-1.8.1/hardware/tools/avr.orig/bin/../lib/gcc/avr/4.9.2/../../../../avr/lib/avr5/libc.a(addsf3.o) (__addsf3x)
/usr/share/arduino-1.8.1/hardware/tools/avr.orig/bin/../lib/gcc/avr/4.9.2/../../../../avr/lib/avr5/libc.a(atan2.o)
                              build-atmega644/MinimOsd_Extra.ino.o (atan2)
/usr/share/arduino-1.8.1/hardware/tools/avr.orig/bin/../lib/gcc/avr/4.9.2/../../../../avr/lib/avr5/libc.a(atan.o)
                              /usr/share/arduino-1.8.1/hardware/tools/avr.orig/bin/../lib/gcc/avr/4.9.2/../../../../avr/lib/avr5/libc.a(atan2.o) (atan)
/usr/share/arduino-1.8.1/hardware/tools/avr.orig/bin/../lib/gcc/avr/4.9.2/../../../../avr/lib/avr5/libc.a(cmpsf2.o)
                              build-atmega644/MinimOsd_Extra.ino.o (__eqsf2)
/usr/share/arduino-1.8.1/hardware/tools/avr.orig/bin/../lib/gcc/avr/4.9.2/../../../../avr/lib/avr5/libc.a(cos.o)
                              build-atmega644/MinimOsd_Extra.ino.o (cos)
/usr/share/arduino-1.8.1/hardware/tools/avr.orig/bin/../lib/gcc/avr/4.9.2/../../../../avr/lib/avr5/libc.a(divsf3.o)
                              build-atmega644/MinimOsd_Extra.ino.o (__divsf3)
[...]
Memory Configuration

Name             Origin             Length             Attributes
text             0x00000000         0x00020000         xr
data             0x00800060         0x0000ffa0         rw !x
eeprom           0x00810000         0x00010000         rw !x
fuse             0x00820000         0x00000400         rw !x
lock             0x00830000         0x00000400         rw !x
signature        0x00840000         0x00000400         rw !x
*default*        0x00000000         0xffffffff

Linker script and memory map

Address of section .data set to 0x800100
LOAD /usr/share/arduino-1.8.1/hardware/tools/avr.orig/bin/../lib/gcc/avr/4.9.2/../../../../avr/lib/avr5/crtatmega644p.o
LOAD build-atmega644/OSD_Max7456.cpp.o
LOAD build-atmega644/Spi.cpp.o
LOAD build-atmega644/MinimOsd_Extra.ino.o
LOAD build-atmega644/libcore.a
LOAD /usr/share/arduino-1.8.1/hardware/tools/avr.orig/bin/../lib/gcc/avr/4.9.2/../../../../avr/lib/avr5/libc.a
LOAD /usr/share/arduino-1.8.1/hardware/tools/avr.orig/bin/../lib/gcc/avr/4.9.2/../../../../avr/lib/avr5/libm.a
START GROUP
LOAD /usr/share/arduino-1.8.1/hardware/tools/avr.orig/bin/../lib/gcc/avr/4.9.2/avr5/libgcc.a
LOAD /usr/share/arduino-1.8.1/hardware/tools/avr.orig/bin/../lib/gcc/avr/4.9.2/../../../../avr/lib/avr5/libm.a
LOAD /usr/share/arduino-1.8.1/hardware/tools/avr.orig/bin/../lib/gcc/avr/4.9.2/../../../../avr/lib/avr5/libc.a
LOAD /usr/share/arduino-1.8.1/hardware/tools/avr.orig/bin/../lib/gcc/avr/4.9.2/../../../../avr/lib/avr5/libatmega644p.a
END GROUP

.hash
 *(.hash)

.dynsym
 *(.dynsym)

.dynstr
 *(.dynstr)

.gnu.version
 *(.gnu.version)

.gnu.version_d
 *(.gnu.version_d)

.gnu.version_r
 *(.gnu.version_r)

.rel.init
 *(.rel.init)

.rela.init
 *(.rela.init)

.rel.text
 *(.rel.text)
 *(.rel.text.*)
 *(.rel.gnu.linkonce.t*)

.rela.text
 *(.rela.text)
 *(.rela.text.*)
 *(.rela.gnu.linkonce.t*)

.rel.fini
 *(.rel.fini)

.rela.fini
 *(.rela.fini)

.rel.rodata
 *(.rel.rodata)
 *(.rel.rodata.*)
 *(.rel.gnu.linkonce.r*)

.rela.rodata
 *(.rela.rodata)
 *(.rela.rodata.*)
 *(.rela.gnu.linkonce.r*)

.rel.data
 *(.rel.data)
 *(.rel.data.*)
 *(.rel.gnu.linkonce.d*)

.rela.data
 *(.rela.data)
 *(.rela.data.*)
 *(.rela.gnu.linkonce.d*)

.rel.ctors
 *(.rel.ctors)

.rela.ctors
 *(.rela.ctors)

.rel.dtors
 *(.rel.dtors)

.rela.dtors
 *(.rela.dtors)

.rel.got
 *(.rel.got)

.rela.got
 *(.rela.got)

.rel.bss
 *(.rel.bss)

.rela.bss
 *(.rela.bss)

.rel.plt
 *(.rel.plt)

.rela.plt
 *(.rela.plt)

.text           0x00000000     0x85ae
 *(.vectors)
 .vectors       0x00000000       0x7c /usr/share/arduino-1.8.1/hardware/tools/avr.orig/bin/../lib/gcc/avr/4.9.2/../../../../avr/lib/avr5/crtatmega644p.o
                0x00000000                __vectors
                0x00000000                __vector_default
 *(.vectors)
 *(.progmem.gcc*)
 .progmem.gcc_sw_table._Z16mavlink_one_bytec
                0x0000007c       0x16 build-atmega644/MinimOsd_Extra.ino.o
 .progmem.gcc_fplib
                0x00000092       0x2d /usr/share/arduino-1.8.1/hardware/tools/avr.orig/bin/../lib/gcc/avr/4.9.2/../../../../avr/lib/avr5/libc.a(atan.o)
 .progmem.gcc_fplib
                0x000000bf       0x1e /usr/share/arduino-1.8.1/hardware/tools/avr.orig/bin/../lib/gcc/avr/4.9.2/../../../../avr/lib/avr5/libc.a(fp_sinus.o)
 .progmem.gcc_fplib
                0x000000dd       0x23 /usr/share/arduino-1.8.1/hardware/tools/avr.orig/bin/../lib/gcc/avr/4.9.2/../../../../avr/lib/avr5/libc.a(tan.o)
                0x00000100                . = ALIGN (0x2)
                0x00000100                __trampolines_start = .
 *(.trampolines)
 .trampolines   0x00000100        0x0 linker stubs
 *(.trampolines*)
                0x00000100                __trampolines_end = .
 *(.progmem*)
 .progmem.data  0x00000100       0x15 build-atmega644/OSD_Max7456.cpp.o
 .progmem.data  0x00000115      0x95e build-atmega644/MinimOsd_Extra.ino.o
 .progmem.data  0x00000a73       0x5a build-atmega644/libcore.a(wiring_digital.c.o)
                0x00000a73                digital_pin_to_timer_PGM
                0x00000a87                digital_pin_to_bit_mask_PGM
                0x00000a9b                digital_pin_to_port_PGM
                0x00000aaf                port_to_input_PGM
                0x00000ab9                port_to_output_PGM
                0x00000ac3                port_to_mode_PGM
 .progmem.data  0x00000acd        0x8 build-atmega644/libcore.a(vprintf.cpp.o)
 .progmem.data  0x00000ad5       0xfa build-atmega644/libcore.a(ftoa_engine.S.o)
                0x00000bd0                . = ALIGN (0x2)
 *fill*         0x00000bcf        0x1 
 *(.jumptables)
 *(.jumptables*)
 *(.lowtext)
 *(.lowtext*)
                0x00000bd0                __ctors_start = .
 *(.ctors)
 .ctors         0x00000bd0        0x2 build-atmega644/MinimOsd_Extra.ino.o
                0x00000bd2                __ctors_end = .
                0x00000bd2                __dtors_start = .
 *(.dtors)
                0x00000bd2                __dtors_end = .
 SORT(*)(.ctors)
 SORT(*)(.dtors)
 *(.init0)
 .init0         0x00000bd2        0x0 /usr/share/arduino-1.8.1/hardware/tools/avr.orig/bin/../lib/gcc/avr/4.9.2/../../../../avr/lib/avr5/crtatmega644p.o
                0x00000bd2                __init
 *(.init0)
 *(.init1)
 *(.init1)
 *(.init2)
 .init2         0x00000bd2        0xc /usr/share/arduino-1.8.1/hardware/tools/avr.orig/bin/../lib/gcc/avr/4.9.2/../../../../avr/lib/avr5/crtatmega644p.o
 *(.init2)
 *(.init3)
 *(.init3)
 *(.init4)
 .init4         0x00000bde       0x16 /usr/share/arduino-1.8.1/hardware/tools/avr.orig/bin/../lib/gcc/avr/4.9.2/avr5/libgcc.a(_copy_data.o)
                0x00000bde                __do_copy_data
 .init4         0x00000bf4       0x10 /usr/share/arduino-1.8.1/hardware/tools/avr.orig/bin/../lib/gcc/avr/4.9.2/avr5/libgcc.a(_clear_bss.o)
                0x00000bf4                __do_clear_bss
 *(.init4)
 *(.init5)
 *(.init5)
 *(.init6)
 .init6         0x00000c04       0x16 /usr/share/arduino-1.8.1/hardware/tools/avr.orig/bin/../lib/gcc/avr/4.9.2/avr5/libgcc.a(_ctors.o)
                0x00000c04                __do_global_ctors
 *(.init6)
 *(.init7)
 *(.init7)
 *(.init8)
 *(.init8)
 *(.init9)
 .init9         0x00000c1a        0x8 /usr/share/arduino-1.8.1/hardware/tools/avr.orig/bin/../lib/gcc/avr/4.9.2/../../../../avr/lib/avr5/crtatmega644p.o
 *(.init9)
 *(.text)
 .text          0x00000c22        0x2 /usr/share/arduino-1.8.1/hardware/tools/avr.orig/bin/../lib/gcc/avr/4.9.2/../../../../avr/lib/avr5/crtatmega644p.o
                0x00000c22                __vector_22
                0x00000c22                __vector_1
                0x00000c22                __vector_24
                0x00000c22                __vector_12
                0x00000c22                __bad_interrupt
                0x00000c22                __vector_6
                0x00000c22                __vector_23
                0x00000c22                __vector_30
                0x00000c22                __vector_25
                0x00000c22                __vector_11
                0x00000c22                __vector_13
                0x00000c22                __vector_17
                0x00000c22                __vector_19
                0x00000c22                __vector_7
                0x00000c22                __vector_27
                0x00000c22                __vector_5
                0x00000c22                __vector_4
                0x00000c22                __vector_9
                0x00000c22                __vector_2
                0x00000c22                __vector_15
                0x00000c22                __vector_8
                0x00000c22                __vector_26
                0x00000c22                __vector_14
                0x00000c22                __vector_10
                0x00000c22                __vector_16
 .text          0x00000c24       0x8a build-atmega644/libcore.a(wiring_pulse.S.o)
                0x00000c24                countPulseASM
 .text          0x00000cae       0xbc build-atmega644/libcore.a(ultoa_invert.S.o)
                0x00000cae                __ultoa_invert
 .text          0x00000d6a      0x1b0 build-atmega644/libcore.a(ftoa_engine.S.o)
                0x00000d6a                __ftoa_engine
                0x00000f1a                . = ALIGN (0x2)
 *(.text.*)
 .text._ZN3OSD9availableEv
                0x00000f1a        0x4 build-atmega644/OSD_Max7456.cpp.o
                0x00000f1a                _ZN3OSD9availableEv
 .text._ZN3OSD4readEv
                0x00000f1e        0x4 build-atmega644/OSD_Max7456.cpp.o
                0x00000f1e                _ZN3OSD4readEv
 .text._ZN3OSD4peekEv
                0x00000f22        0x4 build-atmega644/OSD_Max7456.cpp.o
                0x00000f22                _ZN3OSD4peekEv
 .text._ZN3OSD5flushEv
                0x00000f26        0x2 build-atmega644/OSD_Max7456.cpp.o
                0x00000f26                _ZN3OSD5flushEv
 .text._Z12unplugSlavesv
                0x00000f28        0x4 build-atmega644/OSD_Max7456.cpp.o
                0x00000f28                _Z12unplugSlavesv
 .text._Z8delay_15v
                0x00000f2c        0xc build-atmega644/OSD_Max7456.cpp.o
                0x00000f2c                _Z8delay_15v
 .text._Z8MAX_modeh
                0x00000f38        0x8 build-atmega644/OSD_Max7456.cpp.o
                0x00000f38                _Z8MAX_modeh
 .text._ZN3OSD7setModeEh
                0x00000f40       0x24 build-atmega644/OSD_Max7456.cpp.o
                0x00000f40                _ZN3OSD7setModeEh
 .text._ZN3OSD10detectModeEv
                0x00000f64       0x4e build-atmega644/OSD_Max7456.cpp.o
                0x00000f64                _ZN3OSD10detectModeEv
 .text._ZN3OSD13setBrightnessEv
                0x00000fb2       0x2e build-atmega644/OSD_Max7456.cpp.o
                0x00000fb2                _ZN3OSD13setBrightnessEv
 .text._ZN3OSD6adjustEv
                0x00000fe0       0x1c build-atmega644/OSD_Max7456.cpp.o
                0x00000fe0                _ZN3OSD6adjustEv
 .text._ZN3OSD7hw_initEv
                0x00000ffc       0x30 build-atmega644/OSD_Max7456.cpp.o
                0x00000ffc                _ZN3OSD7hw_initEv
 .text._ZN3OSD5resetEv
                0x0000102c       0x40 build-atmega644/OSD_Max7456.cpp.o
                0x0000102c                _ZN3OSD5resetEv
 .text._ZN3OSD8calc_posEv
                0x0000106c       0x1e build-atmega644/OSD_Max7456.cpp.o
                0x0000106c                _ZN3OSD8calc_posEv
 .text._ZN3OSD8setPanelEhh
                0x0000108a       0x22 build-atmega644/OSD_Max7456.cpp.o
                0x0000108a                _ZN3OSD8setPanelEhh
 .text._ZN3OSD8relPanelEhh
                0x000010ac       0x22 build-atmega644/OSD_Max7456.cpp.o
                0x000010ac                _ZN3OSD8relPanelEhh
 .text._ZN3OSD9write_rawEh
                0x000010ce       0x28 build-atmega644/OSD_Max7456.cpp.o
                0x000010ce                _ZN3OSD9write_rawEh
 .text._ZN3OSD7write_SEh
                0x000010f6       0x12 build-atmega644/OSD_Max7456.cpp.o
                0x000010f6                _ZN3OSD7write_SEh
 .text._ZN3OSD5writeEh
                0x00001108        0xa build-atmega644/OSD_Max7456.cpp.o
                0x00001108                _ZN3OSD5writeEh
 .text._ZN3OSD8write_xyEhhh
                0x00001112        0xe build-atmega644/OSD_Max7456.cpp.o
                0x00001112                _ZN3OSD8write_xyEhhh
 .text._ZN3OSD6updateEv
                0x00001120       0xb0 build-atmega644/OSD_Max7456.cpp.o
                0x00001120                _ZN3OSD6updateEv
 .text._ZN3OSD9write_NVMEjPh
                0x000011d0       0x66 build-atmega644/OSD_Max7456.cpp.o
                0x000011d0                _ZN3OSD9write_NVMEjPh
 .text.crc_accumulate
                0x00001236       0x44 build-atmega644/MinimOsd_Extra.ino.o
 .text.mavlink_update_checksum
                0x0000127a        0x8 build-atmega644/MinimOsd_Extra.ino.o
 .text._ZL12get_chan_poshh
                0x00001282       0x50 build-atmega644/MinimOsd_Extra.ino.o
 .text._ZL13storeChannelsv
                0x000012d2       0x2a build-atmega644/MinimOsd_Extra.ino.o
 .text._ZL11channelDiffh
                0x000012fc       0x20 build-atmega644/MinimOsd_Extra.ino.o
 .text._ZL9move_menuc
                0x0000131c       0x58 build-atmega644/MinimOsd_Extra.ino.o
 .text._ZL13osd_print_batv
                0x00001374       0x1e build-atmega644/MinimOsd_Extra.ino.o
 .text._ZL9showArrowh
                0x00001392       0x26 build-atmega644/MinimOsd_Extra.ino.o
 .text._ZL11osd_percentv
                0x000013b8        0x4 build-atmega644/MinimOsd_Extra.ino.o
 .text._ZL9osd_blankv
                0x000013bc        0x4 build-atmega644/MinimOsd_Extra.ino.o
 .text._ZL6osd_nlv
                0x000013c0        0x4 build-atmega644/MinimOsd_Extra.ino.o
 .text._ZL12osd_setPanel5Point
                0x000013c4        0x4 build-atmega644/MinimOsd_Extra.ino.o
 .text._ZL12osd_printi_1PKci
                0x000013c8       0x22 build-atmega644/MinimOsd_Extra.ino.o
 .text._ZL8panMotor5Point
                0x000013ea       0x6e build-atmega644/MinimOsd_Extra.ino.o
 .text._ZL7panDate5Point
                0x00001458      0x118 build-atmega644/MinimOsd_Extra.ino.o
 .text._ZL13panFlightMode5Point
                0x00001570       0x7e build-atmega644/MinimOsd_Extra.ino.o
 .text._ZL10panHomeDir5Point
                0x000015ee       0x26 build-atmega644/MinimOsd_Extra.ino.o
 .text._ZL9panGPSats5Point
                0x00001614       0x6a build-atmega644/MinimOsd_Extra.ino.o
 .text._ZL7panRoll5Point
                0x0000167e        0xe build-atmega644/MinimOsd_Extra.ino.o
 .text._ZL8panPitch5Point
                0x0000168c        0xe build-atmega644/MinimOsd_Extra.ino.o
 .text._ZL17panBatteryPercent5Point
                0x0000169a       0xc2 build-atmega644/MinimOsd_Extra.ino.o
 .text._ZL6panThr5Point
                0x0000175c        0xe build-atmega644/MinimOsd_Extra.ino.o
 .text._ZL9printTimejhh
                0x0000176a       0x66 build-atmega644/MinimOsd_Extra.ino.o
 .text._ZL10panDayTime5Point
                0x000017d0       0x46 build-atmega644/MinimOsd_Extra.ino.o
 .text._ZL9printTimei
                0x00001816        0x6 build-atmega644/MinimOsd_Extra.ino.o
 .text._ZL12osd_printf_2PKcfh
                0x0000181c       0x38 build-atmega644/MinimOsd_Extra.ino.o
 .text._ZL7panTemp5Point
                0x00001854       0x9a build-atmega644/MinimOsd_Extra.ino.o
 .text._ZL12osd_printf_1PKcf
                0x000018ee        0x4 build-atmega644/MinimOsd_Extra.ino.o
 .text._ZL7panHdop5Point
                0x000018f2       0x26 build-atmega644/MinimOsd_Extra.ino.o
 .text._ZL8panPower5Point
                0x00001918       0x16 build-atmega644/MinimOsd_Extra.ino.o
 .text._ZL11showHorizonv
                0x0000192e      0x320 build-atmega644/MinimOsd_Extra.ino.o
 .text._Z11setup_horizv
                0x00001c4e        0x8 build-atmega644/MinimOsd_Extra.ino.o
                0x00001c4e                _Z11setup_horizv
 .text._ZL10panMessage5Point
                0x00001c56       0xee build-atmega644/MinimOsd_Extra.ino.o
 .text._ZL11panCALLSIGN5Point
                0x00001d44       0x24 build-atmega644/MinimOsd_Extra.ino.o
 .text._Z9touchPinsv
                0x00001d68       0x6e build-atmega644/MinimOsd_Extra.ino.o
                0x00001d68                _Z9touchPinsv
 .text._ZL14serial_print_SPKc
                0x00001dd6        0xa build-atmega644/MinimOsd_Extra.ino.o
 .text._ZL9print_rffv
                0x00001de0        0x6 build-atmega644/MinimOsd_Extra.ino.o
 .text._ZL10diff_coordRfS_.isra.6
                0x00001de6       0x10 build-atmega644/MinimOsd_Extra.ino.o
 .text._ZL10coord_fracRfh.isra.7
                0x00001df6       0x62 build-atmega644/MinimOsd_Extra.ino.o
 .text._ZL12printTimeCnvPmh.isra.9
                0x00001e58       0x1e build-atmega644/MinimOsd_Extra.ino.o
 .text._ZL7panTime5Point
                0x00001e76       0x18 build-atmega644/MinimOsd_Extra.ino.o
 .text._ZL12print_energy5Point.isra.12
                0x00001e8e       0x46 build-atmega644/MinimOsd_Extra.ino.o
 .text._ZL11print_coord5PointPf.isra.14
                0x00001ed4       0x6c build-atmega644/MinimOsd_Extra.ino.o
 .text._ZL10panGPS_lon5Point
                0x00001f40        0x8 build-atmega644/MinimOsd_Extra.ino.o
 .text._ZL10panGPS_lat5Point
                0x00001f48        0x8 build-atmega644/MinimOsd_Extra.ino.o
 .text._ZL12osd_printi_2PKcjj.constprop.32
                0x00001f50       0x2e build-atmega644/MinimOsd_Extra.ino.o
 .text._ZL5panCh5Point
                0x00001f7e       0x30 build-atmega644/MinimOsd_Extra.ino.o
 .text._ZN10FastSerial11available_SEv
                0x00001fae       0x10 build-atmega644/MinimOsd_Extra.ino.o
                0x00001fae                _ZN10FastSerial11available_SEv
 .text.__vector_20
                0x00001fbe       0x76 build-atmega644/MinimOsd_Extra.ino.o
                0x00001fbe                __vector_20
 .text.__vector_21
                0x00002034       0x9c build-atmega644/MinimOsd_Extra.ino.o
                0x00002034                __vector_21
 .text.__vector_28
                0x000020d0       0x76 build-atmega644/MinimOsd_Extra.ino.o
                0x000020d0                __vector_28
 .text.__vector_29
                0x00002146       0x9c build-atmega644/MinimOsd_Extra.ino.o
                0x00002146                __vector_29
 .text._Z15eeprom_read_lenPhjj
                0x000021e2       0x38 build-atmega644/MinimOsd_Extra.ino.o
                0x000021e2                _Z15eeprom_read_lenPhjj
 .text._ZL11printSensorh
                0x0000221a       0x82 build-atmega644/MinimOsd_Extra.ino.o
 .text._ZL9panSensor5Pointh.isra.18
                0x0000229c       0x2a build-atmega644/MinimOsd_Extra.ino.o
 .text._ZL10panSensor45Point
                0x000022c6        0x6 build-atmega644/MinimOsd_Extra.ino.o
 .text._ZL10panSensor35Point
                0x000022cc        0x6 build-atmega644/MinimOsd_Extra.ino.o
 .text._ZL10panSensor25Point
                0x000022d2        0x6 build-atmega644/MinimOsd_Extra.ino.o
 .text._ZL10panSensor15Point
                0x000022d8        0x6 build-atmega644/MinimOsd_Extra.ino.o
 .text._Z10setup_sensv
                0x000022de       0x1c build-atmega644/MinimOsd_Extra.ino.o
                0x000022de                _Z10setup_sensv
 .text._Z16eeprom_write_lenPhjj
                0x000022fa       0x42 build-atmega644/MinimOsd_Extra.ino.o
                0x000022fa                _Z16eeprom_write_lenPhjj
 .text._Z19print_eeprom_stringhPFvhE
                0x0000233c       0x44 build-atmega644/MinimOsd_Extra.ino.o
                0x0000233c                _Z19print_eeprom_stringhPFvhE
 .text._Z11osd_print_SPKc
                0x00002380        0xa build-atmega644/MinimOsd_Extra.ino.o
                0x00002380                _Z11osd_print_SPKc
 .text._ZL8panVario5Point
                0x0000238a       0xd4 build-atmega644/MinimOsd_Extra.ino.o
 .text._ZL7panVibe5Point
                0x0000245e       0x4a build-atmega644/MinimOsd_Extra.ino.o
 .text._ZL7panRose5Point
                0x000024a8       0xb2 build-atmega644/MinimOsd_Extra.ino.o
 .text._ZL6panGPS5Point
                0x0000255a       0xba build-atmega644/MinimOsd_Extra.ino.o
 .text._Z9MAX_writehh
                0x00002614       0x16 build-atmega644/MinimOsd_Extra.ino.o
                0x00002614                _Z9MAX_writehh
 .text._Z8MAX_readh
                0x0000262a       0x18 build-atmega644/MinimOsd_Extra.ino.o
                0x0000262a                _Z8MAX_readh
 .text._Z11delay_telemv
                0x00002642        0x8 build-atmega644/MinimOsd_Extra.ino.o
                0x00002642                _Z11delay_telemv
 .text._Z10delay_bytev
                0x0000264a        0xe build-atmega644/MinimOsd_Extra.ino.o
                0x0000264a                _Z10delay_bytev
 .text._Z11get_alt_num5Point
                0x00002658       0x20 build-atmega644/MinimOsd_Extra.ino.o
                0x00002658                _Z11get_alt_num5Point
 .text._ZL9panCValue5Point
                0x00002678       0x3e build-atmega644/MinimOsd_Extra.ino.o
 .text._ZL8panScale5Point
                0x000026b6       0x50 build-atmega644/MinimOsd_Extra.ino.o
 .text._ZL8panState5Point
                0x00002706       0x3e build-atmega644/MinimOsd_Extra.ino.o
 .text._Z14get_alt_filter5Point
                0x00002744       0x32 build-atmega644/MinimOsd_Extra.ino.o
                0x00002744                _Z14get_alt_filter5Point
 .text._ZL8panClimb5Point
                0x00002776       0xb4 build-atmega644/MinimOsd_Extra.ino.o
 .text._Z9readPanelh
                0x0000282a       0x38 build-atmega644/MinimOsd_Extra.ino.o
                0x0000282a                _Z9readPanelh
 .text._Z11millis_plusPmj
                0x00002862       0x2e build-atmega644/MinimOsd_Extra.ino.o
                0x00002862                _Z11millis_plusPmj
 .text._Z9long_plusPmj
                0x00002890       0x1e build-atmega644/MinimOsd_Extra.ino.o
                0x00002890                _Z9long_plusPmj
 .text._Z12get_converthv
                0x000028ae       0x14 build-atmega644/MinimOsd_Extra.ino.o
                0x000028ae                _Z12get_converthv
 .text._ZL13printFullDistf
                0x000028c2       0xa0 build-atmega644/MinimOsd_Extra.ino.o
 .text._ZL10panHomeDis5Point
                0x00002962       0x2e build-atmega644/MinimOsd_Extra.ino.o
 .text._ZL10panHomeAlt5Point
                0x00002990       0x36 build-atmega644/MinimOsd_Extra.ino.o
 .text._ZL11panDistance5Point
                0x000029c6       0x12 build-atmega644/MinimOsd_Extra.ino.o
 .text._Z12get_convertsv
                0x000029d8       0x12 build-atmega644/MinimOsd_Extra.ino.o
                0x000029d8                _Z12get_convertsv
 .text._ZL13printSpeedCnvPKcPfh.isra.21
                0x000029ea       0x5a build-atmega644/MinimOsd_Extra.ino.o
 .text._ZL11panAirSpeed5Point
                0x00002a44       0x1c build-atmega644/MinimOsd_Extra.ino.o
 .text._ZL6panVel5Point
                0x00002a60       0x1c build-atmega644/MinimOsd_Extra.ino.o
 .text._ZL10print_listPK7Formatsh
                0x00002a7c       0xfc build-atmega644/MinimOsd_Extra.ino.o
 .text._ZL7panTune5Point
                0x00002b78        0x8 build-atmega644/MinimOsd_Extra.ino.o
 .text._ZL8panFdata5Point
                0x00002b80       0x62 build-atmega644/MinimOsd_Extra.ino.o
 .text._ZL7panWarn5Point
                0x00002be2      0x20a build-atmega644/MinimOsd_Extra.ino.o
 .text._Z9f_div1000f
                0x00002dec        0xc build-atmega644/MinimOsd_Extra.ino.o
                0x00002dec                _Z9f_div1000f
 .text._ZL13panRadarScale5Point
                0x00002df8       0x7a build-atmega644/MinimOsd_Extra.ino.o
 .text._ZL9printVoltjh
                0x00002e72       0x30 build-atmega644/MinimOsd_Extra.ino.o
 .text._ZL6panAlt5Point
                0x00002ea2       0x70 build-atmega644/MinimOsd_Extra.ino.o
 .text._Z17mav_message_starthh
                0x00002f12       0x22 build-atmega644/MinimOsd_Extra.ino.o
                0x00002f12                _Z17mav_message_starthh
 .text._Z15normalize_anglei
                0x00002f34       0x18 build-atmega644/MinimOsd_Extra.ino.o
                0x00002f34                _Z15normalize_anglei
 .text._Z10time_sincePm
                0x00002f4c       0x1a build-atmega644/MinimOsd_Extra.ino.o
                0x00002f4c                _Z10time_sincePm
 .text._Z15get_switch_timeh
                0x00002f66       0x1e build-atmega644/MinimOsd_Extra.ino.o
                0x00002f66                _Z15get_switch_timeh
 .text._Z14doScreenSwitchv
                0x00002f84       0x22 build-atmega644/MinimOsd_Extra.ino.o
                0x00002f84                _Z14doScreenSwitchv
 .text._Z12grad_to_secti
                0x00002fa6       0x1c build-atmega644/MinimOsd_Extra.ino.o
                0x00002fa6                _Z12grad_to_secti
 .text._ZL8panWPDis5Point
                0x00002fc2       0xd8 build-atmega644/MinimOsd_Extra.ino.o
 .text._ZL6panCOG5Point
                0x0000309a       0x46 build-atmega644/MinimOsd_Extra.ino.o
 .text._Z8calc_maxRff
                0x000030e0       0x3c build-atmega644/MinimOsd_Extra.ino.o
                0x000030e0                _Z8calc_maxRff
 .text._Z6filterRffh
                0x0000311c       0x9c build-atmega644/MinimOsd_Extra.ino.o
                0x0000311c                _Z6filterRffh
 .text._ZL9panBatt_B5Point
                0x000031b8       0x6a build-atmega644/MinimOsd_Extra.ino.o
 .text._ZL9panBatt_A5Point
                0x00003222       0x4c build-atmega644/MinimOsd_Extra.ino.o
 .text._ZL8panCur_A5Point
                0x0000326e       0x66 build-atmega644/MinimOsd_Extra.ino.o
 .text._ZL12panWindSpeed5Point
                0x000032d4       0x8e build-atmega644/MinimOsd_Extra.ino.o
 .text._ZL7panRSSI5Point
                0x00003362       0x56 build-atmega644/MinimOsd_Extra.ino.o
 .text._ZL11calc_energyv
                0x000033b8       0x78 build-atmega644/MinimOsd_Extra.ino.o
 .text._ZL6panEff5Point
                0x00003430      0x27c build-atmega644/MinimOsd_Extra.ino.o
 .text._Z6filterRff
                0x000036ac        0x4 build-atmega644/MinimOsd_Extra.ino.o
                0x000036ac                _Z6filterRff
 .text._Z9float_addRff
                0x000036b0       0x24 build-atmega644/MinimOsd_Extra.ino.o
                0x000036b0                _Z9float_addRff
 .text._Z12setFdataVarsv
                0x000036d4      0x31c build-atmega644/MinimOsd_Extra.ino.o
                0x000036d4                _Z12setFdataVarsv
 .text._Z8gps_normRfl
                0x000039f0       0x28 build-atmega644/MinimOsd_Extra.ino.o
                0x000039f0                _Z8gps_normRfl
 .text._Z12set_data_gotv
                0x00003a18       0x42 build-atmega644/MinimOsd_Extra.ino.o
                0x00003a18                _Z12set_data_gotv
 .text._Z12generate_PWMb
                0x00003a5a       0x9e build-atmega644/MinimOsd_Extra.ino.o
                0x00003a5a                _Z12generate_PWMb
 .text._Z9delay_150v
                0x00003af8        0xc build-atmega644/MinimOsd_Extra.ino.o
                0x00003af8                _Z9delay_150v
 .text._Z4logov
                0x00003b04       0x44 build-atmega644/MinimOsd_Extra.ino.o
                0x00003b04                _Z4logov
 .text._Z10radar_charv
                0x00003b48       0x46 build-atmega644/MinimOsd_Extra.ino.o
                0x00003b48                _Z10radar_charv
 .text._ZL10panHeading5Point
                0x00003b8e       0x20 build-atmega644/MinimOsd_Extra.ino.o
 .text._ZL10panHorizon5Point
                0x00003bae      0x380 build-atmega644/MinimOsd_Extra.ino.o
 .text._Z11writePanelsm
                0x00003f2e      0x83a build-atmega644/MinimOsd_Extra.ino.o
                0x00003f2e                _Z11writePanelsm
 .text.__vector_3
                0x00004768       0xa6 build-atmega644/MinimOsd_Extra.ino.o
                0x00004768                __vector_3
 .text._Z7avgRSSIj
                0x0000480e       0x4e build-atmega644/MinimOsd_Extra.ino.o
                0x0000480e                _Z7avgRSSIj
 .text._Z17normalize_voltagei
                0x0000485c       0x16 build-atmega644/MinimOsd_Extra.ino.o
                0x0000485c                _Z17normalize_voltagei
 .text._Z7On100msv
                0x00004872      0x4a6 build-atmega644/MinimOsd_Extra.ino.o
                0x00004872                _Z7On100msv
 .text._Z6On20msv
                0x00004d18        0x6 build-atmega644/MinimOsd_Extra.ino.o
                0x00004d18                _Z6On20msv
 .text.startup._GLOBAL__sub_I_sets
                0x00004d1e       0xa6 build-atmega644/MinimOsd_Extra.ino.o
 .text._mavlink_send_uart.isra.17
                0x00004dc4       0x2c build-atmega644/MinimOsd_Extra.ino.o
 .text._mav_finalize_message_chan_send.constprop.124
                0x00004df0       0xb0 build-atmega644/MinimOsd_Extra.ino.o
 .text._Z9heartBeatv
                0x00004ea0       0x50 build-atmega644/MinimOsd_Extra.ino.o
                0x00004ea0                _Z9heartBeatv
 .text._Z21request_mavlink_ratesv
                0x00004ef0       0x68 build-atmega644/MinimOsd_Extra.ino.o
                0x00004ef0                _Z21request_mavlink_ratesv
 .text._Z21mavlink_return_packethhh
                0x00004f58       0x8c build-atmega644/MinimOsd_Extra.ino.o
                0x00004f58                _Z21mavlink_return_packethhh
 .text._Z16parse_osd_packetPh
                0x00004fe4       0x9a build-atmega644/MinimOsd_Extra.ino.o
                0x00004fe4                _Z16parse_osd_packetPh
 .text._Z16mavlink_one_bytec
                0x0000507e      0xaf6 build-atmega644/MinimOsd_Extra.ino.o
                0x0000507e                _Z16mavlink_one_bytec
 .text._Z13getSerialLinePcPFvvE
                0x00005b74       0x66 build-atmega644/MinimOsd_Extra.ino.o
                0x00005b74                _Z13getSerialLinePcPFvvE
 .text.setup    0x00005bda      0x162 build-atmega644/MinimOsd_Extra.ino.o
                0x00005bda                setup
 .text._Z12read_mavlinkv
                0x00005d3c       0xda build-atmega644/MinimOsd_Extra.ino.o
                0x00005d3c                _Z12read_mavlinkv
 .text.loop     0x00005e16      0xa84 build-atmega644/MinimOsd_Extra.ino.o
                0x00005e16                loop
 .text.__vector_18
                0x0000689a       0x94 build-atmega644/libcore.a(wiring.c.o)
                0x0000689a                __vector_18
 .text.millis   0x0000692e       0x18 build-atmega644/libcore.a(wiring.c.o)
                0x0000692e                millis
 .text.micros   0x00006946       0x4a build-atmega644/libcore.a(wiring.c.o)
                0x00006946                micros
 .text.delay    0x00006990       0x72 build-atmega644/libcore.a(wiring.c.o)
                0x00006990                delay
 .text.delayMicroseconds
                0x00006a02       0x16 build-atmega644/libcore.a(wiring.c.o)
                0x00006a02                delayMicroseconds
 .text.init     0x00006a18       0x46 build-atmega644/libcore.a(wiring.c.o)
                0x00006a18                init
 .text.pinMode  0x00006a5e       0x78 build-atmega644/libcore.a(wiring_digital.c.o)
                0x00006a5e                pinMode
 .text.digitalWrite
                0x00006ad6       0x40 build-atmega644/libcore.a(wiring_digital.c.o)
                0x00006ad6                digitalWrite
 .text.digitalRead
                0x00006b16       0x30 build-atmega644/libcore.a(wiring_digital.c.o)
                0x00006b16                digitalRead
 .text.__empty  0x00006b46        0x2 build-atmega644/libcore.a(hooks.c.o)
                0x00006b46                yield
 .text.pulseIn  0x00006b48       0x64 build-atmega644/libcore.a(wiring_pulse.c.o)
                0x00006b48                pulseIn
 .text.analogReference
                0x00006bac        0x6 build-atmega644/libcore.a(wiring_analog.c.o)
                0x00006bac                analogReference
 .text.analogRead
                0x00006bb2       0x3a build-atmega644/libcore.a(wiring_analog.c.o)
                0x00006bb2                analogRead
 .text._ZN5Print5writeEPKhj
                0x00006bec       0x4a build-atmega644/libcore.a(Print.cpp.o)
                0x00006bec                _ZN5Print5writeEPKhj
 .text._ZN5Print5writeEPKc
                0x00006c36       0x2c build-atmega644/libcore.a(Print.cpp.o)
                0x00006c36                _ZN5Print5writeEPKc
 .text._ZN5Print5printEPKc
                0x00006c62        0x4 build-atmega644/libcore.a(Print.cpp.o)
                0x00006c62                _ZN5Print5printEPKc
 .text._ZN5Print5printEc
                0x00006c66       0x10 build-atmega644/libcore.a(Print.cpp.o)
                0x00006c66                _ZN5Print5printEc
 .text._ZN5Print7printlnEv
                0x00006c76        0x6 build-atmega644/libcore.a(Print.cpp.o)
                0x00006c76                _ZN5Print7printlnEv
 .text._ZN5Print11printNumberEmh
                0x00006c7c       0x90 build-atmega644/libcore.a(Print.cpp.o)
                0x00006c7c                _ZN5Print11printNumberEmh
 .text._ZN5Print5printEmi
                0x00006d0c       0x1a build-atmega644/libcore.a(Print.cpp.o)
                0x00006d0c                _ZN5Print5printEmi
 .text._ZN5Print7printlnEmi
                0x00006d26       0x20 build-atmega644/libcore.a(Print.cpp.o)
                0x00006d26                _ZN5Print7printlnEmi
 .text._ZN5Print5printEji
                0x00006d46        0xa build-atmega644/libcore.a(Print.cpp.o)
                0x00006d46                _ZN5Print5printEji
 .text._ZN5Print5printEli
                0x00006d50       0x68 build-atmega644/libcore.a(Print.cpp.o)
                0x00006d50                _ZN5Print5printEli
 .text._ZN5Print5printEii
                0x00006db8        0xc build-atmega644/libcore.a(Print.cpp.o)
                0x00006db8                _ZN5Print5printEii
 .text.initVariant
                0x00006dc4        0x2 build-atmega644/libcore.a(main.cpp.o)
                0x00006dc4                initVariant
 .text.startup.main
                0x00006dc6        0xc build-atmega644/libcore.a(main.cpp.o)
                0x00006dc6                main
 .text._ZN10FastSerial5beginEl
                0x00006dd2       0x20 build-atmega644/libcore.a(FastSerial.cpp.o)
                0x00006dd2                _ZN10FastSerial5beginEl
 .text._ZN10FastSerial9availableEv
                0x00006df2       0x28 build-atmega644/libcore.a(FastSerial.cpp.o)
                0x00006df2                _ZN10FastSerial9availableEv
 .text._ZN10FastSerial7txspaceEv
                0x00006e1a       0x2c build-atmega644/libcore.a(FastSerial.cpp.o)
                0x00006e1a                _ZN10FastSerial7txspaceEv
 .text._ZN10FastSerial4readEv
                0x00006e46       0x4a build-atmega644/libcore.a(FastSerial.cpp.o)
                0x00006e46                _ZN10FastSerial4readEv
 .text._ZN10FastSerial4peekEv
                0x00006e90       0x38 build-atmega644/libcore.a(FastSerial.cpp.o)
                0x00006e90                _ZN10FastSerial4peekEv
 .text._ZN10FastSerial5flushEv
                0x00006ec8       0x24 build-atmega644/libcore.a(FastSerial.cpp.o)
                0x00006ec8                _ZN10FastSerial5flushEv
 .text._ZN10FastSerial5writeEh
                0x00006eec       0x78 build-atmega644/libcore.a(FastSerial.cpp.o)
                0x00006eec                _ZN10FastSerial5writeEh
 .text._ZN10FastSerialC2EhPVhS1_S1_S1_hhh
                0x00006f64       0x8a build-atmega644/libcore.a(FastSerial.cpp.o)
                0x00006f64                _ZN10FastSerialC2EhPVhS1_S1_S1_hhh
                0x00006f64                _ZN10FastSerialC1EhPVhS1_S1_S1_hhh
 .text._ZN10FastSerial4waitEv
                0x00006fee       0x1a build-atmega644/libcore.a(FastSerial.cpp.o)
                0x00006fee                _ZN10FastSerial4waitEv
 .text._ZN10FastSerial12_allocBufferEPNS_6BufferEj
                0x00007008       0x92 build-atmega644/libcore.a(FastSerial.cpp.o)
                0x00007008                _ZN10FastSerial12_allocBufferEPNS_6BufferEj
 .text._ZN10FastSerial5beginEljj
                0x0000709a      0x13c build-atmega644/libcore.a(FastSerial.cpp.o)
                0x0000709a                _ZN10FastSerial5beginEljj
 .text._ZN10FastSerial11_freeBufferEPNS_6BufferE
                0x000071d6       0x28 build-atmega644/libcore.a(FastSerial.cpp.o)
                0x000071d6                _ZN10FastSerial11_freeBufferEPNS_6BufferE
 .text._ZN10FastSerial3endEv
                0x000071fe       0x2c build-atmega644/libcore.a(FastSerial.cpp.o)
                0x000071fe                _ZN10FastSerial3endEv
 .text._ZN12BetterStream7txspaceEv
                0x0000722a        0x4 build-atmega644/libcore.a(BetterStream.cpp.o)
                0x0000722a                _ZN12BetterStream7txspaceEv
 .text._ZN12BetterStream7print_PEPKc
                0x0000722e       0x34 build-atmega644/libcore.a(BetterStream.cpp.o)
                0x0000722e                _ZN12BetterStream7print_PEPKc
 .text._ZN12BetterStream9println_PEPKc
                0x00007262       0x12 build-atmega644/libcore.a(BetterStream.cpp.o)
                0x00007262                _ZN12BetterStream9println_PEPKc
 .text._ZN12BetterStream6printfEPKcz
                0x00007274       0x24 build-atmega644/libcore.a(BetterStream.cpp.o)
                0x00007274                _ZN12BetterStream6printfEPKcz
 .text._ZN12BetterStream9_printf_PEPKcz
                0x00007298       0x24 build-atmega644/libcore.a(BetterStream.cpp.o)
                0x00007298                _ZN12BetterStream9_printf_PEPKcz
 .text._ZN8MyStream6_writeEh
                0x000072bc       0x10 build-atmega644/libcore.a(vprintf.cpp.o)
                0x000072bc                _ZN8MyStream6_writeEh
 .text._ZN12BetterStream8_vprintfEhPKcPv
                0x000072cc      0x6ae build-atmega644/libcore.a(vprintf.cpp.o)
                0x000072cc                _ZN12BetterStream8_vprintfEhPKcPv
 .text.avr-libc
                0x0000797a      0x25a /usr/share/arduino-1.8.1/hardware/tools/avr.orig/bin/../lib/gcc/avr/4.9.2/../../../../avr/lib/avr5/libc.a(malloc.o)
                0x0000797a                malloc
                0x00007aa4                free
 .text.avr-libc
                0x00007bd4       0x3a /usr/share/arduino-1.8.1/hardware/tools/avr.orig/bin/../lib/gcc/avr/4.9.2/../../../../avr/lib/avr5/libc.a(atoi.o)
                0x00007bd4                atoi
 .text.avr-libc
                0x00007c0e        0x4 /usr/share/arduino-1.8.1/hardware/tools/avr.orig/bin/../lib/gcc/avr/4.9.2/../../../../avr/lib/avr5/libc.a(exit.o)
                0x00007c0e                exit
 .text.avr-libc
                0x00007c12       0x16 /usr/share/arduino-1.8.1/hardware/tools/avr.orig/bin/../lib/gcc/avr/4.9.2/../../../../avr/lib/avr5/libc.a(strnlen_P.o)
                0x00007c12                strnlen_P
 .text.avr-libc
                0x00007c28       0x16 /usr/share/arduino-1.8.1/hardware/tools/avr.orig/bin/../lib/gcc/avr/4.9.2/../../../../avr/lib/avr5/libc.a(strnlen.o)
                0x00007c28                strnlen
 .text.avr-libc
                0x00007c3e       0x10 /usr/share/arduino-1.8.1/hardware/tools/avr.orig/bin/../lib/gcc/avr/4.9.2/../../../../avr/lib/avr5/libc.a(mul10.o)
                0x00007c3e                __mulhi_const_10
 .text.avr-libc.fplib
                0x00007c4e        0xa /usr/share/arduino-1.8.1/hardware/tools/avr.orig/bin/../lib/gcc/avr/4.9.2/../../../../avr/lib/avr5/libc.a(addsf3.o)
                0x00007c4e                __subsf3
                0x00007c50                __addsf3
 .text.avr-libc.fplib
                0x00007c58       0xc0 /usr/share/arduino-1.8.1/hardware/tools/avr.orig/bin/../lib/gcc/avr/4.9.2/../../../../avr/lib/avr5/libc.a(addsf3x.o)
                0x00007c72                __addsf3x
 .text.avr-libc.fplib
                0x00007d18       0x74 /usr/share/arduino-1.8.1/hardware/tools/avr.orig/bin/../lib/gcc/avr/4.9.2/../../../../avr/lib/avr5/libc.a(atan2.o)
                0x00007d36                atan2
 .text.avr-libc.fplib
                0x00007d8c       0x50 /usr/share/arduino-1.8.1/hardware/tools/avr.orig/bin/../lib/gcc/avr/4.9.2/../../../../avr/lib/avr5/libc.a(atan.o)
                0x00007d8c                atan
 .text.avr-libc.fplib
                0x00007ddc        0x8 /usr/share/arduino-1.8.1/hardware/tools/avr.orig/bin/../lib/gcc/avr/4.9.2/../../../../avr/lib/avr5/libc.a(cmpsf2.o)
                0x00007ddc                __lesf2
                0x00007ddc                __nesf2
                0x00007ddc                __eqsf2
                0x00007ddc                __cmpsf2
                0x00007ddc                __ltsf2
 .text.avr-libc.fplib
                0x00007de4        0x6 /usr/share/arduino-1.8.1/hardware/tools/avr.orig/bin/../lib/gcc/avr/4.9.2/../../../../avr/lib/avr5/libc.a(cos.o)
                0x00007de4                cos
 .text.avr-libc.fplib
                0x00007dea        0x4 /usr/share/arduino-1.8.1/hardware/tools/avr.orig/bin/../lib/gcc/avr/4.9.2/../../../../avr/lib/avr5/libc.a(divsf3.o)
                0x00007dea                __divsf3
 .text.avr-libc.fplib
                0x00007dee       0xcc /usr/share/arduino-1.8.1/hardware/tools/avr.orig/bin/../lib/gcc/avr/4.9.2/../../../../avr/lib/avr5/libc.a(divsf3x.o)
                0x00007e04                __divsf3x
                0x00007e08                __divsf3_pse
 .text.avr-libc.fplib
                0x00007eba        0xa /usr/share/arduino-1.8.1/hardware/tools/avr.orig/bin/../lib/gcc/avr/4.9.2/../../../../avr/lib/avr5/libc.a(fixsfsi.o)
                0x00007eba                __fixsfsi
 .text.avr-libc.fplib
                0x00007ec4       0x58 /usr/share/arduino-1.8.1/hardware/tools/avr.orig/bin/../lib/gcc/avr/4.9.2/../../../../avr/lib/avr5/libc.a(fixunssfsi.o)
                0x00007ec4                __fixunssfsi
 .text.avr-libc.fplib
                0x00007f1c       0x7a /usr/share/arduino-1.8.1/hardware/tools/avr.orig/bin/../lib/gcc/avr/4.9.2/../../../../avr/lib/avr5/libc.a(floatsisf.o)
                0x00007f1c                __floatunsisf
                0x00007f20                __floatsisf
 .text.avr-libc.fplib
                0x00007f96       0x48 /usr/share/arduino-1.8.1/hardware/tools/avr.orig/bin/../lib/gcc/avr/4.9.2/../../../../avr/lib/avr5/libc.a(fp_cmp.o)
                0x00007f96                __fp_cmp
 .text.avr-libc.fplib
                0x00007fde        0xc /usr/share/arduino-1.8.1/hardware/tools/avr.orig/bin/../lib/gcc/avr/4.9.2/../../../../avr/lib/avr5/libc.a(fp_inf.o)
                0x00007fde                __fp_inf
 .text.avr-libc.fplib
                0x00007fea        0x6 /usr/share/arduino-1.8.1/hardware/tools/avr.orig/bin/../lib/gcc/avr/4.9.2/../../../../avr/lib/avr5/libc.a(fp_nan.o)
                0x00007fea                __fp_nan
 .text.avr-libc.fplib
                0x00007ff0       0x4a /usr/share/arduino-1.8.1/hardware/tools/avr.orig/bin/../lib/gcc/avr/4.9.2/../../../../avr/lib/avr5/libc.a(fp_powser.o)
                0x00007ff0                __fp_powser
 .text.avr-libc.fplib
                0x0000803a        0xe /usr/share/arduino-1.8.1/hardware/tools/avr.orig/bin/../lib/gcc/avr/4.9.2/../../../../avr/lib/avr5/libc.a(fp_pscA.o)
                0x0000803a                __fp_pscA
 .text.avr-libc.fplib
                0x00008048        0xe /usr/share/arduino-1.8.1/hardware/tools/avr.orig/bin/../lib/gcc/avr/4.9.2/../../../../avr/lib/avr5/libc.a(fp_pscB.o)
                0x00008048                __fp_pscB
 .text.avr-libc.fplib
                0x00008056       0x50 /usr/share/arduino-1.8.1/hardware/tools/avr.orig/bin/../lib/gcc/avr/4.9.2/../../../../avr/lib/avr5/libc.a(fp_rempio2.o)
                0x00008058                __fp_rempio2
 .text.avr-libc.fplib
                0x000080a6       0x22 /usr/share/arduino-1.8.1/hardware/tools/avr.orig/bin/../lib/gcc/avr/4.9.2/../../../../avr/lib/avr5/libc.a(fp_round.o)
                0x000080a6                __fp_round
 .text.avr-libc.fplib
                0x000080c8       0x22 /usr/share/arduino-1.8.1/hardware/tools/avr.orig/bin/../lib/gcc/avr/4.9.2/../../../../avr/lib/avr5/libc.a(fp_sinus.o)
                0x000080c8                __fp_sinus
 .text.avr-libc.fplib
                0x000080ea       0x44 /usr/share/arduino-1.8.1/hardware/tools/avr.orig/bin/../lib/gcc/avr/4.9.2/../../../../avr/lib/avr5/libc.a(fp_split3.o)
                0x000080ea                __fp_split3
                0x000080fa                __fp_splitA
 .text.avr-libc.fplib
                0x0000812e        0xe /usr/share/arduino-1.8.1/hardware/tools/avr.orig/bin/../lib/gcc/avr/4.9.2/../../../../avr/lib/avr5/libc.a(fp_zero.o)
                0x0000812e                __fp_zero
                0x00008130                __fp_szero
 .text.avr-libc.fplib
                0x0000813c        0x8 /usr/share/arduino-1.8.1/hardware/tools/avr.orig/bin/../lib/gcc/avr/4.9.2/../../../../avr/lib/avr5/libc.a(gesf2.o)
                0x0000813c                __gtsf2
                0x0000813c                __gesf2
 .text.avr-libc.fplib
                0x00008144        0xe /usr/share/arduino-1.8.1/hardware/tools/avr.orig/bin/../lib/gcc/avr/4.9.2/../../../../avr/lib/avr5/libc.a(inverse.o)
                0x00008144                inverse
 .text.avr-libc.fplib
                0x00008152        0x4 /usr/share/arduino-1.8.1/hardware/tools/avr.orig/bin/../lib/gcc/avr/4.9.2/../../../../avr/lib/avr5/libc.a(mulsf3.o)
                0x00008152                __mulsf3
 .text.avr-libc.fplib
                0x00008156       0xc2 /usr/share/arduino-1.8.1/hardware/tools/avr.orig/bin/../lib/gcc/avr/4.9.2/../../../../avr/lib/avr5/libc.a(mulsf3x.o)
                0x0000816a                __mulsf3x
                0x0000816e                __mulsf3_pse
 .text.avr-libc.fplib
                0x00008218       0x84 /usr/share/arduino-1.8.1/hardware/tools/avr.orig/bin/../lib/gcc/avr/4.9.2/../../../../avr/lib/avr5/libc.a(sqrt.o)
                0x00008220                sqrt
                0x00008220                sqrtf
 .text.avr-libc.fplib
                0x0000829c        0x6 /usr/share/arduino-1.8.1/hardware/tools/avr.orig/bin/../lib/gcc/avr/4.9.2/../../../../avr/lib/avr5/libc.a(square.o)
                0x0000829c                square
 .text.avr-libc.fplib
                0x000082a2       0x40 /usr/share/arduino-1.8.1/hardware/tools/avr.orig/bin/../lib/gcc/avr/4.9.2/../../../../avr/lib/avr5/libc.a(tan.o)
                0x000082a2                tan
 .text.avr-libc.fplib
                0x000082e2       0x1c /usr/share/arduino-1.8.1/hardware/tools/avr.orig/bin/../lib/gcc/avr/4.9.2/../../../../avr/lib/avr5/libc.a(fp_mpack.o)
                0x000082e2                __fp_mpack
                0x000082e6                __fp_mpack_finite
 .text.avr-libc.fplib
                0x000082fe        0xe /usr/share/arduino-1.8.1/hardware/tools/avr.orig/bin/../lib/gcc/avr/4.9.2/../../../../avr/lib/avr5/libc.a(fp_norm2.o)
                0x000082fe                __fp_norm2
 .text.avr-libc.fplib
                0x0000830c       0x22 /usr/share/arduino-1.8.1/hardware/tools/avr.orig/bin/../lib/gcc/avr/4.9.2/../../../../avr/lib/avr5/libc.a(fp_powsodd.o)
                0x0000830c                __fp_powsodd
 .text.libgcc.div
                0x0000832e       0x18 /usr/share/arduino-1.8.1/hardware/tools/avr.orig/bin/../lib/gcc/avr/4.9.2/avr5/libgcc.a(_udivmodqi4.o)
                0x0000832e                __udivmodqi4
 .text.libgcc.div
                0x00008346       0x1a /usr/share/arduino-1.8.1/hardware/tools/avr.orig/bin/../lib/gcc/avr/4.9.2/avr5/libgcc.a(_divmodqi4.o)
                0x00008346                __divmodqi4
 .text.libgcc.div
                0x00008360       0x28 /usr/share/arduino-1.8.1/hardware/tools/avr.orig/bin/../lib/gcc/avr/4.9.2/avr5/libgcc.a(_udivmodhi4.o)
                0x00008360                __udivmodhi4
 .text.libgcc.div
                0x00008388       0x26 /usr/share/arduino-1.8.1/hardware/tools/avr.orig/bin/../lib/gcc/avr/4.9.2/avr5/libgcc.a(_divmodhi4.o)
                0x00008388                __divmodhi4
                0x00008388                _div
 .text.libgcc.div
                0x000083ae       0x44 /usr/share/arduino-1.8.1/hardware/tools/avr.orig/bin/../lib/gcc/avr/4.9.2/avr5/libgcc.a(_udivmodsi4.o)
                0x000083ae                __udivmodsi4
 .text.libgcc.div
                0x000083f2       0x28 /usr/share/arduino-1.8.1/hardware/tools/avr.orig/bin/../lib/gcc/avr/4.9.2/avr5/libgcc.a(_divmodsi4.o)
                0x000083f2                __divmodsi4
 .text.libgcc.div
                0x0000841a       0x10 /usr/share/arduino-1.8.1/hardware/tools/avr.orig/bin/../lib/gcc/avr/4.9.2/avr5/libgcc.a(_negsi2.o)
                0x0000841a                __negsi2
 .text.libgcc   0x0000842a        0xc /usr/share/arduino-1.8.1/hardware/tools/avr.orig/bin/../lib/gcc/avr/4.9.2/avr5/libgcc.a(_tablejump2.o)
                0x0000842a                __tablejump2__
 .text.libgcc.mul
                0x00008436       0x1e /usr/share/arduino-1.8.1/hardware/tools/avr.orig/bin/../lib/gcc/avr/4.9.2/avr5/libgcc.a(_umulhisi3.o)
                0x00008436                __umulhisi3
 .text.libgcc.div
                0x00008454       0x1a /usr/share/arduino-1.8.1/hardware/tools/avr.orig/bin/../lib/gcc/avr/4.9.2/avr5/libgcc.a(_udivdi3.o)
                0x00008454                __umoddi3
                0x00008458                __udivdi3
                0x0000845a                __udivdi3_umoddi3
 .text.libgcc.div
                0x0000846e       0xa2 /usr/share/arduino-1.8.1/hardware/tools/avr.orig/bin/../lib/gcc/avr/4.9.2/avr5/libgcc.a(_udivmod64.o)
                0x0000846e                __udivmod64
 .text.libgcc.prologue
                0x00008510       0x38 /usr/share/arduino-1.8.1/hardware/tools/avr.orig/bin/../lib/gcc/avr/4.9.2/avr5/libgcc.a(_prologue.o)
                0x00008510                __prologue_saves__
 .text.libgcc.prologue
                0x00008548       0x36 /usr/share/arduino-1.8.1/hardware/tools/avr.orig/bin/../lib/gcc/avr/4.9.2/avr5/libgcc.a(_epilogue.o)
                0x00008548                __epilogue_restores__
 .text.avr-libc
                0x0000857e       0x10 /usr/share/arduino-1.8.1/hardware/tools/avr.orig/bin/../lib/gcc/avr/4.9.2/../../../../avr/lib/avr5/libatmega644p.a(eerd_byte.o)
                0x0000857e                eeprom_read_byte
 .text.avr-libc
                0x0000858e       0x1c /usr/share/arduino-1.8.1/hardware/tools/avr.orig/bin/../lib/gcc/avr/4.9.2/../../../../avr/lib/avr5/libatmega644p.a(eewr_byte.o)
                0x0000858e                eeprom_write_byte
                0x00008590                eeprom_write_r18
                0x000085aa                . = ALIGN (0x2)
 *(.fini9)
 .fini9         0x000085aa        0x0 /usr/share/arduino-1.8.1/hardware/tools/avr.orig/bin/../lib/gcc/avr/4.9.2/avr5/libgcc.a(_exit.o)
                0x000085aa                _exit
 *(.fini9)
 *(.fini8)
 *(.fini8)
 *(.fini7)
 *(.fini7)
 *(.fini6)
 *(.fini6)
 *(.fini5)
 *(.fini5)
 *(.fini4)
 *(.fini4)
 *(.fini3)
 *(.fini3)
 *(.fini2)
 *(.fini2)
 *(.fini1)
 *(.fini1)
 *(.fini0)
 .fini0         0x000085aa        0x4 /usr/share/arduino-1.8.1/hardware/tools/avr.orig/bin/../lib/gcc/avr/4.9.2/avr5/libgcc.a(_exit.o)
 *(.fini0)
                0x000085ae                _etext = .

.data           0x00800100       0x54 load address 0x000085ae
                0x00800100                PROVIDE (__data_start, .)
 *(.data)
 .data          0x00800100        0x0 /usr/share/arduino-1.8.1/hardware/tools/avr.orig/bin/../lib/gcc/avr/4.9.2/../../../../avr/lib/avr5/crtatmega644p.o
 .data          0x00800100        0x0 build-atmega644/OSD_Max7456.cpp.o
 .data          0x00800100        0x0 build-atmega644/Spi.cpp.o
 .data          0x00800100       0x19 build-atmega644/MinimOsd_Extra.ino.o
                0x00800109                mavlink_system
                0x0080010f                climb_filter
                0x00800111                stack_bottom
                0x00800118                garbage
 .data          0x00800119        0x0 build-atmega644/libcore.a(wiring.c.o)
 .data          0x00800119        0x0 build-atmega644/libcore.a(wiring_digital.c.o)
 .data          0x00800119        0x0 build-atmega644/libcore.a(hooks.c.o)
 .data          0x00800119        0x0 build-atmega644/libcore.a(wiring_pulse.c.o)
 .data          0x00800119        0x1 build-atmega644/libcore.a(wiring_analog.c.o)
                0x00800119                analog_reference
 .data          0x0080011a        0x0 build-atmega644/libcore.a(Print.cpp.o)
 .data          0x0080011a        0x0 build-atmega644/libcore.a(abi.cpp.o)
 .data          0x0080011a        0x0 build-atmega644/libcore.a(main.cpp.o)
 .data          0x0080011a        0x0 build-atmega644/libcore.a(wiring_pulse.S.o)
 .data          0x0080011a        0x0 build-atmega644/libcore.a(FastSerial.cpp.o)
 .data          0x0080011a        0x0 build-atmega644/libcore.a(BetterStream.cpp.o)
 .data          0x0080011a        0x0 build-atmega644/libcore.a(vprintf.cpp.o)
 .data          0x0080011a        0x0 build-atmega644/libcore.a(ultoa_invert.S.o)
 .data          0x0080011a        0x0 build-atmega644/libcore.a(ftoa_engine.S.o)
 .data          0x0080011a        0x6 /usr/share/arduino-1.8.1/hardware/tools/avr.orig/bin/../lib/gcc/avr/4.9.2/../../../../avr/lib/avr5/libc.a(malloc.o)
                0x0080011a                __malloc_heap_end
                0x0080011c                __malloc_heap_start
                0x0080011e                __malloc_margin
 .data          0x00800120        0x0 /usr/share/arduino-1.8.1/hardware/tools/avr.orig/bin/../lib/gcc/avr/4.9.2/../../../../avr/lib/avr5/libc.a(abort.o)
 .data          0x00800120        0x0 /usr/share/arduino-1.8.1/hardware/tools/avr.orig/bin/../lib/gcc/avr/4.9.2/../../../../avr/lib/avr5/libc.a(atoi.o)
 .data          0x00800120        0x0 /usr/share/arduino-1.8.1/hardware/tools/avr.orig/bin/../lib/gcc/avr/4.9.2/../../../../avr/lib/avr5/libc.a(exit.o)
 .data          0x00800120        0x0 /usr/share/arduino-1.8.1/hardware/tools/avr.orig/bin/../lib/gcc/avr/4.9.2/../../../../avr/lib/avr5/libc.a(strnlen_P.o)
 .data          0x00800120        0x0 /usr/share/arduino-1.8.1/hardware/tools/avr.orig/bin/../lib/gcc/avr/4.9.2/../../../../avr/lib/avr5/libc.a(strnlen.o)
 .data          0x00800120        0x0 /usr/share/arduino-1.8.1/hardware/tools/avr.orig/bin/../lib/gcc/avr/4.9.2/../../../../avr/lib/avr5/libc.a(mul10.o)
 .data          0x00800120        0x0 /usr/share/arduino-1.8.1/hardware/tools/avr.orig/bin/../lib/gcc/avr/4.9.2/../../../../avr/lib/avr5/libc.a(addsf3.o)
 .data          0x00800120        0x0 /usr/share/arduino-1.8.1/hardware/tools/avr.orig/bin/../lib/gcc/avr/4.9.2/../../../../avr/lib/avr5/libc.a(addsf3x.o)
 .data          0x00800120        0x0 /usr/share/arduino-1.8.1/hardware/tools/avr.orig/bin/../lib/gcc/avr/4.9.2/../../../../avr/lib/avr5/libc.a(atan2.o)
 .data          0x00800120        0x0 /usr/share/arduino-1.8.1/hardware/tools/avr.orig/bin/../lib/gcc/avr/4.9.2/../../../../avr/lib/avr5/libc.a(atan.o)
 .data          0x00800120        0x0 /usr/share/arduino-1.8.1/hardware/tools/avr.orig/bin/../lib/gcc/avr/4.9.2/../../../../avr/lib/avr5/libc.a(cmpsf2.o)
 .data          0x00800120        0x0 /usr/share/arduino-1.8.1/hardware/tools/avr.orig/bin/../lib/gcc/avr/4.9.2/../../../../avr/lib/avr5/libc.a(cos.o)
 .data          0x00800120        0x0 /usr/share/arduino-1.8.1/hardware/tools/avr.orig/bin/../lib/gcc/avr/4.9.2/../../../../avr/lib/avr5/libc.a(divsf3.o)
 .data          0x00800120        0x0 /usr/share/arduino-1.8.1/hardware/tools/avr.orig/bin/../lib/gcc/avr/4.9.2/../../../../avr/lib/avr5/libc.a(divsf3x.o)
 .data          0x00800120        0x0 /usr/share/arduino-1.8.1/hardware/tools/avr.orig/bin/../lib/gcc/avr/4.9.2/../../../../avr/lib/avr5/libc.a(fixsfsi.o)
 .data          0x00800120        0x0 /usr/share/arduino-1.8.1/hardware/tools/avr.orig/bin/../lib/gcc/avr/4.9.2/../../../../avr/lib/avr5/libc.a(fixunssfsi.o)
 .data          0x00800120        0x0 /usr/share/arduino-1.8.1/hardware/tools/avr.orig/bin/../lib/gcc/avr/4.9.2/../../../../avr/lib/avr5/libc.a(floatsisf.o)
 .data          0x00800120        0x0 /usr/share/arduino-1.8.1/hardware/tools/avr.orig/bin/../lib/gcc/avr/4.9.2/../../../../avr/lib/avr5/libc.a(fp_cmp.o)
 .data          0x00800120        0x0 /usr/share/arduino-1.8.1/hardware/tools/avr.orig/bin/../lib/gcc/avr/4.9.2/../../../../avr/lib/avr5/libc.a(fp_inf.o)
 .data          0x00800120        0x0 /usr/share/arduino-1.8.1/hardware/tools/avr.orig/bin/../lib/gcc/avr/4.9.2/../../../../avr/lib/avr5/libc.a(fp_nan.o)
 .data          0x00800120        0x0 /usr/share/arduino-1.8.1/hardware/tools/avr.orig/bin/../lib/gcc/avr/4.9.2/../../../../avr/lib/avr5/libc.a(fp_powser.o)
 .data          0x00800120        0x0 /usr/share/arduino-1.8.1/hardware/tools/avr.orig/bin/../lib/gcc/avr/4.9.2/../../../../avr/lib/avr5/libc.a(fp_pscA.o)
 .data          0x00800120        0x0 /usr/share/arduino-1.8.1/hardware/tools/avr.orig/bin/../lib/gcc/avr/4.9.2/../../../../avr/lib/avr5/libc.a(fp_pscB.o)
 .data          0x00800120        0x0 /usr/share/arduino-1.8.1/hardware/tools/avr.orig/bin/../lib/gcc/avr/4.9.2/../../../../avr/lib/avr5/libc.a(fp_rempio2.o)
 .data          0x00800120        0x0 /usr/share/arduino-1.8.1/hardware/tools/avr.orig/bin/../lib/gcc/avr/4.9.2/../../../../avr/lib/avr5/libc.a(fp_round.o)
 .data          0x00800120        0x0 /usr/share/arduino-1.8.1/hardware/tools/avr.orig/bin/../lib/gcc/avr/4.9.2/../../../../avr/lib/avr5/libc.a(fp_sinus.o)
 .data          0x00800120        0x0 /usr/share/arduino-1.8.1/hardware/tools/avr.orig/bin/../lib/gcc/avr/4.9.2/../../../../avr/lib/avr5/libc.a(fp_split3.o)
 .data          0x00800120        0x0 /usr/share/arduino-1.8.1/hardware/tools/avr.orig/bin/../lib/gcc/avr/4.9.2/../../../../avr/lib/avr5/libc.a(fp_zero.o)
 .data          0x00800120        0x0 /usr/share/arduino-1.8.1/hardware/tools/avr.orig/bin/../lib/gcc/avr/4.9.2/../../../../avr/lib/avr5/libc.a(gesf2.o)
 .data          0x00800120        0x0 /usr/share/arduino-1.8.1/hardware/tools/avr.orig/bin/../lib/gcc/avr/4.9.2/../../../../avr/lib/avr5/libc.a(inverse.o)
 .data          0x00800120        0x0 /usr/share/arduino-1.8.1/hardware/tools/avr.orig/bin/../lib/gcc/avr/4.9.2/../../../../avr/lib/avr5/libc.a(mulsf3.o)
 .data          0x00800120        0x0 /usr/share/arduino-1.8.1/hardware/tools/avr.orig/bin/../lib/gcc/avr/4.9.2/../../../../avr/lib/avr5/libc.a(mulsf3x.o)
 .data          0x00800120        0x0 /usr/share/arduino-1.8.1/hardware/tools/avr.orig/bin/../lib/gcc/avr/4.9.2/../../../../avr/lib/avr5/libc.a(sqrt.o)
 .data          0x00800120        0x0 /usr/share/arduino-1.8.1/hardware/tools/avr.orig/bin/../lib/gcc/avr/4.9.2/../../../../avr/lib/avr5/libc.a(square.o)
 .data          0x00800120        0x0 /usr/share/arduino-1.8.1/hardware/tools/avr.orig/bin/../lib/gcc/avr/4.9.2/../../../../avr/lib/avr5/libc.a(tan.o)
 .data          0x00800120        0x0 /usr/share/arduino-1.8.1/hardware/tools/avr.orig/bin/../lib/gcc/avr/4.9.2/../../../../avr/lib/avr5/libc.a(fp_mpack.o)
 .data          0x00800120        0x0 /usr/share/arduino-1.8.1/hardware/tools/avr.orig/bin/../lib/gcc/avr/4.9.2/../../../../avr/lib/avr5/libc.a(fp_norm2.o)
 .data          0x00800120        0x0 /usr/share/arduino-1.8.1/hardware/tools/avr.orig/bin/../lib/gcc/avr/4.9.2/../../../../avr/lib/avr5/libc.a(fp_powsodd.o)
 .data          0x00800120        0x0 /usr/share/arduino-1.8.1/hardware/tools/avr.orig/bin/../lib/gcc/avr/4.9.2/avr5/libgcc.a(_udivmodqi4.o)
 .data          0x00800120        0x0 /usr/share/arduino-1.8.1/hardware/tools/avr.orig/bin/../lib/gcc/avr/4.9.2/avr5/libgcc.a(_divmodqi4.o)
 .data          0x00800120        0x0 /usr/share/arduino-1.8.1/hardware/tools/avr.orig/bin/../lib/gcc/avr/4.9.2/avr5/libgcc.a(_udivmodhi4.o)
 .data          0x00800120        0x0 /usr/share/arduino-1.8.1/hardware/tools/avr.orig/bin/../lib/gcc/avr/4.9.2/avr5/libgcc.a(_divmodhi4.o)
 .data          0x00800120        0x0 /usr/share/arduino-1.8.1/hardware/tools/avr.orig/bin/../lib/gcc/avr/4.9.2/avr5/libgcc.a(_udivmodsi4.o)
 .data          0x00800120        0x0 /usr/share/arduino-1.8.1/hardware/tools/avr.orig/bin/../lib/gcc/avr/4.9.2/avr5/libgcc.a(_divmodsi4.o)
 .data          0x00800120        0x0 /usr/share/arduino-1.8.1/hardware/tools/avr.orig/bin/../lib/gcc/avr/4.9.2/avr5/libgcc.a(_negsi2.o)
 .data          0x00800120        0x0 /usr/share/arduino-1.8.1/hardware/tools/avr.orig/bin/../lib/gcc/avr/4.9.2/avr5/libgcc.a(_exit.o)
 .data          0x00800120        0x0 /usr/share/arduino-1.8.1/hardware/tools/avr.orig/bin/../lib/gcc/avr/4.9.2/avr5/libgcc.a(_tablejump2.o)
 .data          0x00800120        0x0 /usr/share/arduino-1.8.1/hardware/tools/avr.orig/bin/../lib/gcc/avr/4.9.2/avr5/libgcc.a(_copy_data.o)
 .data          0x00800120        0x0 /usr/share/arduino-1.8.1/hardware/tools/avr.orig/bin/../lib/gcc/avr/4.9.2/avr5/libgcc.a(_clear_bss.o)
 .data          0x00800120        0x0 /usr/share/arduino-1.8.1/hardware/tools/avr.orig/bin/../lib/gcc/avr/4.9.2/avr5/libgcc.a(_ctors.o)
 .data          0x00800120        0x0 /usr/share/arduino-1.8.1/hardware/tools/avr.orig/bin/../lib/gcc/avr/4.9.2/avr5/libgcc.a(_umulhisi3.o)
 .data          0x00800120        0x0 /usr/share/arduino-1.8.1/hardware/tools/avr.orig/bin/../lib/gcc/avr/4.9.2/avr5/libgcc.a(_udivdi3.o)
 .data          0x00800120        0x0 /usr/share/arduino-1.8.1/hardware/tools/avr.orig/bin/../lib/gcc/avr/4.9.2/avr5/libgcc.a(_udivmod64.o)
 .data          0x00800120        0x0 /usr/share/arduino-1.8.1/hardware/tools/avr.orig/bin/../lib/gcc/avr/4.9.2/avr5/libgcc.a(_prologue.o)
 .data          0x00800120        0x0 /usr/share/arduino-1.8.1/hardware/tools/avr.orig/bin/../lib/gcc/avr/4.9.2/avr5/libgcc.a(_epilogue.o)
 .data          0x00800120        0x0 /usr/share/arduino-1.8.1/hardware/tools/avr.orig/bin/../lib/gcc/avr/4.9.2/../../../../avr/lib/avr5/libatmega644p.a(eerd_byte.o)
 .data          0x00800120        0x0 /usr/share/arduino-1.8.1/hardware/tools/avr.orig/bin/../lib/gcc/avr/4.9.2/../../../../avr/lib/avr5/libatmega644p.a(eewr_byte.o)
 *(.data*)
 *(.rodata)
 .rodata        0x00800120        0x3 build-atmega644/MinimOsd_Extra.ino.o
 *(.rodata*)
 .rodata._ZTV3OSD
                0x00800123       0x12 build-atmega644/OSD_Max7456.cpp.o
                0x00800123                _ZTV3OSD
 .rodata.str1.1
                0x00800135        0x7 build-atmega644/libcore.a(Print.cpp.o)
 .rodata._ZTV10FastSerial
                0x0080013c       0x18 build-atmega644/libcore.a(FastSerial.cpp.o)
                0x0080013c                _ZTV10FastSerial
 *(.gnu.linkonce.d*)
                0x00800154                . = ALIGN (0x2)
                0x00800154                _edata = .
                0x00800154                PROVIDE (__data_end, .)

.bss            0x00800154      0x5e0
                0x00800154                PROVIDE (__bss_start, .)
 *(.bss)
 .bss           0x00800154      0x1e6 build-atmega644/OSD_Max7456.cpp.o
                0x00800154                _ZN3OSD6bufposE
                0x00800156                _ZN3OSD6osdbufE
                0x00800337                _ZN3OSD10video_modeE
                0x00800338                _ZN3OSD3rowE
                0x00800339                _ZN3OSD3colE
 .bss           0x0080033a      0x3cc build-atmega644/MinimOsd_Extra.ino.o
                0x0080033a                last_touch
                0x0080033e                pin_to_touch
                0x0080033f                vas_vsync
                0x00800340                warning
                0x00800341                mavlink_comm_0_port
                0x00800343                Serial1
                0x00800358                Serial
                0x0080036d                osd
                0x00800371                pwm_out
                0x00800379                clipping
                0x0080037f                vibration
                0x0080038b                day_seconds
                0x0080038f                sys_days
                0x00800393                autoswitch_time
                0x00800397                params
                0x00800399                tmp_f
                0x0080039d                fdata_screen
                0x0080039e                fPulseSensor
                0x008003a2                flgSensor
                0x008003a6                sensorData
                0x008003ae                PWM_out_port
                0x008003b0                PWM_out_bit
                0x008003b1                screen_flags
                0x008003b3                vsync_time
                0x008003b7                vsync_count
                0x008003b8                vsync_wait
                0x008003b9                lflags
                0x008003d7                skip_inc
                0x008003d8                mavlink_cnt
                0x008003da                mavlink_dt
                0x008003de                mavlink_time
                0x008003e2                lost_bytes
                0x008003e4                max_dly
                0x008003e6                bytes_comes
                0x008003ea                packets_got
                0x008003ec                packets_skip
                0x008003ee                packet_drops
                0x008003f0                serial_speed
                0x008003f4                update_screen
                0x008003f5                mav_data_count
                0x008003f6                mav_msg_shift
                0x008003f7                mav_msg_severity
                0x008003f8                mav_msg_len
                0x008003f9                mav_msg_ttl
                0x008003fb                mav_message
                0x0080042f                crlf_count
                0x00800430                rssi_norm
                0x00800432                rssi_in
                0x00800434                telem_rssi
                0x00800435                osd_rssi
                0x00800436                count02s
                0x00800437                count05s
                0x00800438                osd_att
                0x0080043e                osd_home
                0x0080044a                osd_pos
                0x00800456                runtime
                0x0080045a                power
                0x0080045e                sets
 .bss           0x00800706        0x9 build-atmega644/libcore.a(wiring.c.o)
                0x00800706                timer0_millis
                0x0080070a                timer0_overflow_count
 .bss           0x0080070f       0x21 build-atmega644/libcore.a(FastSerial.cpp.o)
                0x0080070f                _ZN10FastSerial18_serialInitializedE
                0x00800710                __FastSerial__txBuffer
                0x00800720                __FastSerial__rxBuffer
 *(.bss*)
 *(COMMON)
 COMMON         0x00800730        0x4 /usr/share/arduino-1.8.1/hardware/tools/avr.orig/bin/../lib/gcc/avr/4.9.2/../../../../avr/lib/avr5/libc.a(malloc.o)
                0x00800730                __brkval
                0x00800732                __flp
                0x00800734                PROVIDE (__bss_end, .)
                0x000085ae                __data_load_start = LOADADDR (.data)
                0x00008602                __data_load_end = (__data_load_start + SIZEOF (.data))

.noinit         0x00800734        0x0
                0x00800734                PROVIDE (__noinit_start, .)
 *(.noinit*)
                0x00800734                PROVIDE (__noinit_end, .)
                0x00800734                _end = .
                0x00800734                PROVIDE (__heap_start, .)

.eeprom         0x00810000        0x0
 *(.eeprom*)
                0x00810000                __eeprom_end = .

.fuse
 *(.fuse)
 *(.lfuse)
 *(.hfuse)
 *(.efuse)

.lock
 *(.lock*)

.signature
 *(.signature*)

.stab
 *(.stab)

.stabstr
 *(.stabstr)

.stab.excl
 *(.stab.excl)

.stab.exclstr
 *(.stab.exclstr)

.stab.index
 *(.stab.index)

.stab.indexstr
 *(.stab.indexstr)

.comment        0x00000000       0x11
 *(.comment)
 .comment       0x00000000       0x11 build-atmega644/OSD_Max7456.cpp.o
                                 0x12 (size before relaxing)
 .comment       0x00000011       0x12 build-atmega644/Spi.cpp.o
 .comment       0x00000011       0x12 build-atmega644/MinimOsd_Extra.ino.o
 .comment       0x00000011       0x12 build-atmega644/libcore.a(wiring.c.o)
 .comment       0x00000011       0x12 build-atmega644/libcore.a(wiring_digital.c.o)
 .comment       0x00000011       0x12 build-atmega644/libcore.a(hooks.c.o)
 .comment       0x00000011       0x12 build-atmega644/libcore.a(wiring_pulse.c.o)
 .comment       0x00000011       0x12 build-atmega644/libcore.a(wiring_analog.c.o)
 .comment       0x00000011       0x12 build-atmega644/libcore.a(Print.cpp.o)
 .comment       0x00000011       0x12 build-atmega644/libcore.a(abi.cpp.o)
 .comment       0x00000011       0x12 build-atmega644/libcore.a(main.cpp.o)
 .comment       0x00000011       0x12 build-atmega644/libcore.a(FastSerial.cpp.o)
 .comment       0x00000011       0x12 build-atmega644/libcore.a(BetterStream.cpp.o)
 .comment       0x00000011       0x12 build-atmega644/libcore.a(vprintf.cpp.o)
 .comment       0x00000011       0x12 /usr/share/arduino-1.8.1/hardware/tools/avr.orig/bin/../lib/gcc/avr/4.9.2/../../../../avr/lib/avr5/libc.a(malloc.o)

.note.gnu.avr.deviceinfo
                0x00000000       0x40
 .note.gnu.avr.deviceinfo
                0x00000000       0x40 /usr/share/arduino-1.8.1/hardware/tools/avr.orig/bin/../lib/gcc/avr/4.9.2/../../../../avr/lib/avr5/crtatmega644p.o

.note.gnu.build-id
 *(.note.gnu.build-id)

.debug
 *(.debug)

.line
 *(.line)

.debug_srcinfo
 *(.debug_srcinfo)

.debug_sfnames
 *(.debug_sfnames)

.debug_aranges
 *(.debug_aranges)

.debug_pubnames
 *(.debug_pubnames)

.debug_info     0x00000000      0x6cc
 *(.debug_info .gnu.linkonce.wi.*)
 .debug_info    0x00000000      0x6cc /usr/share/arduino-1.8.1/hardware/tools/avr.orig/bin/../lib/gcc/avr/4.9.2/../../../../avr/lib/avr5/crtatmega644p.o

.debug_abbrev   0x00000000      0x66e
 *(.debug_abbrev)
 .debug_abbrev  0x00000000      0x66e /usr/share/arduino-1.8.1/hardware/tools/avr.orig/bin/../lib/gcc/avr/4.9.2/../../../../avr/lib/avr5/crtatmega644p.o

.debug_line     0x00000000       0x1a
 *(.debug_line .debug_line.* .debug_line_end)
 .debug_line    0x00000000       0x1a /usr/share/arduino-1.8.1/hardware/tools/avr.orig/bin/../lib/gcc/avr/4.9.2/../../../../avr/lib/avr5/crtatmega644p.o

.debug_frame
 *(.debug_frame)

.debug_str      0x00000000      0x252
 *(.debug_str)
 .debug_str     0x00000000      0x252 /usr/share/arduino-1.8.1/hardware/tools/avr.orig/bin/../lib/gcc/avr/4.9.2/../../../../avr/lib/avr5/crtatmega644p.o

.debug_loc
 *(.debug_loc)

.debug_macinfo
 *(.debug_macinfo)

.debug_weaknames
 *(.debug_weaknames)

.debug_funcnames
 *(.debug_funcnames)

.debug_typenames
 *(.debug_typenames)

.debug_varnames
 *(.debug_varnames)

.debug_pubtypes
 *(.debug_pubtypes)

.debug_ranges
 *(.debug_ranges)

.debug_macro
 *(.debug_macro)
OUTPUT(build-atmega644/MinimOsd_Extra.elf elf32-avr)
LOAD linker stubs

Cross Reference Table

Symbol                                            File
PWM_out_bit                                       build-atmega644/MinimOsd_Extra.ino.o
PWM_out_port                                      build-atmega644/MinimOsd_Extra.ino.o
Serial                                            build-atmega644/MinimOsd_Extra.ino.o
                                                  build-atmega644/OSD_Max7456.cpp.o
Serial1                                           build-atmega644/MinimOsd_Extra.ino.o
_Z10delay_bytev                                   build-atmega644/MinimOsd_Extra.ino.o
_Z10radar_charv                                   build-atmega644/MinimOsd_Extra.ino.o
_Z10setup_sensv                                   build-atmega644/MinimOsd_Extra.ino.o
_Z10time_sincePm                                  build-atmega644/MinimOsd_Extra.ino.o
_Z11delay_telemv                                  build-atmega644/MinimOsd_Extra.ino.o
                                                  build-atmega644/OSD_Max7456.cpp.o
_Z11get_alt_num5Point                             build-atmega644/MinimOsd_Extra.ino.o
_Z11millis_plusPmj                                build-atmega644/MinimOsd_Extra.ino.o
_Z11osd_print_SPKc                                build-atmega644/MinimOsd_Extra.ino.o
_Z11setup_horizv                                  build-atmega644/MinimOsd_Extra.ino.o
_Z11writePanelsm                                  build-atmega644/MinimOsd_Extra.ino.o
_Z12generate_PWMb                                 build-atmega644/MinimOsd_Extra.ino.o
_Z12get_converthv                                 build-atmega644/MinimOsd_Extra.ino.o
_Z12get_convertsv                                 build-atmega644/MinimOsd_Extra.ino.o
_Z12grad_to_secti                                 build-atmega644/MinimOsd_Extra.ino.o
_Z12read_mavlinkv                                 build-atmega644/MinimOsd_Extra.ino.o
_Z12setFdataVarsv                                 build-atmega644/MinimOsd_Extra.ino.o
_Z12set_data_gotv                                 build-atmega644/MinimOsd_Extra.ino.o
_Z12timeToScreenv                                 build-atmega644/MinimOsd_Extra.ino.o
_Z12unplugSlavesv                                 build-atmega644/OSD_Max7456.cpp.o
                                                  build-atmega644/MinimOsd_Extra.ino.o
_Z13getSerialLinePcPFvvE                          build-atmega644/MinimOsd_Extra.ino.o
_Z14doScreenSwitchv                               build-atmega644/MinimOsd_Extra.ino.o
_Z14get_alt_filter5Point                          build-atmega644/MinimOsd_Extra.ino.o
_Z15eeprom_read_lenPhjj                           build-atmega644/MinimOsd_Extra.ino.o
_Z15get_switch_timeh                              build-atmega644/MinimOsd_Extra.ino.o
_Z15normalize_anglei                              build-atmega644/MinimOsd_Extra.ino.o
_Z15serial_hex_dumpPhj                            build-atmega644/MinimOsd_Extra.ino.o
_Z16eeprom_write_lenPhjj                          build-atmega644/MinimOsd_Extra.ino.o
_Z16mavlink_one_bytec                             build-atmega644/MinimOsd_Extra.ino.o
_Z16parse_osd_packetPh                            build-atmega644/MinimOsd_Extra.ino.o
_Z16serial_print_hexjh                            build-atmega644/MinimOsd_Extra.ino.o
_Z17mav_message_starthh                           build-atmega644/MinimOsd_Extra.ino.o
_Z17normalize_voltagei                            build-atmega644/MinimOsd_Extra.ino.o
_Z19print_eeprom_stringhPFvhE                     build-atmega644/MinimOsd_Extra.ino.o
_Z21mavlink_return_packethhh                      build-atmega644/MinimOsd_Extra.ino.o
_Z21request_mavlink_ratesv                        build-atmega644/MinimOsd_Extra.ino.o
_Z4logov                                          build-atmega644/MinimOsd_Extra.ino.o
_Z5renewv                                         build-atmega644/MinimOsd_Extra.ino.o
_Z6On20msv                                        build-atmega644/MinimOsd_Extra.ino.o
_Z6filterRff                                      build-atmega644/MinimOsd_Extra.ino.o
_Z6filterRffh                                     build-atmega644/MinimOsd_Extra.ino.o
_Z6uidiffjj                                       build-atmega644/MinimOsd_Extra.ino.o
_Z7On100msv                                       build-atmega644/MinimOsd_Extra.ino.o
_Z7avgRSSIj                                       build-atmega644/MinimOsd_Extra.ino.o
_Z8MAX_modeh                                      build-atmega644/OSD_Max7456.cpp.o
_Z8MAX_readh                                      build-atmega644/MinimOsd_Extra.ino.o
                                                  build-atmega644/OSD_Max7456.cpp.o
_Z8calc_maxRff                                    build-atmega644/MinimOsd_Extra.ino.o
_Z8delay_15v                                      build-atmega644/OSD_Max7456.cpp.o
_Z8gps_normRfl                                    build-atmega644/MinimOsd_Extra.ino.o
_Z8hex_dumpPhj                                    build-atmega644/MinimOsd_Extra.ino.o
_Z8setupUSBv                                      build-atmega644/libcore.a(main.cpp.o)
_Z9MAX_writehh                                    build-atmega644/MinimOsd_Extra.ino.o
                                                  build-atmega644/OSD_Max7456.cpp.o
_Z9delay_150v                                     build-atmega644/MinimOsd_Extra.ino.o
                                                  build-atmega644/OSD_Max7456.cpp.o
_Z9f_div1000f                                     build-atmega644/MinimOsd_Extra.ino.o
_Z9float_addRff                                   build-atmega644/MinimOsd_Extra.ino.o
_Z9heartBeatv                                     build-atmega644/MinimOsd_Extra.ino.o
_Z9long_diffPmS_                                  build-atmega644/MinimOsd_Extra.ino.o
_Z9long_plusPmj                                   build-atmega644/MinimOsd_Extra.ino.o
_Z9print_hexjh                                    build-atmega644/MinimOsd_Extra.ino.o
_Z9readPanelh                                     build-atmega644/MinimOsd_Extra.ino.o
_Z9touchPinsv                                     build-atmega644/MinimOsd_Extra.ino.o
_ZN10FastSerial11_freeBufferEPNS_6BufferE         build-atmega644/libcore.a(FastSerial.cpp.o)
_ZN10FastSerial11available_SEv                    build-atmega644/MinimOsd_Extra.ino.o
_ZN10FastSerial12_allocBufferEPNS_6BufferEj       build-atmega644/libcore.a(FastSerial.cpp.o)
_ZN10FastSerial18_serialInitializedE              build-atmega644/libcore.a(FastSerial.cpp.o)
_ZN10FastSerial3endEv                             build-atmega644/libcore.a(FastSerial.cpp.o)
                                                  build-atmega644/MinimOsd_Extra.ino.o
_ZN10FastSerial4peekEv                            build-atmega644/libcore.a(FastSerial.cpp.o)
_ZN10FastSerial4readEv                            build-atmega644/libcore.a(FastSerial.cpp.o)
                                                  build-atmega644/MinimOsd_Extra.ino.o
_ZN10FastSerial4waitEv                            build-atmega644/libcore.a(FastSerial.cpp.o)
                                                  build-atmega644/MinimOsd_Extra.ino.o
                                                  build-atmega644/OSD_Max7456.cpp.o
_ZN10FastSerial5beginEl                           build-atmega644/libcore.a(FastSerial.cpp.o)
                                                  build-atmega644/MinimOsd_Extra.ino.o
_ZN10FastSerial5beginEljj                         build-atmega644/libcore.a(FastSerial.cpp.o)
_ZN10FastSerial5flushEv                           build-atmega644/libcore.a(FastSerial.cpp.o)
                                                  build-atmega644/MinimOsd_Extra.ino.o
_ZN10FastSerial5writeEh                           build-atmega644/libcore.a(FastSerial.cpp.o)
                                                  build-atmega644/MinimOsd_Extra.ino.o
_ZN10FastSerial7txspaceEv                         build-atmega644/libcore.a(FastSerial.cpp.o)
_ZN10FastSerial9availableEv                       build-atmega644/libcore.a(FastSerial.cpp.o)
_ZN10FastSerialC1EhPVhS1_S1_S1_hhh                build-atmega644/libcore.a(FastSerial.cpp.o)
                                                  build-atmega644/MinimOsd_Extra.ino.o
_ZN10FastSerialC2EhPVhS1_S1_S1_hhh                build-atmega644/libcore.a(FastSerial.cpp.o)
_ZN12BetterStream6printfEPKcz                     build-atmega644/libcore.a(BetterStream.cpp.o)
                                                  build-atmega644/MinimOsd_Extra.ino.o
_ZN12BetterStream7print_PEPK11prog_char_t         build-atmega644/libcore.a(BetterStream.cpp.o)
_ZN12BetterStream7print_PEPKc                     build-atmega644/libcore.a(BetterStream.cpp.o)
                                                  build-atmega644/MinimOsd_Extra.ino.o
                                                  build-atmega644/OSD_Max7456.cpp.o
_ZN12BetterStream7txspaceEv                       build-atmega644/libcore.a(BetterStream.cpp.o)
                                                  build-atmega644/OSD_Max7456.cpp.o
_ZN12BetterStream8_vprintfEhPKcPv                 build-atmega644/libcore.a(vprintf.cpp.o)
                                                  build-atmega644/libcore.a(BetterStream.cpp.o)
_ZN12BetterStream9_printf_PEPKcz                  build-atmega644/libcore.a(BetterStream.cpp.o)
                                                  build-atmega644/MinimOsd_Extra.ino.o
                                                  build-atmega644/OSD_Max7456.cpp.o
_ZN12BetterStream9println_PEPK11prog_char_t       build-atmega644/libcore.a(BetterStream.cpp.o)
_ZN12BetterStream9println_PEPKc                   build-atmega644/libcore.a(BetterStream.cpp.o)
                                                  build-atmega644/MinimOsd_Extra.ino.o
_ZN3OSD10detectModeEv                             build-atmega644/OSD_Max7456.cpp.o
                                                  build-atmega644/MinimOsd_Extra.ino.o
_ZN3OSD10video_modeE                              build-atmega644/OSD_Max7456.cpp.o
                                                  build-atmega644/MinimOsd_Extra.ino.o
_ZN3OSD13setBrightnessEv                          build-atmega644/OSD_Max7456.cpp.o
_ZN3OSD3colE                                      build-atmega644/OSD_Max7456.cpp.o
_ZN3OSD3rowE                                      build-atmega644/OSD_Max7456.cpp.o
_ZN3OSD4initEv                                    build-atmega644/OSD_Max7456.cpp.o
_ZN3OSD4peekEv                                    build-atmega644/OSD_Max7456.cpp.o
_ZN3OSD4readEv                                    build-atmega644/OSD_Max7456.cpp.o
_ZN3OSD5flushEv                                   build-atmega644/OSD_Max7456.cpp.o
_ZN3OSD5resetEv                                   build-atmega644/OSD_Max7456.cpp.o
                                                  build-atmega644/MinimOsd_Extra.ino.o
_ZN3OSD5writeEh                                   build-atmega644/OSD_Max7456.cpp.o
_ZN3OSD6adjustEv                                  build-atmega644/OSD_Max7456.cpp.o
                                                  build-atmega644/MinimOsd_Extra.ino.o
_ZN3OSD6bufposE                                   build-atmega644/OSD_Max7456.cpp.o
_ZN3OSD6osdbufE                                   build-atmega644/OSD_Max7456.cpp.o
_ZN3OSD6updateEv                                  build-atmega644/OSD_Max7456.cpp.o
                                                  build-atmega644/MinimOsd_Extra.ino.o
_ZN3OSD7hw_initEv                                 build-atmega644/OSD_Max7456.cpp.o
_ZN3OSD7setModeEh                                 build-atmega644/OSD_Max7456.cpp.o
_ZN3OSD7write_SEh                                 build-atmega644/OSD_Max7456.cpp.o
                                                  build-atmega644/MinimOsd_Extra.ino.o
_ZN3OSD8calc_posEv                                build-atmega644/OSD_Max7456.cpp.o
_ZN3OSD8relPanelEhh                               build-atmega644/OSD_Max7456.cpp.o
                                                  build-atmega644/MinimOsd_Extra.ino.o
_ZN3OSD8setPanelEhh                               build-atmega644/OSD_Max7456.cpp.o
                                                  build-atmega644/MinimOsd_Extra.ino.o
_ZN3OSD8write_xyEhhh                              build-atmega644/OSD_Max7456.cpp.o
                                                  build-atmega644/MinimOsd_Extra.ino.o
_ZN3OSD9availableEv                               build-atmega644/OSD_Max7456.cpp.o
_ZN3OSD9write_NVMEjPh                             build-atmega644/OSD_Max7456.cpp.o
                                                  build-atmega644/MinimOsd_Extra.ino.o
_ZN3OSD9write_rawEh                               build-atmega644/OSD_Max7456.cpp.o
_ZN3SPI4modeEh                                    build-atmega644/Spi.cpp.o
_ZN3SPI8transferEhh                               build-atmega644/Spi.cpp.o
_ZN3SPIC1Ev                                       build-atmega644/Spi.cpp.o
_ZN3SPIC2Ev                                       build-atmega644/Spi.cpp.o
_ZN5Print10printFloatEdh                          build-atmega644/libcore.a(Print.cpp.o)
_ZN5Print11printNumberEmh                         build-atmega644/libcore.a(Print.cpp.o)
_ZN5Print5printEPK19__FlashStringHelper           build-atmega644/libcore.a(Print.cpp.o)
_ZN5Print5printEPKc                               build-atmega644/libcore.a(Print.cpp.o)
                                                  build-atmega644/MinimOsd_Extra.ino.o
_ZN5Print5printERK6String                         build-atmega644/libcore.a(Print.cpp.o)
_ZN5Print5printERK9Printable                      build-atmega644/libcore.a(Print.cpp.o)
_ZN5Print5printEc                                 build-atmega644/libcore.a(Print.cpp.o)
_ZN5Print5printEdi                                build-atmega644/libcore.a(Print.cpp.o)
_ZN5Print5printEhi                                build-atmega644/libcore.a(Print.cpp.o)
                                                  build-atmega644/MinimOsd_Extra.ino.o
_ZN5Print5printEii                                build-atmega644/libcore.a(Print.cpp.o)
                                                  build-atmega644/MinimOsd_Extra.ino.o
_ZN5Print5printEji                                build-atmega644/libcore.a(Print.cpp.o)
                                                  build-atmega644/MinimOsd_Extra.ino.o
_ZN5Print5printEli                                build-atmega644/libcore.a(Print.cpp.o)
_ZN5Print5printEmi                                build-atmega644/libcore.a(Print.cpp.o)
                                                  build-atmega644/MinimOsd_Extra.ino.o
_ZN5Print5writeEPKc                               build-atmega644/libcore.a(Print.cpp.o)
_ZN5Print5writeEPKhj                              build-atmega644/libcore.a(Print.cpp.o)
                                                  build-atmega644/libcore.a(BetterStream.cpp.o)
                                                  build-atmega644/libcore.a(FastSerial.cpp.o)
                                                  build-atmega644/OSD_Max7456.cpp.o
_ZN5Print7printlnEPK19__FlashStringHelper         build-atmega644/libcore.a(Print.cpp.o)
_ZN5Print7printlnEPKc                             build-atmega644/libcore.a(Print.cpp.o)
_ZN5Print7printlnERK6String                       build-atmega644/libcore.a(Print.cpp.o)
_ZN5Print7printlnERK9Printable                    build-atmega644/libcore.a(Print.cpp.o)
_ZN5Print7printlnEc                               build-atmega644/libcore.a(Print.cpp.o)
_ZN5Print7printlnEdi                              build-atmega644/libcore.a(Print.cpp.o)
_ZN5Print7printlnEhi                              build-atmega644/libcore.a(Print.cpp.o)
_ZN5Print7printlnEii                              build-atmega644/libcore.a(Print.cpp.o)
_ZN5Print7printlnEji                              build-atmega644/libcore.a(Print.cpp.o)
_ZN5Print7printlnEli                              build-atmega644/libcore.a(Print.cpp.o)
_ZN5Print7printlnEmi                              build-atmega644/libcore.a(Print.cpp.o)
                                                  build-atmega644/OSD_Max7456.cpp.o
_ZN5Print7printlnEv                               build-atmega644/libcore.a(Print.cpp.o)
                                                  build-atmega644/libcore.a(BetterStream.cpp.o)
                                                  build-atmega644/MinimOsd_Extra.ino.o
_ZN8MyStream6_writeEh                             build-atmega644/libcore.a(vprintf.cpp.o)
_ZTV10FastSerial                                  build-atmega644/libcore.a(FastSerial.cpp.o)
_ZTV12BetterStream                                build-atmega644/libcore.a(BetterStream.cpp.o)
_ZTV3OSD                                          build-atmega644/OSD_Max7456.cpp.o
                                                  build-atmega644/MinimOsd_Extra.ino.o
_ZTV5Print                                        build-atmega644/libcore.a(Print.cpp.o)
__FUSE_REGION_LENGTH__                            /usr/share/arduino-1.8.1/hardware/tools/avr.orig/bin/../lib/gcc/avr/4.9.2/../../../../avr/lib/avr5/crtatmega644p.o
__FastSerial__rxBuffer                            build-atmega644/libcore.a(FastSerial.cpp.o)
                                                  build-atmega644/MinimOsd_Extra.ino.o
__FastSerial__txBuffer                            build-atmega644/libcore.a(FastSerial.cpp.o)
                                                  build-atmega644/MinimOsd_Extra.ino.o
__addsf3                                          /usr/share/arduino-1.8.1/hardware/tools/avr.orig/bin/../lib/gcc/avr/4.9.2/../../../../avr/lib/avr5/libc.a(addsf3.o)
                                                  /usr/share/arduino-1.8.1/hardware/tools/avr.orig/bin/../lib/gcc/avr/4.9.2/../../../../avr/lib/avr5/libc.a(atan2.o)
                                                  build-atmega644/libcore.a(Print.cpp.o)
                                                  build-atmega644/MinimOsd_Extra.ino.o
__addsf3x                                         /usr/share/arduino-1.8.1/hardware/tools/avr.orig/bin/../lib/gcc/avr/4.9.2/../../../../avr/lib/avr5/libc.a(addsf3x.o)
                                                  /usr/share/arduino-1.8.1/hardware/tools/avr.orig/bin/../lib/gcc/avr/4.9.2/../../../../avr/lib/avr5/libc.a(tan.o)
                                                  /usr/share/arduino-1.8.1/hardware/tools/avr.orig/bin/../lib/gcc/avr/4.9.2/../../../../avr/lib/avr5/libc.a(fp_sinus.o)
                                                  /usr/share/arduino-1.8.1/hardware/tools/avr.orig/bin/../lib/gcc/avr/4.9.2/../../../../avr/lib/avr5/libc.a(fp_powser.o)
                                                  /usr/share/arduino-1.8.1/hardware/tools/avr.orig/bin/../lib/gcc/avr/4.9.2/../../../../avr/lib/avr5/libc.a(atan.o)
                                                  /usr/share/arduino-1.8.1/hardware/tools/avr.orig/bin/../lib/gcc/avr/4.9.2/../../../../avr/lib/avr5/libc.a(addsf3.o)
__bad_interrupt                                   /usr/share/arduino-1.8.1/hardware/tools/avr.orig/bin/../lib/gcc/avr/4.9.2/../../../../avr/lib/avr5/crtatmega644p.o
__brkval                                          /usr/share/arduino-1.8.1/hardware/tools/avr.orig/bin/../lib/gcc/avr/4.9.2/../../../../avr/lib/avr5/libc.a(malloc.o)
__bss_end                                         /usr/share/arduino-1.8.1/hardware/tools/avr.orig/bin/../lib/gcc/avr/4.9.2/avr5/libgcc.a(_clear_bss.o)
__bss_start                                       /usr/share/arduino-1.8.1/hardware/tools/avr.orig/bin/../lib/gcc/avr/4.9.2/avr5/libgcc.a(_clear_bss.o)
__cmpsf2                                          /usr/share/arduino-1.8.1/hardware/tools/avr.orig/bin/../lib/gcc/avr/4.9.2/../../../../avr/lib/avr5/libc.a(cmpsf2.o)
__ctors_end                                       /usr/share/arduino-1.8.1/hardware/tools/avr.orig/bin/../lib/gcc/avr/4.9.2/avr5/libgcc.a(_ctors.o)
__ctors_start                                     /usr/share/arduino-1.8.1/hardware/tools/avr.orig/bin/../lib/gcc/avr/4.9.2/avr5/libgcc.a(_ctors.o)
__cxa_deleted_virtual                             build-atmega644/libcore.a(abi.cpp.o)
__cxa_pure_virtual                                build-atmega644/libcore.a(abi.cpp.o)
                                                  build-atmega644/libcore.a(BetterStream.cpp.o)
                                                  build-atmega644/libcore.a(Print.cpp.o)
__data_end                                        /usr/share/arduino-1.8.1/hardware/tools/avr.orig/bin/../lib/gcc/avr/4.9.2/avr5/libgcc.a(_copy_data.o)
__data_load_start                                 /usr/share/arduino-1.8.1/hardware/tools/avr.orig/bin/../lib/gcc/avr/4.9.2/avr5/libgcc.a(_copy_data.o)
__data_start                                      /usr/share/arduino-1.8.1/hardware/tools/avr.orig/bin/../lib/gcc/avr/4.9.2/avr5/libgcc.a(_copy_data.o)
__divmodhi4                                       /usr/share/arduino-1.8.1/hardware/tools/avr.orig/bin/../lib/gcc/avr/4.9.2/avr5/libgcc.a(_divmodhi4.o)
                                                  build-atmega644/MinimOsd_Extra.ino.o
__divmodqi4                                       /usr/share/arduino-1.8.1/hardware/tools/avr.orig/bin/../lib/gcc/avr/4.9.2/avr5/libgcc.a(_divmodqi4.o)
                                                  build-atmega644/MinimOsd_Extra.ino.o
__divmodsi4                                       /usr/share/arduino-1.8.1/hardware/tools/avr.orig/bin/../lib/gcc/avr/4.9.2/avr5/libgcc.a(_divmodsi4.o)
                                                  build-atmega644/libcore.a(FastSerial.cpp.o)
                                                  build-atmega644/MinimOsd_Extra.ino.o
__divsf3                                          /usr/share/arduino-1.8.1/hardware/tools/avr.orig/bin/../lib/gcc/avr/4.9.2/../../../../avr/lib/avr5/libc.a(divsf3.o)
                                                  /usr/share/arduino-1.8.1/hardware/tools/avr.orig/bin/../lib/gcc/avr/4.9.2/../../../../avr/lib/avr5/libc.a(inverse.o)
                                                  build-atmega644/MinimOsd_Extra.ino.o
__divsf3_pse                                      /usr/share/arduino-1.8.1/hardware/tools/avr.orig/bin/../lib/gcc/avr/4.9.2/../../../../avr/lib/avr5/libc.a(divsf3x.o)
                                                  /usr/share/arduino-1.8.1/hardware/tools/avr.orig/bin/../lib/gcc/avr/4.9.2/../../../../avr/lib/avr5/libc.a(atan2.o)
__divsf3x                                         /usr/share/arduino-1.8.1/hardware/tools/avr.orig/bin/../lib/gcc/avr/4.9.2/../../../../avr/lib/avr5/libc.a(divsf3x.o)
                                                  /usr/share/arduino-1.8.1/hardware/tools/avr.orig/bin/../lib/gcc/avr/4.9.2/../../../../avr/lib/avr5/libc.a(divsf3.o)
__do_clear_bss                                    /usr/share/arduino-1.8.1/hardware/tools/avr.orig/bin/../lib/gcc/avr/4.9.2/avr5/libgcc.a(_clear_bss.o)
                                                  /usr/share/arduino-1.8.1/hardware/tools/avr.orig/bin/../lib/gcc/avr/4.9.2/../../../../avr/lib/avr5/libc.a(malloc.o)
                                                  build-atmega644/libcore.a(FastSerial.cpp.o)
                                                  build-atmega644/libcore.a(wiring.c.o)
                                                  build-atmega644/MinimOsd_Extra.ino.o
                                                  build-atmega644/OSD_Max7456.cpp.o
__do_copy_data                                    /usr/share/arduino-1.8.1/hardware/tools/avr.orig/bin/../lib/gcc/avr/4.9.2/avr5/libgcc.a(_copy_data.o)
                                                  /usr/share/arduino-1.8.1/hardware/tools/avr.orig/bin/../lib/gcc/avr/4.9.2/../../../../avr/lib/avr5/libc.a(malloc.o)
                                                  build-atmega644/libcore.a(BetterStream.cpp.o)
                                                  build-atmega644/libcore.a(FastSerial.cpp.o)
                                                  build-atmega644/libcore.a(Print.cpp.o)