Archive member included to satisfy reference by file (symbol)

build-atmega644/libcore.a(wiring.c.o)
                              build-atmega644/MinimOsd_Extra.ino.o (millis)
build-atmega644/libcore.a(wiring_digital.c.o)
                              build-atmega644/OSD_Max7456.cpp.o (pinMode)
build-atmega644/libcore.a(hooks.c.o)
                              build-atmega644/libcore.a(wiring.c.o) (yield)
build-atmega644/libcore.a(wiring_pulse.c.o)
                              build-atmega644/MinimOsd_Extra.ino.o (pulseIn)
build-atmega644/libcore.a(wiring_analog.c.o)
                              build-atmega644/MinimOsd_Extra.ino.o (analogReference)
build-atmega644/libcore.a(Print.cpp.o)
                              build-atmega644/OSD_Max7456.cpp.o (_ZN5Print5writeEPKhj)
build-atmega644/libcore.a(abi.cpp.o)
                              build-atmega644/libcore.a(Print.cpp.o) (__cxa_pure_virtual)
build-atmega644/libcore.a(main.cpp.o)
                              /usr/share/arduino-1.8.1/hardware/tools/avr.orig/bin/../lib/gcc/avr/4.9.2/../../../../avr/lib/avr5/crtatmega644p.o (main)
build-atmega644/libcore.a(wiring_pulse.S.o)
                              build-atmega644/libcore.a(wiring_pulse.c.o) (countPulseASM)
build-atmega644/libcore.a(SingleSerial.cpp.o)
                              build-atmega644/MinimOsd_Extra.ino.o (_ZN12SingleSerial9_rxBufferE)
build-atmega644/libcore.a(BetterStream.cpp.o)
                              build-atmega644/MinimOsd_Extra.ino.o (_ZN12BetterStream7print_PEPKc)
build-atmega644/libcore.a(vprintf.cpp.o)
                              build-atmega644/libcore.a(BetterStream.cpp.o) (_ZN12BetterStream8_vprintfEhPKcPv)
build-atmega644/libcore.a(ultoa_invert.S.o)
                              build-atmega644/libcore.a(vprintf.cpp.o) (__ultoa_invert)
build-atmega644/libcore.a(ftoa_engine.S.o)
                              build-atmega644/libcore.a(vprintf.cpp.o) (__ftoa_engine)
/usr/share/arduino-1.8.1/hardware/tools/avr.orig/bin/../lib/gcc/avr/4.9.2/../../../../avr/lib/avr5/libc.a(abort.o)
                              build-atmega644/libcore.a(abi.cpp.o) (abort)
/usr/share/arduino-1.8.1/hardware/tools/avr.orig/bin/../lib/gcc/avr/4.9.2/../../../../avr/lib/avr5/libc.a(exit.o)
                              /usr/share/arduino-1.8.1/hardware/tools/avr.orig/bin/../lib/gcc/avr/4.9.2/../../../../avr/lib/avr5/crtatmega644p.o (exit)
/usr/share/arduino-1.8.1/hardware/tools/avr.orig/bin/../lib/gcc/avr/4.9.2/../../../../avr/lib/avr5/libc.a(strnlen_P.o)
                              build-atmega644/libcore.a(vprintf.cpp.o) (strnlen_P)
/usr/share/arduino-1.8.1/hardware/tools/avr.orig/bin/../lib/gcc/avr/4.9.2/../../../../avr/lib/avr5/libc.a(strnlen.o)
                              build-atmega644/libcore.a(vprintf.cpp.o) (strnlen)
/usr/share/arduino-1.8.1/hardware/tools/avr.orig/bin/../lib/gcc/avr/4.9.2/../../../../avr/lib/avr5/libc.a(addsf3.o)
                              build-atmega644/MinimOsd_Extra.ino.o (__subsf3)
/usr/share/arduino-1.8.1/hardware/tools/avr.orig/bin/../lib/gcc/avr/4.9.2/../../../../avr/lib/avr5/libc.a(addsf3x.o)
                              /usr/share/arduino-1.8.1/hardware/tools/avr.orig/bin/../lib/gcc/avr/4.9.2/../../../../avr/lib/avr5/libc.a(addsf3.o) (__addsf3x)
/usr/share/arduino-1.8.1/hardware/tools/avr.orig/bin/../lib/gcc/avr/4.9.2/../../../../avr/lib/avr5/libc.a(atan2.o)
                              build-atmega644/MinimOsd_Extra.ino.o (atan2)
/usr/share/arduino-1.8.1/hardware/tools/avr.orig/bin/../lib/gcc/avr/4.9.2/../../../../avr/lib/avr5/libc.a(atan.o)
                              /usr/share/arduino-1.8.1/hardware/tools/avr.orig/bin/../lib/gcc/avr/4.9.2/../../../../avr/lib/avr5/libc.a(atan2.o) (atan)
/usr/share/arduino-1.8.1/hardware/tools/avr.orig/bin/../lib/gcc/avr/4.9.2/../../../../avr/lib/avr5/libc.a(cmpsf2.o)
                              build-atmega644/MinimOsd_Extra.ino.o (__eqsf2)
/usr/share/arduino-1.8.1/hardware/tools/avr.orig/bin/../lib/gcc/avr/4.9.2/../../../../avr/lib/avr5/libc.a(cos.o)
                              build-atmega644/MinimOsd_Extra.ino.o (cos)
/usr/share/arduino-1.8.1/hardware/tools/avr.orig/bin/../lib/gcc/avr/4.9.2/../../../../avr/lib/avr5/libc.a(divsf3.o)
                              build-atmega644/MinimOsd_Extra.ino.o (__divsf3)
/usr/share/arduino-1.8.1/hardware/tools/avr.orig/bin/../lib/gcc/avr/4.9.2/../../../../avr/lib/avr5/libc.a(divsf3x.o)
                              /usr/share/arduino-1.8.1/hardware/tools/avr.orig/bin/../lib/gcc/avr/4.9.2/../../../../avr/lib/avr5/libc.a(divsf3.o) (__divsf3x)
/usr/share/arduino-1.8.1/hardware/tools/avr.orig/bin/../lib/gcc/avr/4.9.2/../../../../avr/lib/avr5/libc.a(fixsfsi.o)
                              build-atmega644/MinimOsd_Extra.ino.o (__fixsfsi)
/usr/share/arduino-1.8.1/hardware/tools/avr.orig/bin/../lib/gcc/avr/4.9.2/../../../../avr/lib/avr5/libc.a(fixunssfsi.o)
                              build-atmega644/MinimOsd_Extra.ino.o (__fixunssfsi)
[...]
Memory Configuration

Name             Origin             Length             Attributes
text             0x00000000         0x00020000         xr
data             0x00800060         0x0000ffa0         rw !x
eeprom           0x00810000         0x00010000         rw !x
fuse             0x00820000         0x00000400         rw !x
lock             0x00830000         0x00000400         rw !x
signature        0x00840000         0x00000400         rw !x
*default*        0x00000000         0xffffffff

Linker script and memory map

Address of section .data set to 0x800100
LOAD /usr/share/arduino-1.8.1/hardware/tools/avr.orig/bin/../lib/gcc/avr/4.9.2/../../../../avr/lib/avr5/crtatmega644p.o
LOAD build-atmega644/OSD_Max7456.cpp.o
LOAD build-atmega644/Spi.cpp.o
LOAD build-atmega644/MinimOsd_Extra.ino.o
LOAD build-atmega644/libcore.a
LOAD /usr/share/arduino-1.8.1/hardware/tools/avr.orig/bin/../lib/gcc/avr/4.9.2/../../../../avr/lib/avr5/libc.a
LOAD /usr/share/arduino-1.8.1/hardware/tools/avr.orig/bin/../lib/gcc/avr/4.9.2/../../../../avr/lib/avr5/libm.a
START GROUP
LOAD /usr/share/arduino-1.8.1/hardware/tools/avr.orig/bin/../lib/gcc/avr/4.9.2/avr5/libgcc.a
LOAD /usr/share/arduino-1.8.1/hardware/tools/avr.orig/bin/../lib/gcc/avr/4.9.2/../../../../avr/lib/avr5/libm.a
LOAD /usr/share/arduino-1.8.1/hardware/tools/avr.orig/bin/../lib/gcc/avr/4.9.2/../../../../avr/lib/avr5/libc.a
LOAD /usr/share/arduino-1.8.1/hardware/tools/avr.orig/bin/../lib/gcc/avr/4.9.2/../../../../avr/lib/avr5/libatmega644p.a
END GROUP

.hash
 *(.hash)

.dynsym
 *(.dynsym)

.dynstr
 *(.dynstr)

.gnu.version
 *(.gnu.version)

.gnu.version_d
 *(.gnu.version_d)

.gnu.version_r
 *(.gnu.version_r)

.rel.init
 *(.rel.init)

.rela.init
 *(.rela.init)

.rel.text
 *(.rel.text)
 *(.rel.text.*)
 *(.rel.gnu.linkonce.t*)

.rela.text
 *(.rela.text)
 *(.rela.text.*)
 *(.rela.gnu.linkonce.t*)

.rel.fini
 *(.rel.fini)

.rela.fini
 *(.rela.fini)

.rel.rodata
 *(.rel.rodata)
 *(.rel.rodata.*)
 *(.rel.gnu.linkonce.r*)

.rela.rodata
 *(.rela.rodata)
 *(.rela.rodata.*)
 *(.rela.gnu.linkonce.r*)

.rel.data
 *(.rel.data)
 *(.rel.data.*)
 *(.rel.gnu.linkonce.d*)

.rela.data
 *(.rela.data)
 *(.rela.data.*)
 *(.rela.gnu.linkonce.d*)

.rel.ctors
 *(.rel.ctors)

.rela.ctors
 *(.rela.ctors)

.rel.dtors
 *(.rel.dtors)

.rela.dtors
 *(.rela.dtors)

.rel.got
 *(.rel.got)

.rela.got
 *(.rela.got)

.rel.bss
 *(.rel.bss)

.rela.bss
 *(.rela.bss)

.rel.plt
 *(.rel.plt)

.rela.plt
 *(.rela.plt)

.text           0x00000000     0x77d2
 *(.vectors)
 .vectors       0x00000000       0x7c /usr/share/arduino-1.8.1/hardware/tools/avr.orig/bin/../lib/gcc/avr/4.9.2/../../../../avr/lib/avr5/crtatmega644p.o
                0x00000000                __vectors
                0x00000000                __vector_default
 *(.vectors)
 *(.progmem.gcc*)
 .progmem.gcc_sw_table._Z16mavlink_one_bytec
                0x0000007c       0x16 build-atmega644/MinimOsd_Extra.ino.o
 .progmem.gcc_fplib
                0x00000092       0x2d /usr/share/arduino-1.8.1/hardware/tools/avr.orig/bin/../lib/gcc/avr/4.9.2/../../../../avr/lib/avr5/libc.a(atan.o)
 .progmem.gcc_fplib
                0x000000bf       0x1e /usr/share/arduino-1.8.1/hardware/tools/avr.orig/bin/../lib/gcc/avr/4.9.2/../../../../avr/lib/avr5/libc.a(fp_sinus.o)
 .progmem.gcc_fplib
                0x000000dd       0x23 /usr/share/arduino-1.8.1/hardware/tools/avr.orig/bin/../lib/gcc/avr/4.9.2/../../../../avr/lib/avr5/libc.a(tan.o)
                0x00000100                . = ALIGN (0x2)
                0x00000100                __trampolines_start = .
 *(.trampolines)
 .trampolines   0x00000100        0x0 linker stubs
 *(.trampolines*)
                0x00000100                __trampolines_end = .
 *(.progmem*)
 .progmem.data  0x00000100        0x4 build-atmega644/OSD_Max7456.cpp.o
 .progmem.data  0x00000104      0x856 build-atmega644/MinimOsd_Extra.ino.o
 .progmem.data  0x0000095a       0x5a build-atmega644/libcore.a(wiring_digital.c.o)
                0x0000095a                digital_pin_to_timer_PGM
                0x0000096e                digital_pin_to_bit_mask_PGM
                0x00000982                digital_pin_to_port_PGM
                0x00000996                port_to_input_PGM
                0x000009a0                port_to_output_PGM
                0x000009aa                port_to_mode_PGM
 .progmem.data  0x000009b4        0x8 build-atmega644/libcore.a(vprintf.cpp.o)
 .progmem.data  0x000009bc       0xfa build-atmega644/libcore.a(ftoa_engine.S.o)
                0x00000ab6                . = ALIGN (0x2)
 *(.jumptables)
 *(.jumptables*)
 *(.lowtext)
 *(.lowtext*)
                0x00000ab6                __ctors_start = .
 *(.ctors)
 .ctors         0x00000ab6        0x2 build-atmega644/Spi.cpp.o
 .ctors         0x00000ab8        0x2 build-atmega644/MinimOsd_Extra.ino.o
                0x00000aba                __ctors_end = .
                0x00000aba                __dtors_start = .
 *(.dtors)
                0x00000aba                __dtors_end = .
 SORT(*)(.ctors)
 SORT(*)(.dtors)
 *(.init0)
 .init0         0x00000aba        0x0 /usr/share/arduino-1.8.1/hardware/tools/avr.orig/bin/../lib/gcc/avr/4.9.2/../../../../avr/lib/avr5/crtatmega644p.o
                0x00000aba                __init
 *(.init0)
 *(.init1)
 *(.init1)
 *(.init2)
 .init2         0x00000aba        0xc /usr/share/arduino-1.8.1/hardware/tools/avr.orig/bin/../lib/gcc/avr/4.9.2/../../../../avr/lib/avr5/crtatmega644p.o
 *(.init2)
 *(.init3)
 *(.init3)
 *(.init4)
 .init4         0x00000ac6       0x16 /usr/share/arduino-1.8.1/hardware/tools/avr.orig/bin/../lib/gcc/avr/4.9.2/avr5/libgcc.a(_copy_data.o)
                0x00000ac6                __do_copy_data
 .init4         0x00000adc       0x10 /usr/share/arduino-1.8.1/hardware/tools/avr.orig/bin/../lib/gcc/avr/4.9.2/avr5/libgcc.a(_clear_bss.o)
                0x00000adc                __do_clear_bss
 *(.init4)
 *(.init5)
 *(.init5)
 *(.init6)
 .init6         0x00000aec       0x16 /usr/share/arduino-1.8.1/hardware/tools/avr.orig/bin/../lib/gcc/avr/4.9.2/avr5/libgcc.a(_ctors.o)
                0x00000aec                __do_global_ctors
 *(.init6)
 *(.init7)
 *(.init7)
 *(.init8)
 *(.init8)
 *(.init9)
 .init9         0x00000b02        0x8 /usr/share/arduino-1.8.1/hardware/tools/avr.orig/bin/../lib/gcc/avr/4.9.2/../../../../avr/lib/avr5/crtatmega644p.o
 *(.init9)
 *(.text)
 .text          0x00000b0a        0x2 /usr/share/arduino-1.8.1/hardware/tools/avr.orig/bin/../lib/gcc/avr/4.9.2/../../../../avr/lib/avr5/crtatmega644p.o
                0x00000b0a                __vector_22
                0x00000b0a                __vector_28
                0x00000b0a                __vector_24
                0x00000b0a                __vector_12
                0x00000b0a                __bad_interrupt
                0x00000b0a                __vector_6
                0x00000b0a                __vector_3
                0x00000b0a                __vector_23
                0x00000b0a                __vector_30
                0x00000b0a                __vector_25
                0x00000b0a                __vector_11
                0x00000b0a                __vector_13
                0x00000b0a                __vector_17
                0x00000b0a                __vector_19
                0x00000b0a                __vector_7
                0x00000b0a                __vector_27
                0x00000b0a                __vector_5
                0x00000b0a                __vector_4
                0x00000b0a                __vector_9
                0x00000b0a                __vector_2
                0x00000b0a                __vector_15
                0x00000b0a                __vector_29
                0x00000b0a                __vector_8
                0x00000b0a                __vector_26
                0x00000b0a                __vector_14
                0x00000b0a                __vector_10
                0x00000b0a                __vector_16
 .text          0x00000b0c       0x8a build-atmega644/libcore.a(wiring_pulse.S.o)
                0x00000b0c                countPulseASM
 .text          0x00000b96       0xbc build-atmega644/libcore.a(ultoa_invert.S.o)
                0x00000b96                __ultoa_invert
 .text          0x00000c52      0x1b0 build-atmega644/libcore.a(ftoa_engine.S.o)
                0x00000c52                __ftoa_engine
                0x00000e02                . = ALIGN (0x2)
 *(.text.*)
 .text._ZN3OSD9availableEv
                0x00000e02        0x4 build-atmega644/OSD_Max7456.cpp.o
                0x00000e02                _ZN3OSD9availableEv
 .text._ZN3OSD4readEv
                0x00000e06        0x4 build-atmega644/OSD_Max7456.cpp.o
                0x00000e06                _ZN3OSD4readEv
 .text._ZN3OSD4peekEv
                0x00000e0a        0x4 build-atmega644/OSD_Max7456.cpp.o
                0x00000e0a                _ZN3OSD4peekEv
 .text._ZN3OSD5flushEv
                0x00000e0e        0x2 build-atmega644/OSD_Max7456.cpp.o
                0x00000e0e                _ZN3OSD5flushEv
 .text._ZN3OSDC2Ev
                0x00000e10       0x10 build-atmega644/OSD_Max7456.cpp.o
                0x00000e10                _ZN3OSDC1Ev
                0x00000e10                _ZN3OSDC2Ev
 .text._Z8delay_15v
                0x00000e20        0xc build-atmega644/OSD_Max7456.cpp.o
                0x00000e20                _Z8delay_15v
 .text._Z8MAX_modeh
                0x00000e2c        0x8 build-atmega644/OSD_Max7456.cpp.o
                0x00000e2c                _Z8MAX_modeh
 .text._ZN3OSD7setModeEh
                0x00000e34       0x24 build-atmega644/OSD_Max7456.cpp.o
                0x00000e34                _ZN3OSD7setModeEh
 .text._ZN3OSD10detectModeEv
                0x00000e58       0x4e build-atmega644/OSD_Max7456.cpp.o
                0x00000e58                _ZN3OSD10detectModeEv
 .text._ZN3OSD13setBrightnessEv
                0x00000ea6       0x2e build-atmega644/OSD_Max7456.cpp.o
                0x00000ea6                _ZN3OSD13setBrightnessEv
 .text._ZN3OSD6adjustEv
                0x00000ed4       0x1c build-atmega644/OSD_Max7456.cpp.o
                0x00000ed4                _ZN3OSD6adjustEv
 .text._ZN3OSD7hw_initEv
                0x00000ef0       0x30 build-atmega644/OSD_Max7456.cpp.o
                0x00000ef0                _ZN3OSD7hw_initEv
 .text._ZN3OSD5resetEv
                0x00000f20       0x3c build-atmega644/OSD_Max7456.cpp.o
                0x00000f20                _ZN3OSD5resetEv
 .text._ZN3OSD4initEv
                0x00000f5c       0x26 build-atmega644/OSD_Max7456.cpp.o
                0x00000f5c                _ZN3OSD4initEv
 .text._ZN3OSD8calc_posEv
                0x00000f82       0x1e build-atmega644/OSD_Max7456.cpp.o
                0x00000f82                _ZN3OSD8calc_posEv
 .text._ZN3OSD8setPanelEhh
                0x00000fa0       0x22 build-atmega644/OSD_Max7456.cpp.o
                0x00000fa0                _ZN3OSD8setPanelEhh
 .text._ZN3OSD8relPanelEhh
                0x00000fc2       0x22 build-atmega644/OSD_Max7456.cpp.o
                0x00000fc2                _ZN3OSD8relPanelEhh
 .text._ZN3OSD9write_rawEh
                0x00000fe4       0x28 build-atmega644/OSD_Max7456.cpp.o
                0x00000fe4                _ZN3OSD9write_rawEh
 .text._ZN3OSD7write_SEh
                0x0000100c       0x12 build-atmega644/OSD_Max7456.cpp.o
                0x0000100c                _ZN3OSD7write_SEh
 .text._ZN3OSD5writeEh
                0x0000101e        0xa build-atmega644/OSD_Max7456.cpp.o
                0x0000101e                _ZN3OSD5writeEh
 .text._ZN3OSD8write_xyEhhh
                0x00001028        0xe build-atmega644/OSD_Max7456.cpp.o
                0x00001028                _ZN3OSD8write_xyEhhh
 .text._ZN3OSD6updateEv
                0x00001036       0x4e build-atmega644/OSD_Max7456.cpp.o
                0x00001036                _ZN3OSD6updateEv
 .text._ZN3OSD9write_NVMEjPh
                0x00001084       0x66 build-atmega644/OSD_Max7456.cpp.o
                0x00001084                _ZN3OSD9write_NVMEjPh
 .text._ZN3SPI4modeEh
                0x000010ea       0x2a build-atmega644/Spi.cpp.o
                0x000010ea                _ZN3SPI4modeEh
 .text._ZN3SPIC2Ev
                0x00001114       0x24 build-atmega644/Spi.cpp.o
                0x00001114                _ZN3SPIC1Ev
                0x00001114                _ZN3SPIC2Ev
 .text.startup._GLOBAL__sub_I__ZN3SPIC2Ev
                0x00001138        0x6 build-atmega644/Spi.cpp.o
 .text.crc_accumulate
                0x0000113e       0x44 build-atmega644/MinimOsd_Extra.ino.o
 .text.mavlink_update_checksum
                0x00001182        0x8 build-atmega644/MinimOsd_Extra.ino.o
 .text._ZL12get_chan_poshh
                0x0000118a       0x50 build-atmega644/MinimOsd_Extra.ino.o
 .text._ZL13storeChannelsv
                0x000011da       0x2a build-atmega644/MinimOsd_Extra.ino.o
 .text._ZL11channelDiffh
                0x00001204       0x20 build-atmega644/MinimOsd_Extra.ino.o
 .text._ZL9move_menuc
                0x00001224       0x58 build-atmega644/MinimOsd_Extra.ino.o
 .text._ZL12osd_setPanel5Point
                0x0000127c        0x4 build-atmega644/MinimOsd_Extra.ino.o
 .text._ZL12osd_printi_1PKci
                0x00001280       0x22 build-atmega644/MinimOsd_Extra.ino.o
 .text._ZL7panDate5Point
                0x000012a2      0x118 build-atmega644/MinimOsd_Extra.ino.o
 .text._ZL7panRoll5Point
                0x000013ba        0xe build-atmega644/MinimOsd_Extra.ino.o
 .text._ZL8panPitch5Point
                0x000013c8        0xe build-atmega644/MinimOsd_Extra.ino.o
 .text._ZL13panFlightMode5Point
                0x000013d6       0x7e build-atmega644/MinimOsd_Extra.ino.o
 .text._ZL9panGPSats5Point
                0x00001454       0x6a build-atmega644/MinimOsd_Extra.ino.o
 .text._ZL13osd_print_batv
                0x000014be       0x1e build-atmega644/MinimOsd_Extra.ino.o
 .text._ZL9showArrowh
                0x000014dc       0x26 build-atmega644/MinimOsd_Extra.ino.o
 .text._ZL10panHomeDir5Point
                0x00001502       0x26 build-atmega644/MinimOsd_Extra.ino.o
 .text._ZL9printTimejhh
                0x00001528       0x66 build-atmega644/MinimOsd_Extra.ino.o
 .text._ZL10panDayTime5Point
                0x0000158e       0x46 build-atmega644/MinimOsd_Extra.ino.o
 .text._ZL9printTimei
                0x000015d4        0x6 build-atmega644/MinimOsd_Extra.ino.o
 .text._ZL11osd_percentv
                0x000015da        0x4 build-atmega644/MinimOsd_Extra.ino.o
 .text._ZL17panBatteryPercent5Point
                0x000015de       0xc2 build-atmega644/MinimOsd_Extra.ino.o
 .text._ZL6panThr5Point
                0x000016a0        0xe build-atmega644/MinimOsd_Extra.ino.o
 .text._ZL9osd_blankv
                0x000016ae        0x4 build-atmega644/MinimOsd_Extra.ino.o
 .text._ZL6osd_nlv
                0x000016b2        0x4 build-atmega644/MinimOsd_Extra.ino.o
 .text._ZL8panMotor5Point
                0x000016b6       0x6e build-atmega644/MinimOsd_Extra.ino.o
 .text._ZL12osd_printf_2PKcfh
                0x00001724       0x38 build-atmega644/MinimOsd_Extra.ino.o
 .text._ZL7panTemp5Point
                0x0000175c       0x9a build-atmega644/MinimOsd_Extra.ino.o
 .text._ZL12osd_printf_1PKcf
                0x000017f6        0x4 build-atmega644/MinimOsd_Extra.ino.o
 .text._ZL7panHdop5Point
                0x000017fa       0x26 build-atmega644/MinimOsd_Extra.ino.o
 .text._ZL8panPower5Point
                0x00001820       0x16 build-atmega644/MinimOsd_Extra.ino.o
 .text._ZL11showHorizonv
                0x00001836      0x320 build-atmega644/MinimOsd_Extra.ino.o
 .text._Z11setup_horizv
                0x00001b56        0x8 build-atmega644/MinimOsd_Extra.ino.o
                0x00001b56                _Z11setup_horizv
 .text._ZL10panMessage5Point
                0x00001b5e       0xee build-atmega644/MinimOsd_Extra.ino.o
 .text._ZL11panCALLSIGN5Point
                0x00001c4c       0x24 build-atmega644/MinimOsd_Extra.ino.o
 .text._ZL14serial_print_SPKc
                0x00001c70        0xa build-atmega644/MinimOsd_Extra.ino.o
 .text._ZL9print_rffv
                0x00001c7a        0x6 build-atmega644/MinimOsd_Extra.ino.o
 .text._ZL10diff_coordRfS_.isra.6
                0x00001c80       0x10 build-atmega644/MinimOsd_Extra.ino.o
 .text._ZL10coord_fracRfh.isra.7
                0x00001c90       0x62 build-atmega644/MinimOsd_Extra.ino.o
 .text._mavlink_send_uart.isra.9
                0x00001cf2       0x28 build-atmega644/MinimOsd_Extra.ino.o
 .text._ZL11print_coord5PointPf.isra.10
                0x00001d1a       0x6c build-atmega644/MinimOsd_Extra.ino.o
 .text._ZL10panGPS_lon5Point
                0x00001d86        0x8 build-atmega644/MinimOsd_Extra.ino.o
 .text._ZL10panGPS_lat5Point
                0x00001d8e        0x8 build-atmega644/MinimOsd_Extra.ino.o
 .text._ZL12printTimeCnvPmh.isra.12
                0x00001d96       0x1e build-atmega644/MinimOsd_Extra.ino.o
 .text._ZL7panTime5Point
                0x00001db4       0x18 build-atmega644/MinimOsd_Extra.ino.o
 .text._ZL12print_energy5Point.isra.13
                0x00001dcc       0x46 build-atmega644/MinimOsd_Extra.ino.o
 .text._ZL12osd_printi_2PKcjj.constprop.33
                0x00001e12       0x2e build-atmega644/MinimOsd_Extra.ino.o
 .text._ZL5panCh5Point
                0x00001e40       0x30 build-atmega644/MinimOsd_Extra.ino.o
 .text._mav_finalize_message_chan_send.constprop.126
                0x00001e70       0xaa build-atmega644/MinimOsd_Extra.ino.o
 .text.__vector_20
                0x00001f1a       0x4c build-atmega644/MinimOsd_Extra.ino.o
                0x00001f1a                __vector_20
 .text.__vector_21
                0x00001f66       0x58 build-atmega644/MinimOsd_Extra.ino.o
                0x00001f66                __vector_21
 .text._Z11get_alt_num5Point
                0x00001fbe       0x20 build-atmega644/MinimOsd_Extra.ino.o
                0x00001fbe                _Z11get_alt_num5Point
 .text._ZL9panCValue5Point
                0x00001fde       0x3a build-atmega644/MinimOsd_Extra.ino.o
 .text._ZL8panScale5Point
                0x00002018       0x4c build-atmega644/MinimOsd_Extra.ino.o
 .text._Z14get_alt_filter5Point
                0x00002064       0x32 build-atmega644/MinimOsd_Extra.ino.o
                0x00002064                _Z14get_alt_filter5Point
 .text._ZL8panClimb5Point
                0x00002096       0xb4 build-atmega644/MinimOsd_Extra.ino.o
 .text._Z11millis_plusPmj
                0x0000214a       0x2e build-atmega644/MinimOsd_Extra.ino.o
                0x0000214a                _Z11millis_plusPmj
 .text._Z9long_plusPmj
                0x00002178       0x1e build-atmega644/MinimOsd_Extra.ino.o
                0x00002178                _Z9long_plusPmj
 .text._Z12get_converthv
                0x00002196       0x14 build-atmega644/MinimOsd_Extra.ino.o
                0x00002196                _Z12get_converthv
 .text._ZL13printFullDistf
                0x000021aa       0x9e build-atmega644/MinimOsd_Extra.ino.o
 .text._ZL10panHomeDis5Point
                0x00002248       0x2e build-atmega644/MinimOsd_Extra.ino.o
 .text._ZL10panHomeAlt5Point
                0x00002276       0x36 build-atmega644/MinimOsd_Extra.ino.o
 .text._ZL11panDistance5Point
                0x000022ac       0x12 build-atmega644/MinimOsd_Extra.ino.o
 .text._Z12get_convertsv
                0x000022be       0x12 build-atmega644/MinimOsd_Extra.ino.o
                0x000022be                _Z12get_convertsv
 .text._ZL13printSpeedCnvPKcPfh.isra.20
                0x000022d0       0x58 build-atmega644/MinimOsd_Extra.ino.o
 .text._ZL11panAirSpeed5Point
                0x00002328       0x1c build-atmega644/MinimOsd_Extra.ino.o
 .text._ZL6panVel5Point
                0x00002344       0x1c build-atmega644/MinimOsd_Extra.ino.o
 .text._ZL10print_listPK7Formatsh
                0x00002360       0xf8 build-atmega644/MinimOsd_Extra.ino.o
 .text._ZL7panTune5Point
                0x00002458        0x8 build-atmega644/MinimOsd_Extra.ino.o
 .text._ZL8panFdata5Point
                0x00002460       0x60 build-atmega644/MinimOsd_Extra.ino.o
 .text._Z9f_div1000f
                0x000024c0        0xc build-atmega644/MinimOsd_Extra.ino.o
                0x000024c0                _Z9f_div1000f
 .text._ZL13panRadarScale5Point
                0x000024cc       0x78 build-atmega644/MinimOsd_Extra.ino.o
 .text._ZL9printVoltjh
                0x00002544       0x2e build-atmega644/MinimOsd_Extra.ino.o
 .text._ZL6panAlt5Point
                0x00002572       0x70 build-atmega644/MinimOsd_Extra.ino.o
 .text._Z17mav_message_starthh
                0x000025e2       0x22 build-atmega644/MinimOsd_Extra.ino.o
                0x000025e2                _Z17mav_message_starthh
 .text._Z15normalize_anglei
                0x00002604       0x18 build-atmega644/MinimOsd_Extra.ino.o
                0x00002604                _Z15normalize_anglei
 .text._Z10time_sincePm
                0x0000261c       0x1a build-atmega644/MinimOsd_Extra.ino.o
                0x0000261c                _Z10time_sincePm
 .text._Z11osd_print_SPKc
                0x00002636        0xa build-atmega644/MinimOsd_Extra.ino.o
                0x00002636                _Z11osd_print_SPKc
 .text._ZL8panVario5Point
                0x00002640       0xd6 build-atmega644/MinimOsd_Extra.ino.o
 .text._ZL7panVibe5Point
                0x00002716       0x4a build-atmega644/MinimOsd_Extra.ino.o
 .text._ZL7panRose5Point
                0x00002760       0xb2 build-atmega644/MinimOsd_Extra.ino.o
 .text._ZL6panGPS5Point
                0x00002812       0xba build-atmega644/MinimOsd_Extra.ino.o
 .text._ZL7panWarn5Point
                0x000028cc      0x20a build-atmega644/MinimOsd_Extra.ino.o
 .text._Z15get_switch_timeh
                0x00002ad6       0x1e build-atmega644/MinimOsd_Extra.ino.o
                0x00002ad6                _Z15get_switch_timeh
 .text._Z12grad_to_secti
                0x00002af4       0x1c build-atmega644/MinimOsd_Extra.ino.o
                0x00002af4                _Z12grad_to_secti
 .text._ZL8panWPDis5Point
                0x00002b10       0xe2 build-atmega644/MinimOsd_Extra.ino.o
 .text._ZL6panCOG5Point
                0x00002bf2       0x46 build-atmega644/MinimOsd_Extra.ino.o
 .text._Z8calc_maxRff
                0x00002c38       0x3c build-atmega644/MinimOsd_Extra.ino.o
                0x00002c38                _Z8calc_maxRff
 .text._Z6filterRffh
                0x00002c74       0x9c build-atmega644/MinimOsd_Extra.ino.o
                0x00002c74                _Z6filterRffh
 .text._ZL9panBatt_B5Point
                0x00002d10       0x6a build-atmega644/MinimOsd_Extra.ino.o
 .text._ZL9panBatt_A5Point
                0x00002d7a       0x4c build-atmega644/MinimOsd_Extra.ino.o
 .text._ZL8panCur_A5Point
                0x00002dc6       0x66 build-atmega644/MinimOsd_Extra.ino.o
 .text._ZL12panWindSpeed5Point
                0x00002e2c       0x8e build-atmega644/MinimOsd_Extra.ino.o
 .text._ZL7panRSSI5Point
                0x00002eba       0x56 build-atmega644/MinimOsd_Extra.ino.o
 .text._ZL11calc_energyv
                0x00002f10       0x78 build-atmega644/MinimOsd_Extra.ino.o
 .text._ZL6panEff5Point
                0x00002f88      0x27a build-atmega644/MinimOsd_Extra.ino.o
 .text._Z6filterRff
                0x00003202        0x4 build-atmega644/MinimOsd_Extra.ino.o
                0x00003202                _Z6filterRff
 .text._Z9float_addRff
                0x00003206       0x24 build-atmega644/MinimOsd_Extra.ino.o
                0x00003206                _Z9float_addRff
 .text._Z12setFdataVarsv
                0x0000322a      0x320 build-atmega644/MinimOsd_Extra.ino.o
                0x0000322a                _Z12setFdataVarsv
 .text._Z8gps_normRfl
                0x0000354a       0x28 build-atmega644/MinimOsd_Extra.ino.o
                0x0000354a                _Z8gps_normRfl
 .text._Z12set_data_gotv
                0x00003572       0x30 build-atmega644/MinimOsd_Extra.ino.o
                0x00003572                _Z12set_data_gotv
 .text._Z11delay_telemv
                0x000035a2        0x8 build-atmega644/MinimOsd_Extra.ino.o
                0x000035a2                _Z11delay_telemv
 .text._Z10delay_bytev
                0x000035aa        0xc build-atmega644/MinimOsd_Extra.ino.o
                0x000035aa                _Z10delay_bytev
 .text._Z12generate_PWMb
                0x000035b6       0x9e build-atmega644/MinimOsd_Extra.ino.o
                0x000035b6                _Z12generate_PWMb
 .text._Z9delay_150v
                0x00003654        0xc build-atmega644/MinimOsd_Extra.ino.o
                0x00003654                _Z9delay_150v
 .text._Z4logov
                0x00003660       0x44 build-atmega644/MinimOsd_Extra.ino.o
                0x00003660                _Z4logov
 .text._Z21request_mavlink_ratesv
                0x000036a4       0x6a build-atmega644/MinimOsd_Extra.ino.o
                0x000036a4                _Z21request_mavlink_ratesv
 .text._Z9heartBeatv
                0x0000370e       0x52 build-atmega644/MinimOsd_Extra.ino.o
                0x0000370e                _Z9heartBeatv
 .text._Z21mavlink_return_packethhh
                0x00003760       0x92 build-atmega644/MinimOsd_Extra.ino.o
                0x00003760                _Z21mavlink_return_packethhh
 .text._Z15eeprom_read_lenPhjj
                0x000037f2       0x38 build-atmega644/MinimOsd_Extra.ino.o
                0x000037f2                _Z15eeprom_read_lenPhjj
 .text._ZL11printSensorh
                0x0000382a       0x82 build-atmega644/MinimOsd_Extra.ino.o
 .text._ZL9panSensor5Pointh.isra.26
                0x000038ac       0x2a build-atmega644/MinimOsd_Extra.ino.o
 .text._ZL10panSensor45Point
                0x000038d6        0x6 build-atmega644/MinimOsd_Extra.ino.o
 .text._ZL10panSensor35Point
                0x000038dc        0x6 build-atmega644/MinimOsd_Extra.ino.o
 .text._ZL10panSensor25Point
                0x000038e2        0x6 build-atmega644/MinimOsd_Extra.ino.o
 .text._ZL10panSensor15Point
                0x000038e8        0x6 build-atmega644/MinimOsd_Extra.ino.o
 .text._Z10setup_sensv
                0x000038ee       0x1e build-atmega644/MinimOsd_Extra.ino.o
                0x000038ee                _Z10setup_sensv
 .text._Z9readPanelh
                0x0000390c       0x38 build-atmega644/MinimOsd_Extra.ino.o
                0x0000390c                _Z9readPanelh
 .text._Z10radar_charv
                0x00003944       0x46 build-atmega644/MinimOsd_Extra.ino.o
                0x00003944                _Z10radar_charv
 .text._ZL10panHeading5Point
                0x0000398a       0x20 build-atmega644/MinimOsd_Extra.ino.o
 .text._ZL10panHorizon5Point
                0x000039aa      0x382 build-atmega644/MinimOsd_Extra.ino.o
 .text._Z14doScreenSwitchv
                0x00003d2c       0x22 build-atmega644/MinimOsd_Extra.ino.o
                0x00003d2c                _Z14doScreenSwitchv
 .text._Z16eeprom_write_lenPhjj
                0x00003d4e       0x42 build-atmega644/MinimOsd_Extra.ino.o
                0x00003d4e                _Z16eeprom_write_lenPhjj
 .text._Z11writePanelsm
                0x00003d90      0x70e build-atmega644/MinimOsd_Extra.ino.o
                0x00003d90                _Z11writePanelsm
 .text._Z16parse_osd_packetPh
                0x0000449e       0x7c build-atmega644/MinimOsd_Extra.ino.o
                0x0000449e                _Z16parse_osd_packetPh
 .text._Z16mavlink_one_bytec
                0x0000451a      0xad2 build-atmega644/MinimOsd_Extra.ino.o
                0x0000451a                _Z16mavlink_one_bytec
 .text._Z12read_mavlinkv
                0x00004fec       0x1a build-atmega644/MinimOsd_Extra.ino.o
                0x00004fec                _Z12read_mavlinkv
 .text._Z19print_eeprom_stringhPFvhE
                0x00005006       0x44 build-atmega644/MinimOsd_Extra.ino.o
                0x00005006                _Z19print_eeprom_stringhPFvhE
 .text._ZL8panState5Point
                0x0000504a       0x40 build-atmega644/MinimOsd_Extra.ino.o
 .text._Z9MAX_writehh
                0x0000508a       0x16 build-atmega644/MinimOsd_Extra.ino.o
                0x0000508a                _Z9MAX_writehh
 .text._Z8MAX_readh
                0x000050a0       0x18 build-atmega644/MinimOsd_Extra.ino.o
                0x000050a0                _Z8MAX_readh
 .text.__vector_1
                0x000050b8       0x7c build-atmega644/MinimOsd_Extra.ino.o
                0x000050b8                __vector_1
 .text.setup    0x00005134      0x15a build-atmega644/MinimOsd_Extra.ino.o
                0x00005134                setup
 .text._Z7avgRSSIj
                0x0000528e       0x4e build-atmega644/MinimOsd_Extra.ino.o
                0x0000528e                _Z7avgRSSIj
 .text._Z17normalize_voltagei
                0x000052dc       0x16 build-atmega644/MinimOsd_Extra.ino.o
                0x000052dc                _Z17normalize_voltagei
 .text._Z7On100msv
                0x000052f2      0x498 build-atmega644/MinimOsd_Extra.ino.o
                0x000052f2                _Z7On100msv
 .text._Z6On20msv
                0x0000578a        0x6 build-atmega644/MinimOsd_Extra.ino.o
                0x0000578a                _Z6On20msv
 .text.startup._GLOBAL__sub_I_sets
                0x00005790       0x44 build-atmega644/MinimOsd_Extra.ino.o
 .text.loop     0x000057d4      0x8e8 build-atmega644/MinimOsd_Extra.ino.o
                0x000057d4                loop
 .text.__vector_18
                0x000060bc       0x94 build-atmega644/libcore.a(wiring.c.o)
                0x000060bc                __vector_18
 .text.millis   0x00006150       0x18 build-atmega644/libcore.a(wiring.c.o)
                0x00006150                millis
 .text.micros   0x00006168       0x4a build-atmega644/libcore.a(wiring.c.o)
                0x00006168                micros
 .text.delay    0x000061b2       0x72 build-atmega644/libcore.a(wiring.c.o)
                0x000061b2                delay
 .text.delayMicroseconds
                0x00006224       0x16 build-atmega644/libcore.a(wiring.c.o)
                0x00006224                delayMicroseconds
 .text.init     0x0000623a       0x46 build-atmega644/libcore.a(wiring.c.o)
                0x0000623a                init
 .text.pinMode  0x00006280       0x78 build-atmega644/libcore.a(wiring_digital.c.o)
                0x00006280                pinMode
 .text.digitalWrite
                0x000062f8       0x40 build-atmega644/libcore.a(wiring_digital.c.o)
                0x000062f8                digitalWrite
 .text.__empty  0x00006338        0x2 build-atmega644/libcore.a(hooks.c.o)
                0x00006338                yield
 .text.pulseIn  0x0000633a       0x64 build-atmega644/libcore.a(wiring_pulse.c.o)
                0x0000633a                pulseIn
 .text.analogReference
                0x0000639e        0x6 build-atmega644/libcore.a(wiring_analog.c.o)
                0x0000639e                analogReference
 .text.analogRead
                0x000063a4       0x3a build-atmega644/libcore.a(wiring_analog.c.o)
                0x000063a4                analogRead
 .text._ZN5Print5writeEPKhj
                0x000063de       0x4a build-atmega644/libcore.a(Print.cpp.o)
                0x000063de                _ZN5Print5writeEPKhj
 .text._ZN5Print5writeEPKc
                0x00006428       0x2c build-atmega644/libcore.a(Print.cpp.o)
                0x00006428                _ZN5Print5writeEPKc
 .text._ZN5Print5printEPKc
                0x00006454        0x4 build-atmega644/libcore.a(Print.cpp.o)
                0x00006454                _ZN5Print5printEPKc
 .text._ZN5Print5printEc
                0x00006458       0x10 build-atmega644/libcore.a(Print.cpp.o)
                0x00006458                _ZN5Print5printEc
 .text._ZN5Print7printlnEv
                0x00006468        0x6 build-atmega644/libcore.a(Print.cpp.o)
                0x00006468                _ZN5Print7printlnEv
 .text._ZN5Print11printNumberEmh
                0x0000646e       0x90 build-atmega644/libcore.a(Print.cpp.o)
                0x0000646e                _ZN5Print11printNumberEmh
 .text._ZN5Print5printEmi
                0x000064fe       0x1a build-atmega644/libcore.a(Print.cpp.o)
                0x000064fe                _ZN5Print5printEmi
 .text._ZN5Print5printEji
                0x00006518        0xa build-atmega644/libcore.a(Print.cpp.o)
                0x00006518                _ZN5Print5printEji
 .text._ZN5Print5printEli
                0x00006522       0x68 build-atmega644/libcore.a(Print.cpp.o)
                0x00006522                _ZN5Print5printEli
 .text._ZN5Print5printEii
                0x0000658a        0xc build-atmega644/libcore.a(Print.cpp.o)
                0x0000658a                _ZN5Print5printEii
 .text.initVariant
                0x00006596        0x2 build-atmega644/libcore.a(main.cpp.o)
                0x00006596                initVariant
 .text.startup.main
                0x00006598        0xc build-atmega644/libcore.a(main.cpp.o)
                0x00006598                main
 .text._ZN12SingleSerial4peekEv
                0x000065a4       0x2a build-atmega644/libcore.a(SingleSerial.cpp.o)
                0x000065a4                _ZN12SingleSerial4peekEv
 .text._ZN12SingleSerial5flushEv
                0x000065ce       0x12 build-atmega644/libcore.a(SingleSerial.cpp.o)
                0x000065ce                _ZN12SingleSerial5flushEv
 .text._ZN12SingleSerialC2Ev
                0x000065e0       0x10 build-atmega644/libcore.a(SingleSerial.cpp.o)
                0x000065e0                _ZN12SingleSerialC2Ev
                0x000065e0                _ZN12SingleSerialC1Ev
 .text._ZN12SingleSerial5beginEm
                0x000065f0       0x7e build-atmega644/libcore.a(SingleSerial.cpp.o)
                0x000065f0                _ZN12SingleSerial5beginEm
 .text._ZN12SingleSerial3endEv
                0x0000666e        0x6 build-atmega644/libcore.a(SingleSerial.cpp.o)
                0x0000666e                _ZN12SingleSerial3endEv
 .text._ZN12SingleSerial11available_SEv
                0x00006674       0x1a build-atmega644/libcore.a(SingleSerial.cpp.o)
                0x00006674                _ZN12SingleSerial11available_SEv
 .text._ZN12SingleSerial9availableEv
                0x0000668e        0x4 build-atmega644/libcore.a(SingleSerial.cpp.o)
                0x0000668e                _ZN12SingleSerial9availableEv
 .text._ZN12SingleSerial6read_SEv
                0x00006692       0x36 build-atmega644/libcore.a(SingleSerial.cpp.o)
                0x00006692                _ZN12SingleSerial6read_SEv
 .text._ZN12SingleSerial4readEv
                0x000066c8        0x4 build-atmega644/libcore.a(SingleSerial.cpp.o)
                0x000066c8                _ZN12SingleSerial4readEv
 .text._ZN12SingleSerial7write_SEh
                0x000066cc       0x34 build-atmega644/libcore.a(SingleSerial.cpp.o)
                0x000066cc                _ZN12SingleSerial7write_SEh
 .text._ZN12SingleSerial5writeEh
                0x00006700        0xa build-atmega644/libcore.a(SingleSerial.cpp.o)
                0x00006700                _ZN12SingleSerial5writeEh
 .text._ZN8MyStream6_writeEh
                0x0000670a       0x10 build-atmega644/libcore.a(BetterStream.cpp.o)
                0x0000670a                _ZN8MyStream6_writeEh
 .text._ZN12BetterStream7print_PEPKc
                0x0000671a       0x28 build-atmega644/libcore.a(BetterStream.cpp.o)
                0x0000671a                _ZN12BetterStream7print_PEPKc
 .text._ZN12BetterStream9println_PEPKc
                0x00006742       0x12 build-atmega644/libcore.a(BetterStream.cpp.o)
                0x00006742                _ZN12BetterStream9println_PEPKc
 .text._ZN12BetterStream6printfEPKcz
                0x00006754       0x22 build-atmega644/libcore.a(BetterStream.cpp.o)
                0x00006754                _ZN12BetterStream6printfEPKcz
 .text._ZN12BetterStream9_printf_PEPKcz
                0x00006776       0x20 build-atmega644/libcore.a(BetterStream.cpp.o)
                0x00006776                _ZN12BetterStream9_printf_PEPKcz
 .text._ZN12BetterStream8_vprintfEhPKcPv
                0x00006796      0x6ac build-atmega644/libcore.a(vprintf.cpp.o)
                0x00006796                _ZN12BetterStream8_vprintfEhPKcPv
 .text.avr-libc
                0x00006e42        0x4 /usr/share/arduino-1.8.1/hardware/tools/avr.orig/bin/../lib/gcc/avr/4.9.2/../../../../avr/lib/avr5/libc.a(exit.o)
                0x00006e42                exit
 .text.avr-libc
                0x00006e46       0x16 /usr/share/arduino-1.8.1/hardware/tools/avr.orig/bin/../lib/gcc/avr/4.9.2/../../../../avr/lib/avr5/libc.a(strnlen_P.o)
                0x00006e46                strnlen_P
 .text.avr-libc
                0x00006e5c       0x16 /usr/share/arduino-1.8.1/hardware/tools/avr.orig/bin/../lib/gcc/avr/4.9.2/../../../../avr/lib/avr5/libc.a(strnlen.o)
                0x00006e5c                strnlen
 .text.avr-libc.fplib
                0x00006e72        0xa /usr/share/arduino-1.8.1/hardware/tools/avr.orig/bin/../lib/gcc/avr/4.9.2/../../../../avr/lib/avr5/libc.a(addsf3.o)
                0x00006e72                __subsf3
                0x00006e74                __addsf3
 .text.avr-libc.fplib
                0x00006e7c       0xc0 /usr/share/arduino-1.8.1/hardware/tools/avr.orig/bin/../lib/gcc/avr/4.9.2/../../../../avr/lib/avr5/libc.a(addsf3x.o)
                0x00006e96                __addsf3x
 .text.avr-libc.fplib
                0x00006f3c       0x74 /usr/share/arduino-1.8.1/hardware/tools/avr.orig/bin/../lib/gcc/avr/4.9.2/../../../../avr/lib/avr5/libc.a(atan2.o)
                0x00006f5a                atan2
 .text.avr-libc.fplib
                0x00006fb0       0x50 /usr/share/arduino-1.8.1/hardware/tools/avr.orig/bin/../lib/gcc/avr/4.9.2/../../../../avr/lib/avr5/libc.a(atan.o)
                0x00006fb0                atan
 .text.avr-libc.fplib
                0x00007000        0x8 /usr/share/arduino-1.8.1/hardware/tools/avr.orig/bin/../lib/gcc/avr/4.9.2/../../../../avr/lib/avr5/libc.a(cmpsf2.o)
                0x00007000                __lesf2
                0x00007000                __nesf2
                0x00007000                __eqsf2
                0x00007000                __cmpsf2
                0x00007000                __ltsf2
 .text.avr-libc.fplib
                0x00007008        0x6 /usr/share/arduino-1.8.1/hardware/tools/avr.orig/bin/../lib/gcc/avr/4.9.2/../../../../avr/lib/avr5/libc.a(cos.o)
                0x00007008                cos
 .text.avr-libc.fplib
                0x0000700e        0x4 /usr/share/arduino-1.8.1/hardware/tools/avr.orig/bin/../lib/gcc/avr/4.9.2/../../../../avr/lib/avr5/libc.a(divsf3.o)
                0x0000700e                __divsf3
 .text.avr-libc.fplib
                0x00007012       0xcc /usr/share/arduino-1.8.1/hardware/tools/avr.orig/bin/../lib/gcc/avr/4.9.2/../../../../avr/lib/avr5/libc.a(divsf3x.o)
                0x00007028                __divsf3x
                0x0000702c                __divsf3_pse
 .text.avr-libc.fplib
                0x000070de        0xa /usr/share/arduino-1.8.1/hardware/tools/avr.orig/bin/../lib/gcc/avr/4.9.2/../../../../avr/lib/avr5/libc.a(fixsfsi.o)
                0x000070de                __fixsfsi
 .text.avr-libc.fplib
                0x000070e8       0x58 /usr/share/arduino-1.8.1/hardware/tools/avr.orig/bin/../lib/gcc/avr/4.9.2/../../../../avr/lib/avr5/libc.a(fixunssfsi.o)
                0x000070e8                __fixunssfsi
 .text.avr-libc.fplib
                0x00007140       0x7a /usr/share/arduino-1.8.1/hardware/tools/avr.orig/bin/../lib/gcc/avr/4.9.2/../../../../avr/lib/avr5/libc.a(floatsisf.o)
                0x00007140                __floatunsisf
                0x00007144                __floatsisf
 .text.avr-libc.fplib
                0x000071ba       0x48 /usr/share/arduino-1.8.1/hardware/tools/avr.orig/bin/../lib/gcc/avr/4.9.2/../../../../avr/lib/avr5/libc.a(fp_cmp.o)
                0x000071ba                __fp_cmp
 .text.avr-libc.fplib
                0x00007202        0xc /usr/share/arduino-1.8.1/hardware/tools/avr.orig/bin/../lib/gcc/avr/4.9.2/../../../../avr/lib/avr5/libc.a(fp_inf.o)
                0x00007202                __fp_inf
 .text.avr-libc.fplib
                0x0000720e        0x6 /usr/share/arduino-1.8.1/hardware/tools/avr.orig/bin/../lib/gcc/avr/4.9.2/../../../../avr/lib/avr5/libc.a(fp_nan.o)
                0x0000720e                __fp_nan
 .text.avr-libc.fplib
                0x00007214       0x4a /usr/share/arduino-1.8.1/hardware/tools/avr.orig/bin/../lib/gcc/avr/4.9.2/../../../../avr/lib/avr5/libc.a(fp_powser.o)
                0x00007214                __fp_powser
 .text.avr-libc.fplib
                0x0000725e        0xe /usr/share/arduino-1.8.1/hardware/tools/avr.orig/bin/../lib/gcc/avr/4.9.2/../../../../avr/lib/avr5/libc.a(fp_pscA.o)
                0x0000725e                __fp_pscA
 .text.avr-libc.fplib
                0x0000726c        0xe /usr/share/arduino-1.8.1/hardware/tools/avr.orig/bin/../lib/gcc/avr/4.9.2/../../../../avr/lib/avr5/libc.a(fp_pscB.o)
                0x0000726c                __fp_pscB
 .text.avr-libc.fplib
                0x0000727a       0x50 /usr/share/arduino-1.8.1/hardware/tools/avr.orig/bin/../lib/gcc/avr/4.9.2/../../../../avr/lib/avr5/libc.a(fp_rempio2.o)
                0x0000727c                __fp_rempio2
 .text.avr-libc.fplib
                0x000072ca       0x22 /usr/share/arduino-1.8.1/hardware/tools/avr.orig/bin/../lib/gcc/avr/4.9.2/../../../../avr/lib/avr5/libc.a(fp_round.o)
                0x000072ca                __fp_round
 .text.avr-libc.fplib
                0x000072ec       0x22 /usr/share/arduino-1.8.1/hardware/tools/avr.orig/bin/../lib/gcc/avr/4.9.2/../../../../avr/lib/avr5/libc.a(fp_sinus.o)
                0x000072ec                __fp_sinus
 .text.avr-libc.fplib
                0x0000730e       0x44 /usr/share/arduino-1.8.1/hardware/tools/avr.orig/bin/../lib/gcc/avr/4.9.2/../../../../avr/lib/avr5/libc.a(fp_split3.o)
                0x0000730e                __fp_split3
                0x0000731e                __fp_splitA
 .text.avr-libc.fplib
                0x00007352        0xe /usr/share/arduino-1.8.1/hardware/tools/avr.orig/bin/../lib/gcc/avr/4.9.2/../../../../avr/lib/avr5/libc.a(fp_zero.o)
                0x00007352                __fp_zero
                0x00007354                __fp_szero
 .text.avr-libc.fplib
                0x00007360        0x8 /usr/share/arduino-1.8.1/hardware/tools/avr.orig/bin/../lib/gcc/avr/4.9.2/../../../../avr/lib/avr5/libc.a(gesf2.o)
                0x00007360                __gtsf2
                0x00007360                __gesf2
 .text.avr-libc.fplib
                0x00007368        0xe /usr/share/arduino-1.8.1/hardware/tools/avr.orig/bin/../lib/gcc/avr/4.9.2/../../../../avr/lib/avr5/libc.a(inverse.o)
                0x00007368                inverse
 .text.avr-libc.fplib
                0x00007376        0x4 /usr/share/arduino-1.8.1/hardware/tools/avr.orig/bin/../lib/gcc/avr/4.9.2/../../../../avr/lib/avr5/libc.a(mulsf3.o)
                0x00007376                __mulsf3
 .text.avr-libc.fplib
                0x0000737a       0xc2 /usr/share/arduino-1.8.1/hardware/tools/avr.orig/bin/../lib/gcc/avr/4.9.2/../../../../avr/lib/avr5/libc.a(mulsf3x.o)
                0x0000738e                __mulsf3x
                0x00007392                __mulsf3_pse
 .text.avr-libc.fplib
                0x0000743c       0x84 /usr/share/arduino-1.8.1/hardware/tools/avr.orig/bin/../lib/gcc/avr/4.9.2/../../../../avr/lib/avr5/libc.a(sqrt.o)
                0x00007444                sqrt
                0x00007444                sqrtf
 .text.avr-libc.fplib
                0x000074c0        0x6 /usr/share/arduino-1.8.1/hardware/tools/avr.orig/bin/../lib/gcc/avr/4.9.2/../../../../avr/lib/avr5/libc.a(square.o)
                0x000074c0                square
 .text.avr-libc.fplib
                0x000074c6       0x40 /usr/share/arduino-1.8.1/hardware/tools/avr.orig/bin/../lib/gcc/avr/4.9.2/../../../../avr/lib/avr5/libc.a(tan.o)
                0x000074c6                tan
 .text.avr-libc.fplib
                0x00007506       0x1c /usr/share/arduino-1.8.1/hardware/tools/avr.orig/bin/../lib/gcc/avr/4.9.2/../../../../avr/lib/avr5/libc.a(fp_mpack.o)
                0x00007506                __fp_mpack
                0x0000750a                __fp_mpack_finite
 .text.avr-libc.fplib
                0x00007522        0xe /usr/share/arduino-1.8.1/hardware/tools/avr.orig/bin/../lib/gcc/avr/4.9.2/../../../../avr/lib/avr5/libc.a(fp_norm2.o)
                0x00007522                __fp_norm2
 .text.avr-libc.fplib
                0x00007530       0x22 /usr/share/arduino-1.8.1/hardware/tools/avr.orig/bin/../lib/gcc/avr/4.9.2/../../../../avr/lib/avr5/libc.a(fp_powsodd.o)
                0x00007530                __fp_powsodd
 .text.libgcc.div
                0x00007552       0x18 /usr/share/arduino-1.8.1/hardware/tools/avr.orig/bin/../lib/gcc/avr/4.9.2/avr5/libgcc.a(_udivmodqi4.o)
                0x00007552                __udivmodqi4
 .text.libgcc.div
                0x0000756a       0x1a /usr/share/arduino-1.8.1/hardware/tools/avr.orig/bin/../lib/gcc/avr/4.9.2/avr5/libgcc.a(_divmodqi4.o)
                0x0000756a                __divmodqi4
 .text.libgcc.div
                0x00007584       0x28 /usr/share/arduino-1.8.1/hardware/tools/avr.orig/bin/../lib/gcc/avr/4.9.2/avr5/libgcc.a(_udivmodhi4.o)
                0x00007584                __udivmodhi4
 .text.libgcc.div
                0x000075ac       0x26 /usr/share/arduino-1.8.1/hardware/tools/avr.orig/bin/../lib/gcc/avr/4.9.2/avr5/libgcc.a(_divmodhi4.o)
                0x000075ac                __divmodhi4
                0x000075ac                _div
 .text.libgcc.div
                0x000075d2       0x44 /usr/share/arduino-1.8.1/hardware/tools/avr.orig/bin/../lib/gcc/avr/4.9.2/avr5/libgcc.a(_udivmodsi4.o)
                0x000075d2                __udivmodsi4
 .text.libgcc.div
                0x00007616       0x28 /usr/share/arduino-1.8.1/hardware/tools/avr.orig/bin/../lib/gcc/avr/4.9.2/avr5/libgcc.a(_divmodsi4.o)
                0x00007616                __divmodsi4
 .text.libgcc.div
                0x0000763e       0x10 /usr/share/arduino-1.8.1/hardware/tools/avr.orig/bin/../lib/gcc/avr/4.9.2/avr5/libgcc.a(_negsi2.o)
                0x0000763e                __negsi2
 .text.libgcc   0x0000764e        0xc /usr/share/arduino-1.8.1/hardware/tools/avr.orig/bin/../lib/gcc/avr/4.9.2/avr5/libgcc.a(_tablejump2.o)
                0x0000764e                __tablejump2__
 .text.libgcc.mul
                0x0000765a       0x1e /usr/share/arduino-1.8.1/hardware/tools/avr.orig/bin/../lib/gcc/avr/4.9.2/avr5/libgcc.a(_umulhisi3.o)
                0x0000765a                __umulhisi3
 .text.libgcc.div
                0x00007678       0x1a /usr/share/arduino-1.8.1/hardware/tools/avr.orig/bin/../lib/gcc/avr/4.9.2/avr5/libgcc.a(_udivdi3.o)
                0x00007678                __umoddi3
                0x0000767c                __udivdi3
                0x0000767e                __udivdi3_umoddi3
 .text.libgcc.div
                0x00007692       0xa2 /usr/share/arduino-1.8.1/hardware/tools/avr.orig/bin/../lib/gcc/avr/4.9.2/avr5/libgcc.a(_udivmod64.o)
                0x00007692                __udivmod64
 .text.libgcc.prologue
                0x00007734       0x38 /usr/share/arduino-1.8.1/hardware/tools/avr.orig/bin/../lib/gcc/avr/4.9.2/avr5/libgcc.a(_prologue.o)
                0x00007734                __prologue_saves__
 .text.libgcc.prologue
                0x0000776c       0x36 /usr/share/arduino-1.8.1/hardware/tools/avr.orig/bin/../lib/gcc/avr/4.9.2/avr5/libgcc.a(_epilogue.o)
                0x0000776c                __epilogue_restores__
 .text.avr-libc
                0x000077a2       0x10 /usr/share/arduino-1.8.1/hardware/tools/avr.orig/bin/../lib/gcc/avr/4.9.2/../../../../avr/lib/avr5/libatmega644p.a(eerd_byte.o)
                0x000077a2                eeprom_read_byte
 .text.avr-libc
                0x000077b2       0x1c /usr/share/arduino-1.8.1/hardware/tools/avr.orig/bin/../lib/gcc/avr/4.9.2/../../../../avr/lib/avr5/libatmega644p.a(eewr_byte.o)
                0x000077b2                eeprom_write_byte
                0x000077b4                eeprom_write_r18
                0x000077ce                . = ALIGN (0x2)
 *(.fini9)
 .fini9         0x000077ce        0x0 /usr/share/arduino-1.8.1/hardware/tools/avr.orig/bin/../lib/gcc/avr/4.9.2/avr5/libgcc.a(_exit.o)
                0x000077ce                _exit
 *(.fini9)
 *(.fini8)
 *(.fini8)
 *(.fini7)
 *(.fini7)
 *(.fini6)
 *(.fini6)
 *(.fini5)
 *(.fini5)
 *(.fini4)
 *(.fini4)
 *(.fini3)
 *(.fini3)
 *(.fini2)
 *(.fini2)
 *(.fini1)
 *(.fini1)
 *(.fini0)
 .fini0         0x000077ce        0x4 /usr/share/arduino-1.8.1/hardware/tools/avr.orig/bin/../lib/gcc/avr/4.9.2/avr5/libgcc.a(_exit.o)
 *(.fini0)
                0x000077d2                _etext = .

.data           0x00800100       0x42 load address 0x000077d2
                0x00800100                PROVIDE (__data_start, .)
 *(.data)
 .data          0x00800100        0x0 /usr/share/arduino-1.8.1/hardware/tools/avr.orig/bin/../lib/gcc/avr/4.9.2/../../../../avr/lib/avr5/crtatmega644p.o
 .data          0x00800100        0x0 build-atmega644/OSD_Max7456.cpp.o
 .data          0x00800100        0x0 build-atmega644/Spi.cpp.o
 .data          0x00800100       0x17 build-atmega644/MinimOsd_Extra.ino.o
                0x00800109                mavlink_system
                0x0080010f                climb_filter
                0x00800116                garbage
 .data          0x00800117        0x0 build-atmega644/libcore.a(wiring.c.o)
 .data          0x00800117        0x0 build-atmega644/libcore.a(wiring_digital.c.o)
 .data          0x00800117        0x0 build-atmega644/libcore.a(hooks.c.o)
 .data          0x00800117        0x0 build-atmega644/libcore.a(wiring_pulse.c.o)
 .data          0x00800117        0x1 build-atmega644/libcore.a(wiring_analog.c.o)
                0x00800117                analog_reference
 .data          0x00800118        0x0 build-atmega644/libcore.a(Print.cpp.o)
 .data          0x00800118        0x0 build-atmega644/libcore.a(abi.cpp.o)
 .data          0x00800118        0x0 build-atmega644/libcore.a(main.cpp.o)
 .data          0x00800118        0x0 build-atmega644/libcore.a(wiring_pulse.S.o)
 .data          0x00800118        0x0 build-atmega644/libcore.a(SingleSerial.cpp.o)
 .data          0x00800118        0x0 build-atmega644/libcore.a(BetterStream.cpp.o)
 .data          0x00800118        0x0 build-atmega644/libcore.a(vprintf.cpp.o)
 .data          0x00800118        0x0 build-atmega644/libcore.a(ultoa_invert.S.o)
 .data          0x00800118        0x0 build-atmega644/libcore.a(ftoa_engine.S.o)
 .data          0x00800118        0x0 /usr/share/arduino-1.8.1/hardware/tools/avr.orig/bin/../lib/gcc/avr/4.9.2/../../../../avr/lib/avr5/libc.a(abort.o)
 .data          0x00800118        0x0 /usr/share/arduino-1.8.1/hardware/tools/avr.orig/bin/../lib/gcc/avr/4.9.2/../../../../avr/lib/avr5/libc.a(exit.o)
 .data          0x00800118        0x0 /usr/share/arduino-1.8.1/hardware/tools/avr.orig/bin/../lib/gcc/avr/4.9.2/../../../../avr/lib/avr5/libc.a(strnlen_P.o)
 .data          0x00800118        0x0 /usr/share/arduino-1.8.1/hardware/tools/avr.orig/bin/../lib/gcc/avr/4.9.2/../../../../avr/lib/avr5/libc.a(strnlen.o)
 .data          0x00800118        0x0 /usr/share/arduino-1.8.1/hardware/tools/avr.orig/bin/../lib/gcc/avr/4.9.2/../../../../avr/lib/avr5/libc.a(addsf3.o)
 .data          0x00800118        0x0 /usr/share/arduino-1.8.1/hardware/tools/avr.orig/bin/../lib/gcc/avr/4.9.2/../../../../avr/lib/avr5/libc.a(addsf3x.o)
 .data          0x00800118        0x0 /usr/share/arduino-1.8.1/hardware/tools/avr.orig/bin/../lib/gcc/avr/4.9.2/../../../../avr/lib/avr5/libc.a(atan2.o)
 .data          0x00800118        0x0 /usr/share/arduino-1.8.1/hardware/tools/avr.orig/bin/../lib/gcc/avr/4.9.2/../../../../avr/lib/avr5/libc.a(atan.o)
 .data          0x00800118        0x0 /usr/share/arduino-1.8.1/hardware/tools/avr.orig/bin/../lib/gcc/avr/4.9.2/../../../../avr/lib/avr5/libc.a(cmpsf2.o)
 .data          0x00800118        0x0 /usr/share/arduino-1.8.1/hardware/tools/avr.orig/bin/../lib/gcc/avr/4.9.2/../../../../avr/lib/avr5/libc.a(cos.o)
 .data          0x00800118        0x0 /usr/share/arduino-1.8.1/hardware/tools/avr.orig/bin/../lib/gcc/avr/4.9.2/../../../../avr/lib/avr5/libc.a(divsf3.o)
 .data          0x00800118        0x0 /usr/share/arduino-1.8.1/hardware/tools/avr.orig/bin/../lib/gcc/avr/4.9.2/../../../../avr/lib/avr5/libc.a(divsf3x.o)
 .data          0x00800118        0x0 /usr/share/arduino-1.8.1/hardware/tools/avr.orig/bin/../lib/gcc/avr/4.9.2/../../../../avr/lib/avr5/libc.a(fixsfsi.o)
 .data          0x00800118        0x0 /usr/share/arduino-1.8.1/hardware/tools/avr.orig/bin/../lib/gcc/avr/4.9.2/../../../../avr/lib/avr5/libc.a(fixunssfsi.o)
 .data          0x00800118        0x0 /usr/share/arduino-1.8.1/hardware/tools/avr.orig/bin/../lib/gcc/avr/4.9.2/../../../../avr/lib/avr5/libc.a(floatsisf.o)
 .data          0x00800118        0x0 /usr/share/arduino-1.8.1/hardware/tools/avr.orig/bin/../lib/gcc/avr/4.9.2/../../../../avr/lib/avr5/libc.a(fp_cmp.o)
 .data          0x00800118        0x0 /usr/share/arduino-1.8.1/hardware/tools/avr.orig/bin/../lib/gcc/avr/4.9.2/../../../../avr/lib/avr5/libc.a(fp_inf.o)
 .data          0x00800118        0x0 /usr/share/arduino-1.8.1/hardware/tools/avr.orig/bin/../lib/gcc/avr/4.9.2/../../../../avr/lib/avr5/libc.a(fp_nan.o)
 .data          0x00800118        0x0 /usr/share/arduino-1.8.1/hardware/tools/avr.orig/bin/../lib/gcc/avr/4.9.2/../../../../avr/lib/avr5/libc.a(fp_powser.o)
 .data          0x00800118        0x0 /usr/share/arduino-1.8.1/hardware/tools/avr.orig/bin/../lib/gcc/avr/4.9.2/../../../../avr/lib/avr5/libc.a(fp_pscA.o)
 .data          0x00800118        0x0 /usr/share/arduino-1.8.1/hardware/tools/avr.orig/bin/../lib/gcc/avr/4.9.2/../../../../avr/lib/avr5/libc.a(fp_pscB.o)
 .data          0x00800118        0x0 /usr/share/arduino-1.8.1/hardware/tools/avr.orig/bin/../lib/gcc/avr/4.9.2/../../../../avr/lib/avr5/libc.a(fp_rempio2.o)
 .data          0x00800118        0x0 /usr/share/arduino-1.8.1/hardware/tools/avr.orig/bin/../lib/gcc/avr/4.9.2/../../../../avr/lib/avr5/libc.a(fp_round.o)
 .data          0x00800118        0x0 /usr/share/arduino-1.8.1/hardware/tools/avr.orig/bin/../lib/gcc/avr/4.9.2/../../../../avr/lib/avr5/libc.a(fp_sinus.o)
 .data          0x00800118        0x0 /usr/share/arduino-1.8.1/hardware/tools/avr.orig/bin/../lib/gcc/avr/4.9.2/../../../../avr/lib/avr5/libc.a(fp_split3.o)
 .data          0x00800118        0x0 /usr/share/arduino-1.8.1/hardware/tools/avr.orig/bin/../lib/gcc/avr/4.9.2/../../../../avr/lib/avr5/libc.a(fp_zero.o)
 .data          0x00800118        0x0 /usr/share/arduino-1.8.1/hardware/tools/avr.orig/bin/../lib/gcc/avr/4.9.2/../../../../avr/lib/avr5/libc.a(gesf2.o)
 .data          0x00800118        0x0 /usr/share/arduino-1.8.1/hardware/tools/avr.orig/bin/../lib/gcc/avr/4.9.2/../../../../avr/lib/avr5/libc.a(inverse.o)
 .data          0x00800118        0x0 /usr/share/arduino-1.8.1/hardware/tools/avr.orig/bin/../lib/gcc/avr/4.9.2/../../../../avr/lib/avr5/libc.a(mulsf3.o)
 .data          0x00800118        0x0 /usr/share/arduino-1.8.1/hardware/tools/avr.orig/bin/../lib/gcc/avr/4.9.2/../../../../avr/lib/avr5/libc.a(mulsf3x.o)
 .data          0x00800118        0x0 /usr/share/arduino-1.8.1/hardware/tools/avr.orig/bin/../lib/gcc/avr/4.9.2/../../../../avr/lib/avr5/libc.a(sqrt.o)
 .data          0x00800118        0x0 /usr/share/arduino-1.8.1/hardware/tools/avr.orig/bin/../lib/gcc/avr/4.9.2/../../../../avr/lib/avr5/libc.a(square.o)
 .data          0x00800118        0x0 /usr/share/arduino-1.8.1/hardware/tools/avr.orig/bin/../lib/gcc/avr/4.9.2/../../../../avr/lib/avr5/libc.a(tan.o)
 .data          0x00800118        0x0 /usr/share/arduino-1.8.1/hardware/tools/avr.orig/bin/../lib/gcc/avr/4.9.2/../../../../avr/lib/avr5/libc.a(fp_mpack.o)
 .data          0x00800118        0x0 /usr/share/arduino-1.8.1/hardware/tools/avr.orig/bin/../lib/gcc/avr/4.9.2/../../../../avr/lib/avr5/libc.a(fp_norm2.o)
 .data          0x00800118        0x0 /usr/share/arduino-1.8.1/hardware/tools/avr.orig/bin/../lib/gcc/avr/4.9.2/../../../../avr/lib/avr5/libc.a(fp_powsodd.o)
 .data          0x00800118        0x0 /usr/share/arduino-1.8.1/hardware/tools/avr.orig/bin/../lib/gcc/avr/4.9.2/avr5/libgcc.a(_udivmodqi4.o)
 .data          0x00800118        0x0 /usr/share/arduino-1.8.1/hardware/tools/avr.orig/bin/../lib/gcc/avr/4.9.2/avr5/libgcc.a(_divmodqi4.o)
 .data          0x00800118        0x0 /usr/share/arduino-1.8.1/hardware/tools/avr.orig/bin/../lib/gcc/avr/4.9.2/avr5/libgcc.a(_udivmodhi4.o)
 .data          0x00800118        0x0 /usr/share/arduino-1.8.1/hardware/tools/avr.orig/bin/../lib/gcc/avr/4.9.2/avr5/libgcc.a(_divmodhi4.o)
 .data          0x00800118        0x0 /usr/share/arduino-1.8.1/hardware/tools/avr.orig/bin/../lib/gcc/avr/4.9.2/avr5/libgcc.a(_udivmodsi4.o)
 .data          0x00800118        0x0 /usr/share/arduino-1.8.1/hardware/tools/avr.orig/bin/../lib/gcc/avr/4.9.2/avr5/libgcc.a(_divmodsi4.o)
 .data          0x00800118        0x0 /usr/share/arduino-1.8.1/hardware/tools/avr.orig/bin/../lib/gcc/avr/4.9.2/avr5/libgcc.a(_negsi2.o)
 .data          0x00800118        0x0 /usr/share/arduino-1.8.1/hardware/tools/avr.orig/bin/../lib/gcc/avr/4.9.2/avr5/libgcc.a(_exit.o)
 .data          0x00800118        0x0 /usr/share/arduino-1.8.1/hardware/tools/avr.orig/bin/../lib/gcc/avr/4.9.2/avr5/libgcc.a(_tablejump2.o)
 .data          0x00800118        0x0 /usr/share/arduino-1.8.1/hardware/tools/avr.orig/bin/../lib/gcc/avr/4.9.2/avr5/libgcc.a(_copy_data.o)
 .data          0x00800118        0x0 /usr/share/arduino-1.8.1/hardware/tools/avr.orig/bin/../lib/gcc/avr/4.9.2/avr5/libgcc.a(_clear_bss.o)
 .data          0x00800118        0x0 /usr/share/arduino-1.8.1/hardware/tools/avr.orig/bin/../lib/gcc/avr/4.9.2/avr5/libgcc.a(_ctors.o)
 .data          0x00800118        0x0 /usr/share/arduino-1.8.1/hardware/tools/avr.orig/bin/../lib/gcc/avr/4.9.2/avr5/libgcc.a(_umulhisi3.o)
 .data          0x00800118        0x0 /usr/share/arduino-1.8.1/hardware/tools/avr.orig/bin/../lib/gcc/avr/4.9.2/avr5/libgcc.a(_udivdi3.o)
 .data          0x00800118        0x0 /usr/share/arduino-1.8.1/hardware/tools/avr.orig/bin/../lib/gcc/avr/4.9.2/avr5/libgcc.a(_udivmod64.o)
 .data          0x00800118        0x0 /usr/share/arduino-1.8.1/hardware/tools/avr.orig/bin/../lib/gcc/avr/4.9.2/avr5/libgcc.a(_prologue.o)
 .data          0x00800118        0x0 /usr/share/arduino-1.8.1/hardware/tools/avr.orig/bin/../lib/gcc/avr/4.9.2/avr5/libgcc.a(_epilogue.o)
 .data          0x00800118        0x0 /usr/share/arduino-1.8.1/hardware/tools/avr.orig/bin/../lib/gcc/avr/4.9.2/../../../../avr/lib/avr5/libatmega644p.a(eerd_byte.o)
 .data          0x00800118        0x0 /usr/share/arduino-1.8.1/hardware/tools/avr.orig/bin/../lib/gcc/avr/4.9.2/../../../../avr/lib/avr5/libatmega644p.a(eewr_byte.o)
 *(.data*)
 *(.rodata)
 .rodata        0x00800118        0x3 build-atmega644/MinimOsd_Extra.ino.o
 *(.rodata*)
 .rodata._ZTV3OSD
                0x0080011b       0x10 build-atmega644/OSD_Max7456.cpp.o
                0x0080011b                _ZTV3OSD
 .rodata.str1.1
                0x0080012b        0x7 build-atmega644/libcore.a(Print.cpp.o)
 .rodata._ZTV12SingleSerial
                0x00800132       0x10 build-atmega644/libcore.a(SingleSerial.cpp.o)
                0x00800132                _ZTV12SingleSerial
 *(.gnu.linkonce.d*)
                0x00800142                . = ALIGN (0x2)
                0x00800142                _edata = .
                0x00800142                PROVIDE (__data_end, .)

.bss            0x00800142      0x5fd
                0x00800142                PROVIDE (__bss_start, .)
 *(.bss)
 .bss           0x00800142      0x1e5 build-atmega644/OSD_Max7456.cpp.o
                0x00800142                _ZN3OSD6bufposE
                0x00800144                _ZN3OSD6osdbufE
                0x00800324                _ZN3OSD10video_modeE
                0x00800325                _ZN3OSD3rowE
                0x00800326                _ZN3OSD3colE
 .bss           0x00800327        0x1 build-atmega644/Spi.cpp.o
                0x00800327                Spi
 .bss           0x00800328      0x386 build-atmega644/MinimOsd_Extra.ino.o
                0x00800328                vas_vsync
                0x00800329                warning
                0x0080032a                mavlink_comm_0_port
                0x0080032c                Serial
                0x00800330                osd
                0x00800334                pwm_out
                0x0080033c                clipping
                0x00800342                vibration
                0x0080034e                day_seconds
                0x00800352                sys_days
                0x00800356                autoswitch_time
                0x0080035a                params
                0x0080035c                tmp_f
                0x00800360                fdata_screen
                0x00800361                fPulseSensor
                0x00800365                flgSensor
                0x00800369                sensorData
                0x00800371                PWM_out_port
                0x00800373                PWM_out_bit
                0x00800374                screen_flags
                0x00800376                vsync_time
                0x0080037a                vsync_count
                0x0080037b                vsync_wait
                0x0080037c                lflags
                0x0080039a                skip_inc
                0x0080039b                serial_speed
                0x0080039f                update_screen
                0x008003a0                mav_data_count
                0x008003a1                mav_msg_shift
                0x008003a2                mav_msg_severity
                0x008003a3                mav_msg_len
                0x008003a4                mav_msg_ttl
                0x008003a6                mav_message
                0x008003da                crlf_count
                0x008003db                rssi_norm
                0x008003dd                rssi_in
                0x008003df                telem_rssi
                0x008003e0                osd_rssi
                0x008003e1                count02s
                0x008003e2                count05s
                0x008003e3                osd_att
                0x008003e9                osd_home
                0x008003f5                osd_pos
                0x00800401                runtime
                0x00800405                power
                0x00800409                sets
 .bss           0x008006ae        0x9 build-atmega644/libcore.a(wiring.c.o)
                0x008006ae                timer0_millis
                0x008006b2                timer0_overflow_count
 .bss           0x008006b7       0x88 build-atmega644/libcore.a(SingleSerial.cpp.o)
                0x008006b7                _ZN12SingleSerial8_txBytesE
                0x008006bb                _ZN12SingleSerial8_rxBytesE
                0x0080073b                _ZN12SingleSerial9_txBufferE
                0x0080073d                _ZN12SingleSerial9_rxBufferE
 *(.bss*)
 *(COMMON)
                0x0080073f                PROVIDE (__bss_end, .)
                0x000077d2                __data_load_start = LOADADDR (.data)
                0x00007814                __data_load_end = (__data_load_start + SIZEOF (.data))

.noinit         0x0080073f        0x0
                0x0080073f                PROVIDE (__noinit_start, .)
 *(.noinit*)
                0x0080073f                PROVIDE (__noinit_end, .)
                0x0080073f                _end = .
                0x0080073f                PROVIDE (__heap_start, .)

.eeprom         0x00810000        0x0
 *(.eeprom*)
                0x00810000                __eeprom_end = .

.fuse
 *(.fuse)
 *(.lfuse)
 *(.hfuse)
 *(.efuse)

.lock
 *(.lock*)

.signature
 *(.signature*)

.stab
 *(.stab)

.stabstr
 *(.stabstr)

.stab.excl
 *(.stab.excl)

.stab.exclstr
 *(.stab.exclstr)

.stab.index
 *(.stab.index)

.stab.indexstr
 *(.stab.indexstr)

.comment        0x00000000       0x11
 *(.comment)
 .comment       0x00000000       0x11 build-atmega644/OSD_Max7456.cpp.o
                                 0x12 (size before relaxing)
 .comment       0x00000011       0x12 build-atmega644/Spi.cpp.o
 .comment       0x00000011       0x12 build-atmega644/MinimOsd_Extra.ino.o
 .comment       0x00000011       0x12 build-atmega644/libcore.a(wiring.c.o)
 .comment       0x00000011       0x12 build-atmega644/libcore.a(wiring_digital.c.o)
 .comment       0x00000011       0x12 build-atmega644/libcore.a(hooks.c.o)
 .comment       0x00000011       0x12 build-atmega644/libcore.a(wiring_pulse.c.o)
 .comment       0x00000011       0x12 build-atmega644/libcore.a(wiring_analog.c.o)
 .comment       0x00000011       0x12 build-atmega644/libcore.a(Print.cpp.o)
 .comment       0x00000011       0x12 build-atmega644/libcore.a(abi.cpp.o)
 .comment       0x00000011       0x12 build-atmega644/libcore.a(main.cpp.o)
 .comment       0x00000011       0x12 build-atmega644/libcore.a(SingleSerial.cpp.o)
 .comment       0x00000011       0x12 build-atmega644/libcore.a(BetterStream.cpp.o)
 .comment       0x00000011       0x12 build-atmega644/libcore.a(vprintf.cpp.o)

.note.gnu.avr.deviceinfo
                0x00000000       0x40
 .note.gnu.avr.deviceinfo
                0x00000000       0x40 /usr/share/arduino-1.8.1/hardware/tools/avr.orig/bin/../lib/gcc/avr/4.9.2/../../../../avr/lib/avr5/crtatmega644p.o

.note.gnu.build-id
 *(.note.gnu.build-id)

.debug
 *(.debug)

.line
 *(.line)

.debug_srcinfo
 *(.debug_srcinfo)

.debug_sfnames
 *(.debug_sfnames)

.debug_aranges
 *(.debug_aranges)

.debug_pubnames
 *(.debug_pubnames)

.debug_info     0x00000000      0x6cc
 *(.debug_info .gnu.linkonce.wi.*)
 .debug_info    0x00000000      0x6cc /usr/share/arduino-1.8.1/hardware/tools/avr.orig/bin/../lib/gcc/avr/4.9.2/../../../../avr/lib/avr5/crtatmega644p.o

.debug_abbrev   0x00000000      0x66e
 *(.debug_abbrev)
 .debug_abbrev  0x00000000      0x66e /usr/share/arduino-1.8.1/hardware/tools/avr.orig/bin/../lib/gcc/avr/4.9.2/../../../../avr/lib/avr5/crtatmega644p.o

.debug_line     0x00000000       0x1a
 *(.debug_line .debug_line.* .debug_line_end)
 .debug_line    0x00000000       0x1a /usr/share/arduino-1.8.1/hardware/tools/avr.orig/bin/../lib/gcc/avr/4.9.2/../../../../avr/lib/avr5/crtatmega644p.o

.debug_frame
 *(.debug_frame)

.debug_str      0x00000000      0x252
 *(.debug_str)
 .debug_str     0x00000000      0x252 /usr/share/arduino-1.8.1/hardware/tools/avr.orig/bin/../lib/gcc/avr/4.9.2/../../../../avr/lib/avr5/crtatmega644p.o

.debug_loc
 *(.debug_loc)

.debug_macinfo
 *(.debug_macinfo)

.debug_weaknames
 *(.debug_weaknames)

.debug_funcnames
 *(.debug_funcnames)

.debug_typenames
 *(.debug_typenames)

.debug_varnames
 *(.debug_varnames)

.debug_pubtypes
 *(.debug_pubtypes)

.debug_ranges
 *(.debug_ranges)

.debug_macro
 *(.debug_macro)
OUTPUT(build-atmega644/MinimOsd_Extra.elf elf32-avr)
LOAD linker stubs

Cross Reference Table

Symbol                                            File
PWM_out_bit                                       build-atmega644/MinimOsd_Extra.ino.o
PWM_out_port                                      build-atmega644/MinimOsd_Extra.ino.o
Serial                                            build-atmega644/MinimOsd_Extra.ino.o
Spi                                               build-atmega644/Spi.cpp.o
_Z10delay_bytev                                   build-atmega644/MinimOsd_Extra.ino.o
_Z10radar_charv                                   build-atmega644/MinimOsd_Extra.ino.o
_Z10setup_sensv                                   build-atmega644/MinimOsd_Extra.ino.o
_Z10time_sincePm                                  build-atmega644/MinimOsd_Extra.ino.o
_Z11delay_telemv                                  build-atmega644/MinimOsd_Extra.ino.o
                                                  build-atmega644/OSD_Max7456.cpp.o
_Z11get_alt_num5Point                             build-atmega644/MinimOsd_Extra.ino.o
_Z11millis_plusPmj                                build-atmega644/MinimOsd_Extra.ino.o
_Z11osd_print_SPKc                                build-atmega644/MinimOsd_Extra.ino.o
_Z11setup_horizv                                  build-atmega644/MinimOsd_Extra.ino.o
_Z11writePanelsm                                  build-atmega644/MinimOsd_Extra.ino.o
_Z12generate_PWMb                                 build-atmega644/MinimOsd_Extra.ino.o
_Z12get_converthv                                 build-atmega644/MinimOsd_Extra.ino.o
_Z12get_convertsv                                 build-atmega644/MinimOsd_Extra.ino.o
_Z12grad_to_secti                                 build-atmega644/MinimOsd_Extra.ino.o
_Z12read_mavlinkv                                 build-atmega644/MinimOsd_Extra.ino.o
_Z12setFdataVarsv                                 build-atmega644/MinimOsd_Extra.ino.o
_Z12set_data_gotv                                 build-atmega644/MinimOsd_Extra.ino.o
_Z12timeToScreenv                                 build-atmega644/MinimOsd_Extra.ino.o
_Z14doScreenSwitchv                               build-atmega644/MinimOsd_Extra.ino.o
_Z14get_alt_filter5Point                          build-atmega644/MinimOsd_Extra.ino.o
_Z15eeprom_read_lenPhjj                           build-atmega644/MinimOsd_Extra.ino.o
_Z15get_switch_timeh                              build-atmega644/MinimOsd_Extra.ino.o
_Z15normalize_anglei                              build-atmega644/MinimOsd_Extra.ino.o
_Z15serial_hex_dumpPhj                            build-atmega644/MinimOsd_Extra.ino.o
_Z16eeprom_write_lenPhjj                          build-atmega644/MinimOsd_Extra.ino.o
_Z16mavlink_one_bytec                             build-atmega644/MinimOsd_Extra.ino.o
_Z16parse_osd_packetPh                            build-atmega644/MinimOsd_Extra.ino.o
_Z17mav_message_starthh                           build-atmega644/MinimOsd_Extra.ino.o
_Z17normalize_voltagei                            build-atmega644/MinimOsd_Extra.ino.o
_Z19print_eeprom_stringhPFvhE                     build-atmega644/MinimOsd_Extra.ino.o
_Z21mavlink_return_packethhh                      build-atmega644/MinimOsd_Extra.ino.o
_Z21request_mavlink_ratesv                        build-atmega644/MinimOsd_Extra.ino.o
_Z4logov                                          build-atmega644/MinimOsd_Extra.ino.o
_Z5renewv                                         build-atmega644/MinimOsd_Extra.ino.o
_Z6On20msv                                        build-atmega644/MinimOsd_Extra.ino.o
_Z6filterRff                                      build-atmega644/MinimOsd_Extra.ino.o
_Z6filterRffh                                     build-atmega644/MinimOsd_Extra.ino.o
_Z6uidiffjj                                       build-atmega644/MinimOsd_Extra.ino.o
_Z7On100msv                                       build-atmega644/MinimOsd_Extra.ino.o
_Z7avgRSSIj                                       build-atmega644/MinimOsd_Extra.ino.o
_Z8MAX_modeh                                      build-atmega644/OSD_Max7456.cpp.o
_Z8MAX_readh                                      build-atmega644/MinimOsd_Extra.ino.o
                                                  build-atmega644/OSD_Max7456.cpp.o
_Z8calc_maxRff                                    build-atmega644/MinimOsd_Extra.ino.o
_Z8delay_15v                                      build-atmega644/OSD_Max7456.cpp.o
_Z8gps_normRfl                                    build-atmega644/MinimOsd_Extra.ino.o
_Z8setupUSBv                                      build-atmega644/libcore.a(main.cpp.o)
_Z9MAX_writehh                                    build-atmega644/MinimOsd_Extra.ino.o
                                                  build-atmega644/OSD_Max7456.cpp.o
_Z9delay_150v                                     build-atmega644/MinimOsd_Extra.ino.o
                                                  build-atmega644/OSD_Max7456.cpp.o
_Z9f_div1000f                                     build-atmega644/MinimOsd_Extra.ino.o
_Z9float_addRff                                   build-atmega644/MinimOsd_Extra.ino.o
_Z9heartBeatv                                     build-atmega644/MinimOsd_Extra.ino.o
_Z9long_diffPmS_                                  build-atmega644/MinimOsd_Extra.ino.o
_Z9long_plusPmj                                   build-atmega644/MinimOsd_Extra.ino.o
_Z9readPanelh                                     build-atmega644/MinimOsd_Extra.ino.o
_ZN12BetterStream6printfEPKcz                     build-atmega644/libcore.a(BetterStream.cpp.o)
                                                  build-atmega644/MinimOsd_Extra.ino.o
_ZN12BetterStream7print_PEPK11prog_char_t         build-atmega644/libcore.a(BetterStream.cpp.o)
_ZN12BetterStream7print_PEPKc                     build-atmega644/libcore.a(BetterStream.cpp.o)
                                                  build-atmega644/MinimOsd_Extra.ino.o
_ZN12BetterStream8_vprintfEhPKcPv                 build-atmega644/libcore.a(vprintf.cpp.o)
                                                  build-atmega644/libcore.a(BetterStream.cpp.o)
_ZN12BetterStream9_printf_PEPKcz                  build-atmega644/libcore.a(BetterStream.cpp.o)
                                                  build-atmega644/MinimOsd_Extra.ino.o
_ZN12BetterStream9println_PEPK11prog_char_t       build-atmega644/libcore.a(BetterStream.cpp.o)
_ZN12BetterStream9println_PEPKc                   build-atmega644/libcore.a(BetterStream.cpp.o)
                                                  build-atmega644/MinimOsd_Extra.ino.o
_ZN12SingleSerial11available_SEv                  build-atmega644/libcore.a(SingleSerial.cpp.o)
                                                  build-atmega644/MinimOsd_Extra.ino.o
_ZN12SingleSerial3endEv                           build-atmega644/libcore.a(SingleSerial.cpp.o)
                                                  build-atmega644/MinimOsd_Extra.ino.o
_ZN12SingleSerial4peekEv                          build-atmega644/libcore.a(SingleSerial.cpp.o)
_ZN12SingleSerial4readEv                          build-atmega644/libcore.a(SingleSerial.cpp.o)
_ZN12SingleSerial4waitEv                          build-atmega644/libcore.a(SingleSerial.cpp.o)
_ZN12SingleSerial5beginEm                         build-atmega644/libcore.a(SingleSerial.cpp.o)
                                                  build-atmega644/MinimOsd_Extra.ino.o
_ZN12SingleSerial5beginEmh                        build-atmega644/libcore.a(SingleSerial.cpp.o)
_ZN12SingleSerial5flushEv                         build-atmega644/libcore.a(SingleSerial.cpp.o)
                                                  build-atmega644/MinimOsd_Extra.ino.o
_ZN12SingleSerial5writeEh                         build-atmega644/libcore.a(SingleSerial.cpp.o)
_ZN12SingleSerial6read_SEv                        build-atmega644/libcore.a(SingleSerial.cpp.o)
                                                  build-atmega644/MinimOsd_Extra.ino.o
_ZN12SingleSerial7write_SEh                       build-atmega644/libcore.a(SingleSerial.cpp.o)
                                                  build-atmega644/MinimOsd_Extra.ino.o
_ZN12SingleSerial8_rxBytesE                       build-atmega644/libcore.a(SingleSerial.cpp.o)
                                                  build-atmega644/MinimOsd_Extra.ino.o
_ZN12SingleSerial8_txBytesE                       build-atmega644/libcore.a(SingleSerial.cpp.o)
                                                  build-atmega644/MinimOsd_Extra.ino.o
_ZN12SingleSerial9_rxBufferE                      build-atmega644/libcore.a(SingleSerial.cpp.o)
                                                  build-atmega644/MinimOsd_Extra.ino.o
_ZN12SingleSerial9_txBufferE                      build-atmega644/libcore.a(SingleSerial.cpp.o)
                                                  build-atmega644/MinimOsd_Extra.ino.o
_ZN12SingleSerial9availableEv                     build-atmega644/libcore.a(SingleSerial.cpp.o)
_ZN12SingleSerialC1Ev                             build-atmega644/libcore.a(SingleSerial.cpp.o)
                                                  build-atmega644/MinimOsd_Extra.ino.o
_ZN12SingleSerialC2Ev                             build-atmega644/libcore.a(SingleSerial.cpp.o)
_ZN3OSD10detectModeEv                             build-atmega644/OSD_Max7456.cpp.o
                                                  build-atmega644/MinimOsd_Extra.ino.o
_ZN3OSD10video_modeE                              build-atmega644/OSD_Max7456.cpp.o
                                                  build-atmega644/MinimOsd_Extra.ino.o
_ZN3OSD13setBrightnessEv                          build-atmega644/OSD_Max7456.cpp.o
_ZN3OSD3colE                                      build-atmega644/OSD_Max7456.cpp.o
_ZN3OSD3rowE                                      build-atmega644/OSD_Max7456.cpp.o
_ZN3OSD4initEv                                    build-atmega644/OSD_Max7456.cpp.o
                                                  build-atmega644/MinimOsd_Extra.ino.o
_ZN3OSD4peekEv                                    build-atmega644/OSD_Max7456.cpp.o
_ZN3OSD4readEv                                    build-atmega644/OSD_Max7456.cpp.o
_ZN3OSD5flushEv                                   build-atmega644/OSD_Max7456.cpp.o
_ZN3OSD5resetEv                                   build-atmega644/OSD_Max7456.cpp.o
                                                  build-atmega644/MinimOsd_Extra.ino.o
_ZN3OSD5writeEh                                   build-atmega644/OSD_Max7456.cpp.o
_ZN3OSD6adjustEv                                  build-atmega644/OSD_Max7456.cpp.o
                                                  build-atmega644/MinimOsd_Extra.ino.o
_ZN3OSD6bufposE                                   build-atmega644/OSD_Max7456.cpp.o
_ZN3OSD6osdbufE                                   build-atmega644/OSD_Max7456.cpp.o
_ZN3OSD6updateEv                                  build-atmega644/OSD_Max7456.cpp.o
                                                  build-atmega644/MinimOsd_Extra.ino.o
_ZN3OSD7hw_initEv                                 build-atmega644/OSD_Max7456.cpp.o
_ZN3OSD7setModeEh                                 build-atmega644/OSD_Max7456.cpp.o
_ZN3OSD7write_SEh                                 build-atmega644/OSD_Max7456.cpp.o
                                                  build-atmega644/MinimOsd_Extra.ino.o
_ZN3OSD8calc_posEv                                build-atmega644/OSD_Max7456.cpp.o
_ZN3OSD8relPanelEhh                               build-atmega644/OSD_Max7456.cpp.o
                                                  build-atmega644/MinimOsd_Extra.ino.o
_ZN3OSD8setPanelEhh                               build-atmega644/OSD_Max7456.cpp.o
                                                  build-atmega644/MinimOsd_Extra.ino.o
_ZN3OSD8write_xyEhhh                              build-atmega644/OSD_Max7456.cpp.o
                                                  build-atmega644/MinimOsd_Extra.ino.o
_ZN3OSD9availableEv                               build-atmega644/OSD_Max7456.cpp.o
_ZN3OSD9write_NVMEjPh                             build-atmega644/OSD_Max7456.cpp.o
                                                  build-atmega644/MinimOsd_Extra.ino.o
_ZN3OSD9write_rawEh                               build-atmega644/OSD_Max7456.cpp.o
_ZN3OSDC1Ev                                       build-atmega644/OSD_Max7456.cpp.o
                                                  build-atmega644/MinimOsd_Extra.ino.o
_ZN3OSDC2Ev                                       build-atmega644/OSD_Max7456.cpp.o
_ZN3SPI4modeEh                                    build-atmega644/Spi.cpp.o
_ZN3SPI8transferEhh                               build-atmega644/Spi.cpp.o
_ZN3SPIC1Ev                                       build-atmega644/Spi.cpp.o
_ZN3SPIC2Ev                                       build-atmega644/Spi.cpp.o
_ZN5Print10printFloatEdh                          build-atmega644/libcore.a(Print.cpp.o)
_ZN5Print11printNumberEmh                         build-atmega644/libcore.a(Print.cpp.o)
_ZN5Print5printEPK19__FlashStringHelper           build-atmega644/libcore.a(Print.cpp.o)
_ZN5Print5printEPKc                               build-atmega644/libcore.a(Print.cpp.o)
                                                  build-atmega644/MinimOsd_Extra.ino.o
_ZN5Print5printERK6String                         build-atmega644/libcore.a(Print.cpp.o)
_ZN5Print5printERK9Printable                      build-atmega644/libcore.a(Print.cpp.o)
_ZN5Print5printEc                                 build-atmega644/libcore.a(Print.cpp.o)
_ZN5Print5printEdi                                build-atmega644/libcore.a(Print.cpp.o)
_ZN5Print5printEhi                                build-atmega644/libcore.a(Print.cpp.o)
_ZN5Print5printEii                                build-atmega644/libcore.a(Print.cpp.o)
                                                  build-atmega644/MinimOsd_Extra.ino.o
_ZN5Print5printEji                                build-atmega644/libcore.a(Print.cpp.o)
                                                  build-atmega644/MinimOsd_Extra.ino.o
_ZN5Print5printEli                                build-atmega644/libcore.a(Print.cpp.o)
_ZN5Print5printEmi                                build-atmega644/libcore.a(Print.cpp.o)
                                                  build-atmega644/MinimOsd_Extra.ino.o
_ZN5Print5writeEPKc                               build-atmega644/libcore.a(Print.cpp.o)
_ZN5Print5writeEPKhj                              build-atmega644/libcore.a(Print.cpp.o)
                                                  build-atmega644/libcore.a(SingleSerial.cpp.o)
                                                  build-atmega644/OSD_Max7456.cpp.o
_ZN5Print7printlnEPK19__FlashStringHelper         build-atmega644/libcore.a(Print.cpp.o)
_ZN5Print7printlnEPKc                             build-atmega644/libcore.a(Print.cpp.o)
_ZN5Print7printlnERK6String                       build-atmega644/libcore.a(Print.cpp.o)
_ZN5Print7printlnERK9Printable                    build-atmega644/libcore.a(Print.cpp.o)
_ZN5Print7printlnEc                               build-atmega644/libcore.a(Print.cpp.o)
_ZN5Print7printlnEdi                              build-atmega644/libcore.a(Print.cpp.o)
_ZN5Print7printlnEhi                              build-atmega644/libcore.a(Print.cpp.o)
_ZN5Print7printlnEii                              build-atmega644/libcore.a(Print.cpp.o)
_ZN5Print7printlnEji                              build-atmega644/libcore.a(Print.cpp.o)
_ZN5Print7printlnEli                              build-atmega644/libcore.a(Print.cpp.o)
_ZN5Print7printlnEmi                              build-atmega644/libcore.a(Print.cpp.o)
_ZN5Print7printlnEv                               build-atmega644/libcore.a(Print.cpp.o)
                                                  build-atmega644/libcore.a(BetterStream.cpp.o)
_ZN8MyStream6_writeEh                             build-atmega644/libcore.a(BetterStream.cpp.o)
                                                  build-atmega644/libcore.a(vprintf.cpp.o)
_ZTV12SingleSerial                                build-atmega644/libcore.a(SingleSerial.cpp.o)
_ZTV3OSD                                          build-atmega644/OSD_Max7456.cpp.o
_ZTV5Print                                        build-atmega644/libcore.a(Print.cpp.o)
__FUSE_REGION_LENGTH__                            /usr/share/arduino-1.8.1/hardware/tools/avr.orig/bin/../lib/gcc/avr/4.9.2/../../../../avr/lib/avr5/crtatmega644p.o
__addsf3                                          /usr/share/arduino-1.8.1/hardware/tools/avr.orig/bin/../lib/gcc/avr/4.9.2/../../../../avr/lib/avr5/libc.a(addsf3.o)
                                                  /usr/share/arduino-1.8.1/hardware/tools/avr.orig/bin/../lib/gcc/avr/4.9.2/../../../../avr/lib/avr5/libc.a(atan2.o)
                                                  build-atmega644/libcore.a(Print.cpp.o)
                                                  build-atmega644/MinimOsd_Extra.ino.o
__addsf3x                                         /usr/share/arduino-1.8.1/hardware/tools/avr.orig/bin/../lib/gcc/avr/4.9.2/../../../../avr/lib/avr5/libc.a(addsf3x.o)
                                                  /usr/share/arduino-1.8.1/hardware/tools/avr.orig/bin/../lib/gcc/avr/4.9.2/../../../../avr/lib/avr5/libc.a(tan.o)
                                                  /usr/share/arduino-1.8.1/hardware/tools/avr.orig/bin/../lib/gcc/avr/4.9.2/../../../../avr/lib/avr5/libc.a(fp_sinus.o)
                                                  /usr/share/arduino-1.8.1/hardware/tools/avr.orig/bin/../lib/gcc/avr/4.9.2/../../../../avr/lib/avr5/libc.a(fp_powser.o)
                                                  /usr/share/arduino-1.8.1/hardware/tools/avr.orig/bin/../lib/gcc/avr/4.9.2/../../../../avr/lib/avr5/libc.a(atan.o)
                                                  /usr/share/arduino-1.8.1/hardware/tools/avr.orig/bin/../lib/gcc/avr/4.9.2/../../../../avr/lib/avr5/libc.a(addsf3.o)
__bad_interrupt                                   /usr/share/arduino-1.8.1/hardware/tools/avr.orig/bin/../lib/gcc/avr/4.9.2/../../../../avr/lib/avr5/crtatmega644p.o
__bss_end                                         /usr/share/arduino-1.8.1/hardware/tools/avr.orig/bin/../lib/gcc/avr/4.9.2/avr5/libgcc.a(_clear_bss.o)
__bss_start                                       /usr/share/arduino-1.8.1/hardware/tools/avr.orig/bin/../lib/gcc/avr/4.9.2/avr5/libgcc.a(_clear_bss.o)
__cmpsf2                                          /usr/share/arduino-1.8.1/hardware/tools/avr.orig/bin/../lib/gcc/avr/4.9.2/../../../../avr/lib/avr5/libc.a(cmpsf2.o)
__ctors_end                                       /usr/share/arduino-1.8.1/hardware/tools/avr.orig/bin/../lib/gcc/avr/4.9.2/avr5/libgcc.a(_ctors.o)
__ctors_start                                     /usr/share/arduino-1.8.1/hardware/tools/avr.orig/bin/../lib/gcc/avr/4.9.2/avr5/libgcc.a(_ctors.o)
__cxa_deleted_virtual                             build-atmega644/libcore.a(abi.cpp.o)
__cxa_pure_virtual                                build-atmega644/libcore.a(abi.cpp.o)
                                                  build-atmega644/libcore.a(Print.cpp.o)
__data_end                                        /usr/share/arduino-1.8.1/hardware/tools/avr.orig/bin/../lib/gcc/avr/4.9.2/avr5/libgcc.a(_copy_data.o)
__data_load_start                                 /usr/share/arduino-1.8.1/hardware/tools/avr.orig/bin/../lib/gcc/avr/4.9.2/avr5/libgcc.a(_copy_data.o)
__data_start                                      /usr/share/arduino-1.8.1/hardware/tools/avr.orig/bin/../lib/gcc/avr/4.9.2/avr5/libgcc.a(_copy_data.o)
__divmodhi4                                       /usr/share/arduino-1.8.1/hardware/tools/avr.orig/bin/../lib/gcc/avr/4.9.2/avr5/libgcc.a(_divmodhi4.o)
                                                  build-atmega644/MinimOsd_Extra.ino.o
__divmodqi4                                       /usr/share/arduino-1.8.1/hardware/tools/avr.orig/bin/../lib/gcc/avr/4.9.2/avr5/libgcc.a(_divmodqi4.o)
                                                  build-atmega644/MinimOsd_Extra.ino.o
__divmodsi4                                       /usr/share/arduino-1.8.1/hardware/tools/avr.orig/bin/../lib/gcc/avr/4.9.2/avr5/libgcc.a(_divmodsi4.o)
                                                  build-atmega644/MinimOsd_Extra.ino.o
__divsf3                                          /usr/share/arduino-1.8.1/hardware/tools/avr.orig/bin/../lib/gcc/avr/4.9.2/../../../../avr/lib/avr5/libc.a(divsf3.o)
                                                  /usr/share/arduino-1.8.1/hardware/tools/avr.orig/bin/../lib/gcc/avr/4.9.2/../../../../avr/lib/avr5/libc.a(inverse.o)
                                                  build-atmega644/MinimOsd_Extra.ino.o
__divsf3_pse                                      /usr/share/arduino-1.8.1/hardware/tools/avr.orig/bin/../lib/gcc/avr/4.9.2/../../../../avr/lib/avr5/libc.a(divsf3x.o)
                                                  /usr/share/arduino-1.8.1/hardware/tools/avr.orig/bin/../lib/gcc/avr/4.9.2/../../../../avr/lib/avr5/libc.a(atan2.o)
__divsf3x                                         /usr/share/arduino-1.8.1/hardware/tools/avr.orig/bin/../lib/gcc/avr/4.9.2/../../../../avr/lib/avr5/libc.a(divsf3x.o)
                                                  /usr/share/arduino-1.8.1/hardware/tools/avr.orig/bin/../lib/gcc/avr/4.9.2/../../../../avr/lib/avr5/libc.a(divsf3.o)
__do_clear_bss                                    /usr/share/arduino-1.8.1/hardware/tools/avr.orig/bin/../lib/gcc/avr/4.9.2/avr5/libgcc.a(_clear_bss.o)
                                                  build-atmega644/libcore.a(SingleSerial.cpp.o)
                                                  build-atmega644/libcore.a(wiring.c.o)
                                                  build-atmega644/MinimOsd_Extra.ino.o
                                                  build-atmega644/Spi.cpp.o
                                                  build-atmega644/OSD_Max7456.cpp.o
__do_copy_data                                    /usr/share/arduino-1.8.1/hardware/tools/avr.orig/bin/../lib/gcc/avr/4.9.2/avr5/libgcc.a(_copy_data.o)
                                                  build-atmega644/libcore.a(SingleSerial.cpp.o)
                                                  build-atmega644/libcore.a(Print.cpp.o)
                                                  build-atmega644/libcore.a(wiring_analog.c.o)
                                                  build-atmega644/MinimOsd_Extra.ino.o
                                                  build-atmega644/OSD_Max7456.cpp.o
__do_global_ctors                                 /usr/share/arduino-1.8.1/hardware/tools/avr.orig/bin/../lib/gcc/avr/4.9.2/avr5/libgcc.a(_ctors.o)
                                                  build-atmega644/MinimOsd_Extra.ino.o
                                                  build-atmega644/Spi.cpp.o
__epilogue_restores__                             /usr/share/arduino-1.8.1/hardware/tools/avr.orig/bin/../lib/gcc/avr/4.9.2/avr5/libgcc.a(_epilogue.o)
                                                  build-atmega644/libcore.a(vprintf.cpp.o)
                                                  build-atmega644/libcore.a(BetterStream.cpp.o)
                                                  build-atmega644/libcore.a(Print.cpp.o)
                                                  build-atmega644/libcore.a(wiring_pulse.c.o)
                                                  build-atmega644/MinimOsd_Extra.ino.o
                                                  build-atmega644/Spi.cpp.o
__eqsf2                                           /usr/share/arduino-1.8.1/hardware/tools/avr.orig/bin/../lib/gcc/avr/4.9.2/../../../../avr/lib/avr5/libc.a(cmpsf2.o)
                                                  build-atmega644/MinimOsd_Extra.ino.o
__fixsfsi                                         /usr/share/arduino-1.8.1/hardware/tools/avr.orig/bin/../lib/gcc/avr/4.9.2/../../../../avr/lib/avr5/libc.a(fixsfsi.o)
                                                  build-atmega644/MinimOsd_Extra.ino.o
__fixunssfsi                                      /usr/share/arduino-1.8.1/hardware/tools/avr.orig/bin/../lib/gcc/avr/4.9.2/../../../../avr/lib/avr5/libc.a(fixunssfsi.o)
                                                  /usr/share/arduino-1.8.1/hardware/tools/avr.orig/bin/../lib/gcc/avr/4.9.2/../../../../avr/lib/avr5/libc.a(fixsfsi.o)
                                                  build-atmega644/libcore.a(Print.cpp.o)
                                                  build-atmega644/MinimOsd_Extra.ino.o
__floatsisf                                       /usr/share/arduino-1.8.1/hardware/tools/avr.orig/bin/../lib/gcc/avr/4.9.2/../../../../avr/lib/avr5/libc.a(floatsisf.o)
                                                  build-atmega644/MinimOsd_Extra.ino.o
__floatunsisf                                     /usr/share/arduino-1.8.1/hardware/tools/avr.orig/bin/../lib/gcc/avr/4.9.2/../../../../avr/lib/avr5/libc.a(floatsisf.o)
                                                  build-atmega644/libcore.a(Print.cpp.o)
                                                  build-atmega644/MinimOsd_Extra.ino.o
__fp_cmp                                          /usr/share/arduino-1.8.1/hardware/tools/avr.orig/bin/../lib/gcc/avr/4.9.2/../../../../avr/lib/avr5/libc.a(fp_cmp.o)
                                                  /usr/share/arduino-1.8.1/hardware/tools/avr.orig/bin/../lib/gcc/avr/4.9.2/../../../../avr/lib/avr5/libc.a(gesf2.o)
                                                  /usr/share/arduino-1.8.1/hardware/tools/avr.orig/bin/../lib/gcc/avr/4.9.2/../../../../avr/lib/avr5/libc.a(cmpsf2.o)
__fp_inf                                          /usr/share/arduino-1.8.1/hardware/tools/avr.orig/bin/../lib/gcc/avr/4.9.2/../../../../avr/lib/avr5/libc.a(fp_inf.o)
                                                  /usr/share/arduino-1.8.1/hardware/tools/avr.orig/bin/../lib/gcc/avr/4.9.2/../../../../avr/lib/avr5/libc.a(mulsf3x.o)
                                                  /usr/share/arduino-1.8.1/hardware/tools/avr.orig/bin/../lib/gcc/avr/4.9.2/../../../../avr/lib/avr5/libc.a(divsf3x.o)
                                                  /usr/share/arduino-1.8.1/hardware/tools/avr.orig/bin/../lib/gcc/avr/4.9.2/../../../../avr/lib/avr5/libc.a(addsf3x.o)
__fp_mpack                                        /usr/share/arduino-1.8.1/hardware/tools/avr.orig/bin/../lib/gcc/avr/4.9.2/../../../../avr/lib/avr5/libc.a(fp_mpack.o)
                                                  /usr/share/arduino-1.8.1/hardware/tools/avr.orig/bin/../lib/gcc/avr/4.9.2/../../../../avr/lib/avr5/libc.a(sqrt.o)
__fp_mpack_finite                                 /usr/share/arduino-1.8.1/hardware/tools/avr.orig/bin/../lib/gcc/avr/4.9.2/../../../../avr/lib/avr5/libc.a(fp_mpack.o)
                                                  /usr/share/arduino-1.8.1/hardware/tools/avr.orig/bin/../lib/gcc/avr/4.9.2/../../../../avr/lib/avr5/libc.a(fp_rempio2.o)
__fp_nan                                          /usr/share/arduino-1.8.1/hardware/tools/avr.orig/bin/../lib/gcc/avr/4.9.2/../../../../avr/lib/avr5/libc.a(fp_nan.o)